-------------------------------------------------------------------------
Thu Aug 15 2024 11:25:11 GMT-0300 (Horário Padrão de Brasília)
Usuário: 13326574860
POST
/valida/api
-------------------------------------------------------------------------
Thu Aug 15 2024 11:25:11 GMT-0300 (Horário Padrão de Brasília)
Conectado ao Banco de Dados CEJUSC.
-------------------------------------------------------------------------
Thu Aug 15 2024 11:25:11 GMT-0300 (Horário Padrão de Brasília)
Renato Ferreira >>>LOGOU
Banco de Dados CEJUSC fechado.
-------------------------------------------------------------------------
Thu Aug 15 2024 11:25:11 GMT-0300 (Horário Padrão de Brasília)
-------------------------------------------------------------------------
Thu Aug 15 2024 11:25:11 GMT-0300 (Horário Padrão de Brasília)
GET
/principal/13326574860.erwoyqysdxgejoue.presenca
POST
-------------------------------------------------------------------------
Thu Aug 15 2024 11:25:16 GMT-0300 (Horário Padrão de Brasília)
/presenca/processo
-------------------------------------------------------------------------
Thu Aug 15 2024 11:25:16 GMT-0300 (Horário Padrão de Brasília)
Conectado ao Banco de Dados CEJUSC.
-------------------------------------------------------------------------
Thu Aug 15 2024 11:25:16 GMT-0300 (Horário Padrão de Brasília)
Uma linha FOI encontrada. Processo: 0002949-21.2022
-------------------------------------------------------------------------
Thu Aug 15 2024 11:25:16 GMT-0300 (Horário Padrão de Brasília)
Banco de Dados CEJUSC fechado.
-------------------------------------------------------------------------
Thu Aug 15 2024 11:26:09 GMT-0300 (Horário Padrão de Brasília)
POST
/presenca/check
-------------------------------------------------------------------------
Thu Aug 15 2024 11:26:09 GMT-0300 (Horário Padrão de Brasília)
Conectado ao Banco de Dados CEJUSC.
-------------------------------------------------------------------------
Thu Aug 15 2024 11:26:09 GMT-0300 (Horário Padrão de Brasília)
POST
/presenca/processo
-------------------------------------------------------------------------
Thu Aug 15 2024 11:26:09 GMT-0300 (Horário Padrão de Brasília)
Conectado ao Banco de Dados CEJUSC.
-------------------------------------------------------------------------
Thu Aug 15 2024 11:26:11 GMT-0300 (Horário Padrão de Brasília)
Uma linha foi atualizada. UPDATE: 1
-------------------------------------------------------------------------
Thu Aug 15 2024 11:26:11 GMT-0300 (Horário Padrão de Brasília)
Banco de Dados CEJUSC fechado.
-------------------------------------------------------------------------
Thu Aug 15 2024 11:26:11 GMT-0300 (Horário Padrão de Brasília)
Uma linha FOI encontrada. Processo: 0002949-21.2022
-------------------------------------------------------------------------
Thu Aug 15 2024 11:26:11 GMT-0300 (Horário Padrão de Brasília)
Banco de Dados CEJUSC fechado.
-------------------------------------------------------------------------
Thu Aug 15 2024 11:44:04 GMT-0300 (Horário Padrão de Brasília)
GET
/logout/13326574860
Usuário 13326574860 DESLOGOU >>>
GET
-------------------------------------------------------------------------
Thu Aug 15 2024 11:44:04 GMT-0300 (Horário Padrão de Brasília)
/
-------------------------------------------------------------------------
Thu Aug 15 2024 11:44:21 GMT-0300 (Horário Padrão de Brasília)
POST
/valida/api
Usuário: 13326574860
-------------------------------------------------------------------------
Thu Aug 15 2024 11:44:21 GMT-0300 (Horário Padrão de Brasília)
Conectado ao Banco de Dados CEJUSC.
-------------------------------------------------------------------------
Thu Aug 15 2024 11:44:21 GMT-0300 (Horário Padrão de Brasília)
Renato Ferreira >>>LOGOU
-------------------------------------------------------------------------
Thu Aug 15 2024 11:44:21 GMT-0300 (Horário Padrão de Brasília)
Banco de Dados CEJUSC fechado.
-------------------------------------------------------------------------
Thu Aug 15 2024 11:44:21 GMT-0300 (Horário Padrão de Brasília)
GET
/principal/13326574860.foleaqwtotkalzgw.presenca
-------------------------------------------------------------------------
Thu Aug 15 2024 11:44:26 GMT-0300 (Horário Padrão de Brasília)
POST
/presenca/processo
-------------------------------------------------------------------------
Thu Aug 15 2024 11:44:26 GMT-0300 (Horário Padrão de Brasília)
Conectado ao Banco de Dados CEJUSC.
Uma linha FOI encontrada. Processo: 0002949-21.2022
-------------------------------------------------------------------------
Thu Aug 15 2024 11:44:26 GMT-0300 (Horário Padrão de Brasília)
Banco de Dados CEJUSC fechado.
-------------------------------------------------------------------------
Thu Aug 15 2024 11:44:26 GMT-0300 (Horário Padrão de Brasília)
-------------------------------------------------------------------------
Thu Aug 15 2024 11:49:35 GMT-0300 (Horário Padrão de Brasília)
GET
/principal/13326574860.foleaqwtotkalzgw.completas
-------------------------------------------------------------------------
Thu Aug 15 2024 11:49:35 GMT-0300 (Horário Padrão de Brasília)
/principal/13326574860.foleaqwtotkalzgw.presenca
GET
-------------------------------------------------------------------------
Thu Aug 15 2024 11:49:40 GMT-0300 (Horário Padrão de Brasília)
POST
/presenca/processo
-------------------------------------------------------------------------
Thu Aug 15 2024 11:49:40 GMT-0300 (Horário Padrão de Brasília)
Conectado ao Banco de Dados CEJUSC.
Uma linha FOI encontrada. Processo: 0002949-21.2022
-------------------------------------------------------------------------
Thu Aug 15 2024 11:49:40 GMT-0300 (Horário Padrão de Brasília)
Banco de Dados CEJUSC fechado.
-------------------------------------------------------------------------
Thu Aug 15 2024 11:49:40 GMT-0300 (Horário Padrão de Brasília)
-------------------------------------------------------------------------
Thu Aug 15 2024 11:51:27 GMT-0300 (Horário Padrão de Brasília)
GET
/principal/13326574860.foleaqwtotkalzgw.completas
-------------------------------------------------------------------------
Thu Aug 15 2024 11:51:28 GMT-0300 (Horário Padrão de Brasília)
/principal/13326574860.foleaqwtotkalzgw.presenca
GET
-------------------------------------------------------------------------
Thu Aug 15 2024 11:51:33 GMT-0300 (Horário Padrão de Brasília)
/presenca/processo
POST
-------------------------------------------------------------------------
Thu Aug 15 2024 11:51:33 GMT-0300 (Horário Padrão de Brasília)
Conectado ao Banco de Dados CEJUSC.
-------------------------------------------------------------------------
Thu Aug 15 2024 11:51:33 GMT-0300 (Horário Padrão de Brasília)
Uma linha FOI encontrada. Processo: 0002949-21.2022
-------------------------------------------------------------------------
Thu Aug 15 2024 11:51:33 GMT-0300 (Horário Padrão de Brasília)
Banco de Dados CEJUSC fechado.
-------------------------------------------------------------------------
Thu Aug 15 2024 11:54:05 GMT-0300 (Horário Padrão de Brasília)
GET
/principal/13326574860.foleaqwtotkalzgw.conciliador
-------------------------------------------------------------------------
Thu Aug 15 2024 11:54:06 GMT-0300 (Horário Padrão de Brasília)
GET
/principal/13326574860.foleaqwtotkalzgw.presenca
-------------------------------------------------------------------------
Thu Aug 15 2024 11:54:10 GMT-0300 (Horário Padrão de Brasília)
/presenca/processo
POST
-------------------------------------------------------------------------
Thu Aug 15 2024 11:54:10 GMT-0300 (Horário Padrão de Brasília)
Conectado ao Banco de Dados CEJUSC.
-------------------------------------------------------------------------
Thu Aug 15 2024 11:54:10 GMT-0300 (Horário Padrão de Brasília)
Uma linha FOI encontrada. Processo: 0002949-21.2022
-------------------------------------------------------------------------
Thu Aug 15 2024 11:54:10 GMT-0300 (Horário Padrão de Brasília)
Banco de Dados CEJUSC fechado.
GET
/logout/13326574860
Usuário 13326574860 DESLOGOU >>>
-------------------------------------------------------------------------
Thu Aug 15 2024 12:42:01 GMT-0300 (Horário Padrão de Brasília)
-------------------------------------------------------------------------
Thu Aug 15 2024 12:42:01 GMT-0300 (Horário Padrão de Brasília)
GET
/
-------------------------------------------------------------------------
Thu Aug 15 2024 12:42:25 GMT-0300 (Horário Padrão de Brasília)
Usuário: 13326574860
POST
/valida/api
-------------------------------------------------------------------------
Thu Aug 15 2024 12:42:25 GMT-0300 (Horário Padrão de Brasília)
Conectado ao Banco de Dados CEJUSC.
-------------------------------------------------------------------------
Thu Aug 15 2024 12:42:25 GMT-0300 (Horário Padrão de Brasília)
Renato Ferreira >>>LOGOU
-------------------------------------------------------------------------
Thu Aug 15 2024 12:42:25 GMT-0300 (Horário Padrão de Brasília)
Banco de Dados CEJUSC fechado.
-------------------------------------------------------------------------
Thu Aug 15 2024 12:42:25 GMT-0300 (Horário Padrão de Brasília)
GET
/principal/13326574860.bsfmturnejzuphxo.presenca
-------------------------------------------------------------------------
Thu Aug 15 2024 12:42:31 GMT-0300 (Horário Padrão de Brasília)
POST
/presenca/processo
Conectado ao Banco de Dados CEJUSC.
-------------------------------------------------------------------------
Thu Aug 15 2024 12:42:31 GMT-0300 (Horário Padrão de Brasília)
-------------------------------------------------------------------------
Thu Aug 15 2024 12:42:31 GMT-0300 (Horário Padrão de Brasília)
Uma linha FOI encontrada. Processo: 0002949-21.2022
-------------------------------------------------------------------------
Thu Aug 15 2024 12:42:31 GMT-0300 (Horário Padrão de Brasília)
Banco de Dados CEJUSC fechado.
-------------------------------------------------------------------------
Thu Aug 15 2024 12:42:35 GMT-0300 (Horário Padrão de Brasília)
/presenca/check/completa
POST
-------------------------------------------------------------------------
Thu Aug 15 2024 12:42:35 GMT-0300 (Horário Padrão de Brasília)
Conectado ao Banco de Dados CEJUSC.
/presenca/processo
-------------------------------------------------------------------------
Thu Aug 15 2024 12:42:35 GMT-0300 (Horário Padrão de Brasília)
POST
Conectado ao Banco de Dados CEJUSC.
-------------------------------------------------------------------------
Thu Aug 15 2024 12:42:35 GMT-0300 (Horário Padrão de Brasília)
-------------------------------------------------------------------------
Thu Aug 15 2024 12:42:35 GMT-0300 (Horário Padrão de Brasília)
Uma linha foi atualizada. UPDATE: 1
-------------------------------------------------------------------------
Thu Aug 15 2024 12:42:35 GMT-0300 (Horário Padrão de Brasília)
Banco de Dados CEJUSC fechado.
-------------------------------------------------------------------------
Thu Aug 15 2024 12:42:35 GMT-0300 (Horário Padrão de Brasília)
Uma linha FOI encontrada. Processo: 0002949-21.2022
-------------------------------------------------------------------------
Thu Aug 15 2024 12:42:35 GMT-0300 (Horário Padrão de Brasília)
Banco de Dados CEJUSC fechado.
-------------------------------------------------------------------------
Thu Aug 15 2024 12:45:49 GMT-0300 (Horário Padrão de Brasília)
Usuário 13326574860 DESLOGOU >>>
GET
/logout/13326574860
-------------------------------------------------------------------------
Thu Aug 15 2024 12:45:49 GMT-0300 (Horário Padrão de Brasília)
GET
/
-------------------------------------------------------------------------
Thu Aug 15 2024 12:46:07 GMT-0300 (Horário Padrão de Brasília)
POST
Usuário: 13326574860
/valida/api
-------------------------------------------------------------------------
Thu Aug 15 2024 12:46:07 GMT-0300 (Horário Padrão de Brasília)
Conectado ao Banco de Dados CEJUSC.
-------------------------------------------------------------------------
Thu Aug 15 2024 12:46:07 GMT-0300 (Horário Padrão de Brasília)
Renato Ferreira >>>LOGOU
-------------------------------------------------------------------------
Thu Aug 15 2024 12:46:07 GMT-0300 (Horário Padrão de Brasília)
Banco de Dados CEJUSC fechado.
GET
/principal/13326574860.wnemlumvgiiwsenz.presenca
-------------------------------------------------------------------------
Thu Aug 15 2024 12:46:07 GMT-0300 (Horário Padrão de Brasília)
-------------------------------------------------------------------------
Thu Aug 15 2024 12:46:12 GMT-0300 (Horário Padrão de Brasília)
POST
/presenca/processo
-------------------------------------------------------------------------
Thu Aug 15 2024 12:46:12 GMT-0300 (Horário Padrão de Brasília)
Conectado ao Banco de Dados CEJUSC.
-------------------------------------------------------------------------
Thu Aug 15 2024 12:46:12 GMT-0300 (Horário Padrão de Brasília)
Uma linha FOI encontrada. Processo: 0002949-21.2022
-------------------------------------------------------------------------
Thu Aug 15 2024 12:46:12 GMT-0300 (Horário Padrão de Brasília)
Banco de Dados CEJUSC fechado.
-------------------------------------------------------------------------
Thu Aug 15 2024 12:46:16 GMT-0300 (Horário Padrão de Brasília)
/presenca/check/completa
POST
-------------------------------------------------------------------------
Thu Aug 15 2024 12:46:16 GMT-0300 (Horário Padrão de Brasília)
Conectado ao Banco de Dados CEJUSC.
/presenca/processo
-------------------------------------------------------------------------
Thu Aug 15 2024 12:46:16 GMT-0300 (Horário Padrão de Brasília)
POST
-------------------------------------------------------------------------
Thu Aug 15 2024 12:46:16 GMT-0300 (Horário Padrão de Brasília)
Conectado ao Banco de Dados CEJUSC.
-------------------------------------------------------------------------
Thu Aug 15 2024 12:46:16 GMT-0300 (Horário Padrão de Brasília)
Uma linha foi atualizada. UPDATE: 1
-------------------------------------------------------------------------
Thu Aug 15 2024 12:46:16 GMT-0300 (Horário Padrão de Brasília)
Banco de Dados CEJUSC fechado.
-------------------------------------------------------------------------
Thu Aug 15 2024 12:46:16 GMT-0300 (Horário Padrão de Brasília)
Uma linha FOI encontrada. Processo: 0002949-21.2022
-------------------------------------------------------------------------
Thu Aug 15 2024 12:46:16 GMT-0300 (Horário Padrão de Brasília)
Banco de Dados CEJUSC fechado.
-------------------------------------------------------------------------
Thu Aug 15 2024 13:29:34 GMT-0300 (Horário Padrão de Brasília)
GET
/logout/13326574860
Usuário 13326574860 DESLOGOU >>>
-------------------------------------------------------------------------
Thu Aug 15 2024 13:29:34 GMT-0300 (Horário Padrão de Brasília)
GET
/
/valida/api
POST
Usuário: 13326574860
-------------------------------------------------------------------------
Thu Aug 15 2024 13:33:29 GMT-0300 (Horário Padrão de Brasília)
-------------------------------------------------------------------------
Thu Aug 15 2024 13:33:29 GMT-0300 (Horário Padrão de Brasília)
Conectado ao Banco de Dados CEJUSC.
-------------------------------------------------------------------------
Thu Aug 15 2024 13:33:29 GMT-0300 (Horário Padrão de Brasília)
Renato Ferreira >>>LOGOU
-------------------------------------------------------------------------
Thu Aug 15 2024 13:33:29 GMT-0300 (Horário Padrão de Brasília)
Banco de Dados CEJUSC fechado.
-------------------------------------------------------------------------
Thu Aug 15 2024 13:33:29 GMT-0300 (Horário Padrão de Brasília)
/principal/13326574860.dqprjqfircglbfxy.presenca
GET
-------------------------------------------------------------------------
Thu Aug 15 2024 13:33:34 GMT-0300 (Horário Padrão de Brasília)
-------------------------------------------------------------------------
Thu Aug 15 2024 13:33:34 GMT-0300 (Horário Padrão de Brasília)
POST
/presenca/processo
Conectado ao Banco de Dados CEJUSC.
-------------------------------------------------------------------------
Thu Aug 15 2024 13:33:34 GMT-0300 (Horário Padrão de Brasília)
Uma linha FOI encontrada. Processo: 0002949-21.2022
-------------------------------------------------------------------------
Thu Aug 15 2024 13:33:34 GMT-0300 (Horário Padrão de Brasília)
Banco de Dados CEJUSC fechado.
-------------------------------------------------------------------------
Thu Aug 15 2024 13:33:41 GMT-0300 (Horário Padrão de Brasília)
POST
/presenca/check/completa
Conectado ao Banco de Dados CEJUSC.
-------------------------------------------------------------------------
Thu Aug 15 2024 13:33:41 GMT-0300 (Horário Padrão de Brasília)
-------------------------------------------------------------------------
Thu Aug 15 2024 13:33:41 GMT-0300 (Horário Padrão de Brasília)
Uma linha foi atualizada. UPDATE: 1
-------------------------------------------------------------------------
Thu Aug 15 2024 13:33:41 GMT-0300 (Horário Padrão de Brasília)
/presenca/processo
POST
Banco de Dados CEJUSC fechado.
-------------------------------------------------------------------------
Thu Aug 15 2024 13:33:41 GMT-0300 (Horário Padrão de Brasília)
-------------------------------------------------------------------------
Thu Aug 15 2024 13:33:41 GMT-0300 (Horário Padrão de Brasília)
Conectado ao Banco de Dados CEJUSC.
-------------------------------------------------------------------------
Thu Aug 15 2024 13:33:41 GMT-0300 (Horário Padrão de Brasília)
Uma linha FOI encontrada. Processo: 0002949-21.2022
-------------------------------------------------------------------------
Thu Aug 15 2024 13:33:41 GMT-0300 (Horário Padrão de Brasília)
Banco de Dados CEJUSC fechado.
-------------------------------------------------------------------------
Thu Aug 15 2024 13:33:45 GMT-0300 (Horário Padrão de Brasília)
/presenca/check/completa
POST
-------------------------------------------------------------------------
Thu Aug 15 2024 13:33:45 GMT-0300 (Horário Padrão de Brasília)
-------------------------------------------------------------------------
Thu Aug 15 2024 13:33:45 GMT-0300 (Horário Padrão de Brasília)
POST
Conectado ao Banco de Dados CEJUSC.
/presenca/processo
-------------------------------------------------------------------------
Thu Aug 15 2024 13:33:45 GMT-0300 (Horário Padrão de Brasília)
Conectado ao Banco de Dados CEJUSC.
-------------------------------------------------------------------------
Thu Aug 15 2024 13:33:45 GMT-0300 (Horário Padrão de Brasília)
Uma linha foi atualizada. UPDATE: 1
-------------------------------------------------------------------------
Thu Aug 15 2024 13:33:45 GMT-0300 (Horário Padrão de Brasília)
Banco de Dados CEJUSC fechado.
Uma linha FOI encontrada. Processo: 0002949-21.2022
-------------------------------------------------------------------------
Thu Aug 15 2024 13:33:45 GMT-0300 (Horário Padrão de Brasília)
-------------------------------------------------------------------------
Thu Aug 15 2024 13:33:45 GMT-0300 (Horário Padrão de Brasília)
Banco de Dados CEJUSC fechado.
POST
-------------------------------------------------------------------------
Thu Aug 15 2024 13:33:53 GMT-0300 (Horário Padrão de Brasília)
/presenca/check
-------------------------------------------------------------------------
Thu Aug 15 2024 13:33:53 GMT-0300 (Horário Padrão de Brasília)
Conectado ao Banco de Dados CEJUSC.
-------------------------------------------------------------------------
Thu Aug 15 2024 13:33:53 GMT-0300 (Horário Padrão de Brasília)
POST
/presenca/processo
-------------------------------------------------------------------------
Thu Aug 15 2024 13:33:53 GMT-0300 (Horário Padrão de Brasília)
Conectado ao Banco de Dados CEJUSC.
Uma linha foi atualizada. UPDATE: 1
-------------------------------------------------------------------------
Thu Aug 15 2024 13:33:53 GMT-0300 (Horário Padrão de Brasília)
-------------------------------------------------------------------------
Thu Aug 15 2024 13:33:53 GMT-0300 (Horário Padrão de Brasília)
Banco de Dados CEJUSC fechado.
-------------------------------------------------------------------------
Thu Aug 15 2024 13:33:53 GMT-0300 (Horário Padrão de Brasília)
Uma linha FOI encontrada. Processo: 0002949-21.2022
Banco de Dados CEJUSC fechado.
-------------------------------------------------------------------------
Thu Aug 15 2024 13:33:53 GMT-0300 (Horário Padrão de Brasília)
-------------------------------------------------------------------------
Thu Aug 15 2024 13:37:34 GMT-0300 (Horário Padrão de Brasília)
POST
/presenca/processo
-------------------------------------------------------------------------
Thu Aug 15 2024 13:37:34 GMT-0300 (Horário Padrão de Brasília)
Conectado ao Banco de Dados CEJUSC.
-------------------------------------------------------------------------
Thu Aug 15 2024 13:37:34 GMT-0300 (Horário Padrão de Brasília)
Uma linha FOI encontrada. Processo: 0002949-21.2022
-------------------------------------------------------------------------
Thu Aug 15 2024 13:37:34 GMT-0300 (Horário Padrão de Brasília)
Banco de Dados CEJUSC fechado.
-------------------------------------------------------------------------
Thu Aug 15 2024 14:17:44 GMT-0300 (Horário Padrão de Brasília)
GET
/logout/13326574860
Usuário 13326574860 DESLOGOU >>>
-------------------------------------------------------------------------
Thu Aug 15 2024 14:17:44 GMT-0300 (Horário Padrão de Brasília)
/
GET
-------------------------------------------------------------------------
Thu Aug 15 2024 14:49:45 GMT-0300 (Horário Padrão de Brasília)
/valida/api
POST
Usuário: 13326574860
-------------------------------------------------------------------------
Thu Aug 15 2024 14:49:45 GMT-0300 (Horário Padrão de Brasília)
Conectado ao Banco de Dados CEJUSC.
-------------------------------------------------------------------------
Thu Aug 15 2024 14:49:45 GMT-0300 (Horário Padrão de Brasília)
Renato Ferreira >>>LOGOU
-------------------------------------------------------------------------
Thu Aug 15 2024 14:49:45 GMT-0300 (Horário Padrão de Brasília)
Banco de Dados CEJUSC fechado.
-------------------------------------------------------------------------
Thu Aug 15 2024 14:49:45 GMT-0300 (Horário Padrão de Brasília)
GET
/principal/13326574860.whxrlxwmuzptygfq.presenca
-------------------------------------------------------------------------
Thu Aug 15 2024 14:49:53 GMT-0300 (Horário Padrão de Brasília)
POST
/presenca/processo
Conectado ao Banco de Dados CEJUSC.
-------------------------------------------------------------------------
Thu Aug 15 2024 14:49:53 GMT-0300 (Horário Padrão de Brasília)
Uma linha FOI encontrada. Processo: 0002949-21.2022
-------------------------------------------------------------------------
Thu Aug 15 2024 14:49:53 GMT-0300 (Horário Padrão de Brasília)
-------------------------------------------------------------------------
Thu Aug 15 2024 14:49:53 GMT-0300 (Horário Padrão de Brasília)
Banco de Dados CEJUSC fechado.
-------------------------------------------------------------------------
Thu Aug 15 2024 14:50:09 GMT-0300 (Horário Padrão de Brasília)
POST
/presenca/check/completa
-------------------------------------------------------------------------
Thu Aug 15 2024 14:50:09 GMT-0300 (Horário Padrão de Brasília)
Conectado ao Banco de Dados CEJUSC.
-------------------------------------------------------------------------
Thu Aug 15 2024 14:50:09 GMT-0300 (Horário Padrão de Brasília)
/presenca/processo
POST
-------------------------------------------------------------------------
Thu Aug 15 2024 14:50:09 GMT-0300 (Horário Padrão de Brasília)
Conectado ao Banco de Dados CEJUSC.
-------------------------------------------------------------------------
Thu Aug 15 2024 14:50:09 GMT-0300 (Horário Padrão de Brasília)
Uma linha foi atualizada. UPDATE: 1
-------------------------------------------------------------------------
Thu Aug 15 2024 14:50:09 GMT-0300 (Horário Padrão de Brasília)
Banco de Dados CEJUSC fechado.
-------------------------------------------------------------------------
Thu Aug 15 2024 14:50:09 GMT-0300 (Horário Padrão de Brasília)
Uma linha FOI encontrada. Processo: 0002949-21.2022
-------------------------------------------------------------------------
Thu Aug 15 2024 14:50:09 GMT-0300 (Horário Padrão de Brasília)
Banco de Dados CEJUSC fechado.
-------------------------------------------------------------------------
Thu Aug 15 2024 15:10:58 GMT-0300 (Horário Padrão de Brasília)
GET
Usuário 13326574860 DESLOGOU >>>
/logout/13326574860
-------------------------------------------------------------------------
Thu Aug 15 2024 15:10:58 GMT-0300 (Horário Padrão de Brasília)
GET
/
-------------------------------------------------------------------------
Thu Aug 15 2024 15:11:16 GMT-0300 (Horário Padrão de Brasília)
POST
Usuário: 13326574860
/valida/api
-------------------------------------------------------------------------
Thu Aug 15 2024 15:11:16 GMT-0300 (Horário Padrão de Brasília)
Conectado ao Banco de Dados CEJUSC.
-------------------------------------------------------------------------
Thu Aug 15 2024 15:11:16 GMT-0300 (Horário Padrão de Brasília)
Renato Ferreira >>>LOGOU
-------------------------------------------------------------------------
Thu Aug 15 2024 15:11:16 GMT-0300 (Horário Padrão de Brasília)
Banco de Dados CEJUSC fechado.
-------------------------------------------------------------------------
Thu Aug 15 2024 15:11:16 GMT-0300 (Horário Padrão de Brasília)
GET
/principal/13326574860.jlkoiikvmfodtwyc.presenca
-------------------------------------------------------------------------
Thu Aug 15 2024 15:11:17 GMT-0300 (Horário Padrão de Brasília)
GET
/principal/13326574860.jlkoiikvmfodtwyc.presenca
-------------------------------------------------------------------------
Thu Aug 15 2024 15:11:22 GMT-0300 (Horário Padrão de Brasília)
POST
/presenca/processo
-------------------------------------------------------------------------
Thu Aug 15 2024 15:11:22 GMT-0300 (Horário Padrão de Brasília)
Conectado ao Banco de Dados CEJUSC.
-------------------------------------------------------------------------
Thu Aug 15 2024 15:11:22 GMT-0300 (Horário Padrão de Brasília)
Uma linha FOI encontrada. Processo: 0002949-21.2022
Banco de Dados CEJUSC fechado.
-------------------------------------------------------------------------
Thu Aug 15 2024 15:11:22 GMT-0300 (Horário Padrão de Brasília)
-------------------------------------------------------------------------
Thu Aug 15 2024 15:12:10 GMT-0300 (Horário Padrão de Brasília)
/principal/13326574860.jlkoiikvmfodtwyc.conciliador
GET
-------------------------------------------------------------------------
Thu Aug 15 2024 15:12:10 GMT-0300 (Horário Padrão de Brasília)
/principal/13326574860.jlkoiikvmfodtwyc.presenca
GET
POST
-------------------------------------------------------------------------
Thu Aug 15 2024 15:12:14 GMT-0300 (Horário Padrão de Brasília)
/presenca/processo
Conectado ao Banco de Dados CEJUSC.
-------------------------------------------------------------------------
Thu Aug 15 2024 15:12:14 GMT-0300 (Horário Padrão de Brasília)
Uma linha FOI encontrada. Processo: 0002949-21.2022
-------------------------------------------------------------------------
Thu Aug 15 2024 15:12:14 GMT-0300 (Horário Padrão de Brasília)
Banco de Dados CEJUSC fechado.
-------------------------------------------------------------------------
Thu Aug 15 2024 15:12:14 GMT-0300 (Horário Padrão de Brasília)
-------------------------------------------------------------------------
Thu Aug 15 2024 15:12:28 GMT-0300 (Horário Padrão de Brasília)
POST
/presenca/check/completa
-------------------------------------------------------------------------
Thu Aug 15 2024 15:12:28 GMT-0300 (Horário Padrão de Brasília)
Conectado ao Banco de Dados CEJUSC.
-------------------------------------------------------------------------
Thu Aug 15 2024 15:12:28 GMT-0300 (Horário Padrão de Brasília)
POST
/presenca/processo
-------------------------------------------------------------------------
Thu Aug 15 2024 15:12:28 GMT-0300 (Horário Padrão de Brasília)
Conectado ao Banco de Dados CEJUSC.
-------------------------------------------------------------------------
Thu Aug 15 2024 15:12:29 GMT-0300 (Horário Padrão de Brasília)
Uma linha foi atualizada. UPDATE: 1
-------------------------------------------------------------------------
Thu Aug 15 2024 15:12:29 GMT-0300 (Horário Padrão de Brasília)
Banco de Dados CEJUSC fechado.
Uma linha FOI encontrada. Processo: 0002949-21.2022
-------------------------------------------------------------------------
Thu Aug 15 2024 15:12:29 GMT-0300 (Horário Padrão de Brasília)
-------------------------------------------------------------------------
Thu Aug 15 2024 15:12:29 GMT-0300 (Horário Padrão de Brasília)
Banco de Dados CEJUSC fechado.
-------------------------------------------------------------------------
Thu Aug 15 2024 15:18:34 GMT-0300 (Horário Padrão de Brasília)
GET
/logout/13326574860
Usuário 13326574860 DESLOGOU >>>
-------------------------------------------------------------------------
Thu Aug 15 2024 15:18:34 GMT-0300 (Horário Padrão de Brasília)
GET
/
-------------------------------------------------------------------------
Thu Aug 15 2024 15:18:39 GMT-0300 (Horário Padrão de Brasília)
POST
/valida/api
Usuário: 13326574860
-------------------------------------------------------------------------
Thu Aug 15 2024 15:18:39 GMT-0300 (Horário Padrão de Brasília)
Conectado ao Banco de Dados CEJUSC.
-------------------------------------------------------------------------
Thu Aug 15 2024 15:18:39 GMT-0300 (Horário Padrão de Brasília)
Renato Ferreira >>>LOGOU
-------------------------------------------------------------------------
Thu Aug 15 2024 15:18:39 GMT-0300 (Horário Padrão de Brasília)
Banco de Dados CEJUSC fechado.
-------------------------------------------------------------------------
Thu Aug 15 2024 15:18:39 GMT-0300 (Horário Padrão de Brasília)
GET
/principal/13326574860.vlpbpblyitpfvqvc.presenca
-------------------------------------------------------------------------
Thu Aug 15 2024 15:18:44 GMT-0300 (Horário Padrão de Brasília)
POST
/presenca/processo
-------------------------------------------------------------------------
Thu Aug 15 2024 15:18:44 GMT-0300 (Horário Padrão de Brasília)
Conectado ao Banco de Dados CEJUSC.
-------------------------------------------------------------------------
Thu Aug 15 2024 15:18:44 GMT-0300 (Horário Padrão de Brasília)
Uma linha FOI encontrada. Processo: 0002949-21.2022
-------------------------------------------------------------------------
Thu Aug 15 2024 15:18:44 GMT-0300 (Horário Padrão de Brasília)
Banco de Dados CEJUSC fechado.
-------------------------------------------------------------------------
Thu Aug 15 2024 15:18:48 GMT-0300 (Horário Padrão de Brasília)
POST
/presenca/check/completa
-------------------------------------------------------------------------
Thu Aug 15 2024 15:18:48 GMT-0300 (Horário Padrão de Brasília)
Conectado ao Banco de Dados CEJUSC.
Uma linha foi atualizada. UPDATE: 1
-------------------------------------------------------------------------
Thu Aug 15 2024 15:18:48 GMT-0300 (Horário Padrão de Brasília)
-------------------------------------------------------------------------
Thu Aug 15 2024 15:18:48 GMT-0300 (Horário Padrão de Brasília)
POST
Banco de Dados CEJUSC fechado.
-------------------------------------------------------------------------
Thu Aug 15 2024 15:18:48 GMT-0300 (Horário Padrão de Brasília)
/presenca/processo
Conectado ao Banco de Dados CEJUSC.
-------------------------------------------------------------------------
Thu Aug 15 2024 15:18:48 GMT-0300 (Horário Padrão de Brasília)
-------------------------------------------------------------------------
Thu Aug 15 2024 15:18:48 GMT-0300 (Horário Padrão de Brasília)
Uma linha FOI encontrada. Processo: 0002949-21.2022
-------------------------------------------------------------------------
Thu Aug 15 2024 15:18:48 GMT-0300 (Horário Padrão de Brasília)
Banco de Dados CEJUSC fechado.
-------------------------------------------------------------------------
Thu Aug 15 2024 15:21:16 GMT-0300 (Horário Padrão de Brasília)
GET
/principal/13326574860.vlpbpblyitpfvqvc.completas
-------------------------------------------------------------------------
Thu Aug 15 2024 15:21:17 GMT-0300 (Horário Padrão de Brasília)
GET
/principal/13326574860.vlpbpblyitpfvqvc.presenca
-------------------------------------------------------------------------
Thu Aug 15 2024 15:21:21 GMT-0300 (Horário Padrão de Brasília)
POST
/presenca/processo
-------------------------------------------------------------------------
Thu Aug 15 2024 15:21:21 GMT-0300 (Horário Padrão de Brasília)
Conectado ao Banco de Dados CEJUSC.
-------------------------------------------------------------------------
Thu Aug 15 2024 15:21:21 GMT-0300 (Horário Padrão de Brasília)
Uma linha FOI encontrada. Processo: 0002949-21.2022
Banco de Dados CEJUSC fechado.
-------------------------------------------------------------------------
Thu Aug 15 2024 15:21:21 GMT-0300 (Horário Padrão de Brasília)
-------------------------------------------------------------------------
Thu Aug 15 2024 15:23:12 GMT-0300 (Horário Padrão de Brasília)
GET
/principal/13326574860.vlpbpblyitpfvqvc.completas
-------------------------------------------------------------------------
Thu Aug 15 2024 15:23:13 GMT-0300 (Horário Padrão de Brasília)
GET
/principal/13326574860.vlpbpblyitpfvqvc.presenca
-------------------------------------------------------------------------
Thu Aug 15 2024 15:23:17 GMT-0300 (Horário Padrão de Brasília)
/presenca/processo
POST
-------------------------------------------------------------------------
Thu Aug 15 2024 15:23:17 GMT-0300 (Horário Padrão de Brasília)
Conectado ao Banco de Dados CEJUSC.
Uma linha FOI encontrada. Processo: 0002949-21.2022
-------------------------------------------------------------------------
Thu Aug 15 2024 15:23:17 GMT-0300 (Horário Padrão de Brasília)
-------------------------------------------------------------------------
Thu Aug 15 2024 15:23:17 GMT-0300 (Horário Padrão de Brasília)
Banco de Dados CEJUSC fechado.
-------------------------------------------------------------------------
Thu Aug 15 2024 15:27:03 GMT-0300 (Horário Padrão de Brasília)
GET
/principal/13326574860.vlpbpblyitpfvqvc.completas
GET
-------------------------------------------------------------------------
Thu Aug 15 2024 15:27:04 GMT-0300 (Horário Padrão de Brasília)
/principal/13326574860.vlpbpblyitpfvqvc.presenca
-------------------------------------------------------------------------
Thu Aug 15 2024 15:27:10 GMT-0300 (Horário Padrão de Brasília)
POST
/presenca/processo
-------------------------------------------------------------------------
Thu Aug 15 2024 15:27:10 GMT-0300 (Horário Padrão de Brasília)
Conectado ao Banco de Dados CEJUSC.
Uma linha FOI encontrada. Processo: 0002949-21.2022
-------------------------------------------------------------------------
Thu Aug 15 2024 15:27:10 GMT-0300 (Horário Padrão de Brasília)
-------------------------------------------------------------------------
Thu Aug 15 2024 15:27:10 GMT-0300 (Horário Padrão de Brasília)
Banco de Dados CEJUSC fechado.
-------------------------------------------------------------------------
Thu Aug 15 2024 15:36:33 GMT-0300 (Horário Padrão de Brasília)
POST
/presenca/check/completa
-------------------------------------------------------------------------
Thu Aug 15 2024 15:36:33 GMT-0300 (Horário Padrão de Brasília)
Conectado ao Banco de Dados CEJUSC.
-------------------------------------------------------------------------
Thu Aug 15 2024 15:36:33 GMT-0300 (Horário Padrão de Brasília)
Uma linha foi atualizada. UPDATE: 1
-------------------------------------------------------------------------
Thu Aug 15 2024 15:36:33 GMT-0300 (Horário Padrão de Brasília)
POST
/presenca/processo
Banco de Dados CEJUSC fechado.
-------------------------------------------------------------------------
Thu Aug 15 2024 15:36:33 GMT-0300 (Horário Padrão de Brasília)
Conectado ao Banco de Dados CEJUSC.
-------------------------------------------------------------------------
Thu Aug 15 2024 15:36:33 GMT-0300 (Horário Padrão de Brasília)
-------------------------------------------------------------------------
Thu Aug 15 2024 15:36:33 GMT-0300 (Horário Padrão de Brasília)
Uma linha FOI encontrada. Processo: 0002949-21.2022
-------------------------------------------------------------------------
Thu Aug 15 2024 15:36:33 GMT-0300 (Horário Padrão de Brasília)
Banco de Dados CEJUSC fechado.
-------------------------------------------------------------------------
Thu Aug 15 2024 15:54:58 GMT-0300 (Horário Padrão de Brasília)
GET
/logout/13326574860
Usuário 13326574860 DESLOGOU >>>
-------------------------------------------------------------------------
Thu Aug 15 2024 15:54:58 GMT-0300 (Horário Padrão de Brasília)
/
GET
-------------------------------------------------------------------------
Thu Aug 15 2024 15:55:20 GMT-0300 (Horário Padrão de Brasília)
POST
Usuário: 13326574860
/valida/api
-------------------------------------------------------------------------
Thu Aug 15 2024 15:55:20 GMT-0300 (Horário Padrão de Brasília)
Conectado ao Banco de Dados CEJUSC.
-------------------------------------------------------------------------
Thu Aug 15 2024 15:55:20 GMT-0300 (Horário Padrão de Brasília)
Renato Ferreira >>>LOGOU
-------------------------------------------------------------------------
Thu Aug 15 2024 15:55:20 GMT-0300 (Horário Padrão de Brasília)
Banco de Dados CEJUSC fechado.
GET
/principal/13326574860.ikybxhvgmqomtzpl.presenca
-------------------------------------------------------------------------
Thu Aug 15 2024 15:55:20 GMT-0300 (Horário Padrão de Brasília)
-------------------------------------------------------------------------
Thu Aug 15 2024 15:55:25 GMT-0300 (Horário Padrão de Brasília)
POST
/presenca/processo
-------------------------------------------------------------------------
Thu Aug 15 2024 15:55:25 GMT-0300 (Horário Padrão de Brasília)
Conectado ao Banco de Dados CEJUSC.
-------------------------------------------------------------------------
Thu Aug 15 2024 15:55:25 GMT-0300 (Horário Padrão de Brasília)
Uma linha FOI encontrada. Processo: 0002949-21.2022
Banco de Dados CEJUSC fechado.
-------------------------------------------------------------------------
Thu Aug 15 2024 15:55:25 GMT-0300 (Horário Padrão de Brasília)
-------------------------------------------------------------------------
Thu Aug 15 2024 16:00:04 GMT-0300 (Horário Padrão de Brasília)
POST
/presenca/check/completa
-------------------------------------------------------------------------
Thu Aug 15 2024 16:00:04 GMT-0300 (Horário Padrão de Brasília)
Conectado ao Banco de Dados CEJUSC.
-------------------------------------------------------------------------
Thu Aug 15 2024 16:00:04 GMT-0300 (Horário Padrão de Brasília)
/presenca/processo
POST
-------------------------------------------------------------------------
Thu Aug 15 2024 16:00:04 GMT-0300 (Horário Padrão de Brasília)
Conectado ao Banco de Dados CEJUSC.
-------------------------------------------------------------------------
Thu Aug 15 2024 16:00:06 GMT-0300 (Horário Padrão de Brasília)
Uma linha foi atualizada. UPDATE: 1
-------------------------------------------------------------------------
Thu Aug 15 2024 16:00:06 GMT-0300 (Horário Padrão de Brasília)
Banco de Dados CEJUSC fechado.
-------------------------------------------------------------------------
Thu Aug 15 2024 16:00:06 GMT-0300 (Horário Padrão de Brasília)
Uma linha FOI encontrada. Processo: 0002949-21.2022
-------------------------------------------------------------------------
Thu Aug 15 2024 16:00:06 GMT-0300 (Horário Padrão de Brasília)
Banco de Dados CEJUSC fechado.
-------------------------------------------------------------------------
Thu Aug 15 2024 16:00:14 GMT-0300 (Horário Padrão de Brasília)
POST
/presenca/check/completa
-------------------------------------------------------------------------
Thu Aug 15 2024 16:00:14 GMT-0300 (Horário Padrão de Brasília)
Conectado ao Banco de Dados CEJUSC.
POST
-------------------------------------------------------------------------
Thu Aug 15 2024 16:00:14 GMT-0300 (Horário Padrão de Brasília)
/presenca/processo
Conectado ao Banco de Dados CEJUSC.
-------------------------------------------------------------------------
Thu Aug 15 2024 16:00:14 GMT-0300 (Horário Padrão de Brasília)
Uma linha foi atualizada. UPDATE: 1
-------------------------------------------------------------------------
Thu Aug 15 2024 16:00:14 GMT-0300 (Horário Padrão de Brasília)
-------------------------------------------------------------------------
Thu Aug 15 2024 16:00:14 GMT-0300 (Horário Padrão de Brasília)
Banco de Dados CEJUSC fechado.
-------------------------------------------------------------------------
Thu Aug 15 2024 16:00:14 GMT-0300 (Horário Padrão de Brasília)
Uma linha FOI encontrada. Processo: 0002949-21.2022
-------------------------------------------------------------------------
Thu Aug 15 2024 16:00:14 GMT-0300 (Horário Padrão de Brasília)
Banco de Dados CEJUSC fechado.
GET
-------------------------------------------------------------------------
Thu Aug 15 2024 16:02:29 GMT-0300 (Horário Padrão de Brasília)
/principal/13326574860.ikybxhvgmqomtzpl.completas
-------------------------------------------------------------------------
Thu Aug 15 2024 16:02:30 GMT-0300 (Horário Padrão de Brasília)
/principal/13326574860.ikybxhvgmqomtzpl.presenca
GET
-------------------------------------------------------------------------
Thu Aug 15 2024 16:02:33 GMT-0300 (Horário Padrão de Brasília)
/presenca/processo
POST
-------------------------------------------------------------------------
Thu Aug 15 2024 16:02:33 GMT-0300 (Horário Padrão de Brasília)
Conectado ao Banco de Dados CEJUSC.
-------------------------------------------------------------------------
Thu Aug 15 2024 16:02:33 GMT-0300 (Horário Padrão de Brasília)
Uma linha FOI encontrada. Processo: 0002949-21.2022
-------------------------------------------------------------------------
Thu Aug 15 2024 16:02:33 GMT-0300 (Horário Padrão de Brasília)
Banco de Dados CEJUSC fechado.
-------------------------------------------------------------------------
Thu Aug 15 2024 16:16:18 GMT-0300 (Horário Padrão de Brasília)
GET
/logout/13326574860
Usuário 13326574860 DESLOGOU >>>
-------------------------------------------------------------------------
Thu Aug 15 2024 16:16:18 GMT-0300 (Horário Padrão de Brasília)
GET
/
