-------------------------------------------------------------------------
Fri Aug 16 2024 10:37:10 GMT-0300 (Horário Padrão de Brasília)
/valida/api
Usuário: 13326574860
POST
-------------------------------------------------------------------------
Fri Aug 16 2024 10:37:10 GMT-0300 (Horário Padrão de Brasília)
Conectado ao Banco de Dados CEJUSC.
-------------------------------------------------------------------------
Fri Aug 16 2024 10:37:10 GMT-0300 (Horário Padrão de Brasília)
Renato Ferreira >>>LOGOU
Banco de Dados CEJUSC fechado.
-------------------------------------------------------------------------
Fri Aug 16 2024 10:37:10 GMT-0300 (Horário Padrão de Brasília)
-------------------------------------------------------------------------
Fri Aug 16 2024 10:37:11 GMT-0300 (Horário Padrão de Brasília)
/principal/13326574860.lzljokeayomcwbtp.presenca
GET
-------------------------------------------------------------------------
Fri Aug 16 2024 10:37:16 GMT-0300 (Horário Padrão de Brasília)
POST
/presenca/processo
-------------------------------------------------------------------------
Fri Aug 16 2024 10:37:16 GMT-0300 (Horário Padrão de Brasília)
Conectado ao Banco de Dados CEJUSC.
-------------------------------------------------------------------------
Fri Aug 16 2024 10:37:16 GMT-0300 (Horário Padrão de Brasília)
Uma linha FOI encontrada. Processo: 0002949-21.2022
-------------------------------------------------------------------------
Fri Aug 16 2024 10:37:16 GMT-0300 (Horário Padrão de Brasília)
Banco de Dados CEJUSC fechado.
POST
-------------------------------------------------------------------------
Fri Aug 16 2024 10:37:26 GMT-0300 (Horário Padrão de Brasília)
/presenca/check/completa
-------------------------------------------------------------------------
Fri Aug 16 2024 10:37:26 GMT-0300 (Horário Padrão de Brasília)
Conectado ao Banco de Dados CEJUSC.
-------------------------------------------------------------------------
Fri Aug 16 2024 10:37:26 GMT-0300 (Horário Padrão de Brasília)
/presenca/processo
POST
-------------------------------------------------------------------------
Fri Aug 16 2024 10:37:26 GMT-0300 (Horário Padrão de Brasília)
Conectado ao Banco de Dados CEJUSC.
-------------------------------------------------------------------------
Fri Aug 16 2024 10:37:26 GMT-0300 (Horário Padrão de Brasília)
Uma linha foi atualizada. UPDATE: 1
Banco de Dados CEJUSC fechado.
-------------------------------------------------------------------------
Fri Aug 16 2024 10:37:26 GMT-0300 (Horário Padrão de Brasília)
-------------------------------------------------------------------------
Fri Aug 16 2024 10:37:26 GMT-0300 (Horário Padrão de Brasília)
Uma linha FOI encontrada. Processo: 0002949-21.2022
-------------------------------------------------------------------------
Fri Aug 16 2024 10:37:26 GMT-0300 (Horário Padrão de Brasília)
Banco de Dados CEJUSC fechado.
-------------------------------------------------------------------------
Fri Aug 16 2024 10:37:51 GMT-0300 (Horário Padrão de Brasília)
POST
/presenca/check
-------------------------------------------------------------------------
Fri Aug 16 2024 10:37:51 GMT-0300 (Horário Padrão de Brasília)
Conectado ao Banco de Dados CEJUSC.
-------------------------------------------------------------------------
Fri Aug 16 2024 10:37:51 GMT-0300 (Horário Padrão de Brasília)
POST
/presenca/processo
-------------------------------------------------------------------------
Fri Aug 16 2024 10:37:51 GMT-0300 (Horário Padrão de Brasília)
Conectado ao Banco de Dados CEJUSC.
-------------------------------------------------------------------------
Fri Aug 16 2024 10:37:51 GMT-0300 (Horário Padrão de Brasília)
Uma linha foi atualizada. UPDATE: 3
-------------------------------------------------------------------------
Fri Aug 16 2024 10:37:51 GMT-0300 (Horário Padrão de Brasília)
Banco de Dados CEJUSC fechado.
-------------------------------------------------------------------------
Fri Aug 16 2024 10:37:51 GMT-0300 (Horário Padrão de Brasília)
Uma linha FOI encontrada. Processo: 0002949-21.2022
-------------------------------------------------------------------------
Fri Aug 16 2024 10:37:51 GMT-0300 (Horário Padrão de Brasília)
Banco de Dados CEJUSC fechado.
-------------------------------------------------------------------------
Fri Aug 16 2024 12:36:24 GMT-0300 (Horário Padrão de Brasília)
GET
Usuário 13326574860 DESLOGOU >>>
/logout/13326574860
-------------------------------------------------------------------------
Fri Aug 16 2024 12:36:24 GMT-0300 (Horário Padrão de Brasília)
GET
/
-------------------------------------------------------------------------
Fri Aug 16 2024 12:47:17 GMT-0300 (Horário Padrão de Brasília)
POST
Usuário: 13326574860
/valida/api
-------------------------------------------------------------------------
Fri Aug 16 2024 12:47:17 GMT-0300 (Horário Padrão de Brasília)
Conectado ao Banco de Dados CEJUSC.
Renato Ferreira >>>LOGOU
-------------------------------------------------------------------------
Fri Aug 16 2024 12:47:17 GMT-0300 (Horário Padrão de Brasília)
-------------------------------------------------------------------------
Fri Aug 16 2024 12:47:17 GMT-0300 (Horário Padrão de Brasília)
Banco de Dados CEJUSC fechado.
-------------------------------------------------------------------------
Fri Aug 16 2024 12:47:17 GMT-0300 (Horário Padrão de Brasília)
GET
/principal/13326574860.zxnpbiwugjwrhlyd.presenca
-------------------------------------------------------------------------
Fri Aug 16 2024 12:50:34 GMT-0300 (Horário Padrão de Brasília)
GET
/logout/13326574860
Usuário 13326574860 DESLOGOU >>>
/
-------------------------------------------------------------------------
Fri Aug 16 2024 12:50:34 GMT-0300 (Horário Padrão de Brasília)
GET
-------------------------------------------------------------------------
Fri Aug 16 2024 12:50:51 GMT-0300 (Horário Padrão de Brasília)
POST
Usuário: 13326574860
/valida/api
-------------------------------------------------------------------------
Fri Aug 16 2024 12:50:51 GMT-0300 (Horário Padrão de Brasília)
Conectado ao Banco de Dados CEJUSC.
-------------------------------------------------------------------------
Fri Aug 16 2024 12:50:51 GMT-0300 (Horário Padrão de Brasília)
Renato Ferreira >>>LOGOU
-------------------------------------------------------------------------
Fri Aug 16 2024 12:50:51 GMT-0300 (Horário Padrão de Brasília)
Banco de Dados CEJUSC fechado.
-------------------------------------------------------------------------
Fri Aug 16 2024 12:50:51 GMT-0300 (Horário Padrão de Brasília)
GET
/principal/13326574860.woccflifewlkbqkx.presenca
-------------------------------------------------------------------------
Fri Aug 16 2024 12:50:55 GMT-0300 (Horário Padrão de Brasília)
POST
/presenca/processo
-------------------------------------------------------------------------
Fri Aug 16 2024 12:50:55 GMT-0300 (Horário Padrão de Brasília)
Conectado ao Banco de Dados CEJUSC.
-------------------------------------------------------------------------
Fri Aug 16 2024 12:50:55 GMT-0300 (Horário Padrão de Brasília)
Uma linha FOI encontrada. Processo: 0002949-21.2022
-------------------------------------------------------------------------
Fri Aug 16 2024 12:50:55 GMT-0300 (Horário Padrão de Brasília)
Banco de Dados CEJUSC fechado.
-------------------------------------------------------------------------
Fri Aug 16 2024 12:52:23 GMT-0300 (Horário Padrão de Brasília)
GET
/logout/13326574860
Usuário 13326574860 DESLOGOU >>>
GET
-------------------------------------------------------------------------
Fri Aug 16 2024 12:52:23 GMT-0300 (Horário Padrão de Brasília)
/
-------------------------------------------------------------------------
Fri Aug 16 2024 12:52:48 GMT-0300 (Horário Padrão de Brasília)
POST
/valida/api
Usuário: 13326574860
-------------------------------------------------------------------------
Fri Aug 16 2024 12:52:49 GMT-0300 (Horário Padrão de Brasília)
Conectado ao Banco de Dados CEJUSC.
-------------------------------------------------------------------------
Fri Aug 16 2024 12:52:49 GMT-0300 (Horário Padrão de Brasília)
Renato Ferreira >>>LOGOU
-------------------------------------------------------------------------
Fri Aug 16 2024 12:52:49 GMT-0300 (Horário Padrão de Brasília)
Banco de Dados CEJUSC fechado.
GET
-------------------------------------------------------------------------
Fri Aug 16 2024 12:52:49 GMT-0300 (Horário Padrão de Brasília)
/principal/13326574860.xrqofzdruwjrlhkb.presenca
-------------------------------------------------------------------------
Fri Aug 16 2024 12:52:53 GMT-0300 (Horário Padrão de Brasília)
POST
/presenca/processo
-------------------------------------------------------------------------
Fri Aug 16 2024 12:52:53 GMT-0300 (Horário Padrão de Brasília)
Conectado ao Banco de Dados CEJUSC.
Uma linha FOI encontrada. Processo: 0002949-21.2022
-------------------------------------------------------------------------
Fri Aug 16 2024 12:52:53 GMT-0300 (Horário Padrão de Brasília)
-------------------------------------------------------------------------
Fri Aug 16 2024 12:52:53 GMT-0300 (Horário Padrão de Brasília)
Banco de Dados CEJUSC fechado.
-------------------------------------------------------------------------
Fri Aug 16 2024 12:56:03 GMT-0300 (Horário Padrão de Brasília)
GET
Usuário 13326574860 DESLOGOU >>>
/logout/13326574860
GET
-------------------------------------------------------------------------
Fri Aug 16 2024 12:56:03 GMT-0300 (Horário Padrão de Brasília)
/
-------------------------------------------------------------------------
Fri Aug 16 2024 12:57:38 GMT-0300 (Horário Padrão de Brasília)
POST
/valida/api
Usuário: 13326574860
-------------------------------------------------------------------------
Fri Aug 16 2024 12:57:38 GMT-0300 (Horário Padrão de Brasília)
Conectado ao Banco de Dados CEJUSC.
-------------------------------------------------------------------------
Fri Aug 16 2024 12:57:38 GMT-0300 (Horário Padrão de Brasília)
Renato Ferreira >>>LOGOU
-------------------------------------------------------------------------
Fri Aug 16 2024 12:57:38 GMT-0300 (Horário Padrão de Brasília)
Banco de Dados CEJUSC fechado.
-------------------------------------------------------------------------
Fri Aug 16 2024 12:57:38 GMT-0300 (Horário Padrão de Brasília)
/principal/13326574860.xdygihdvqxgmazib.presenca
GET
-------------------------------------------------------------------------
Fri Aug 16 2024 12:57:43 GMT-0300 (Horário Padrão de Brasília)
POST
/presenca/processo
-------------------------------------------------------------------------
Fri Aug 16 2024 12:57:43 GMT-0300 (Horário Padrão de Brasília)
Conectado ao Banco de Dados CEJUSC.
-------------------------------------------------------------------------
Fri Aug 16 2024 12:57:43 GMT-0300 (Horário Padrão de Brasília)
Uma linha FOI encontrada. Processo: 0002949-21.2022
Banco de Dados CEJUSC fechado.
-------------------------------------------------------------------------
Fri Aug 16 2024 12:57:43 GMT-0300 (Horário Padrão de Brasília)
POST
/presenca/check/completa
-------------------------------------------------------------------------
Fri Aug 16 2024 12:58:51 GMT-0300 (Horário Padrão de Brasília)
-------------------------------------------------------------------------
Fri Aug 16 2024 12:58:51 GMT-0300 (Horário Padrão de Brasília)
Conectado ao Banco de Dados CEJUSC.
-------------------------------------------------------------------------
Fri Aug 16 2024 12:58:51 GMT-0300 (Horário Padrão de Brasília)
POST
/presenca/processo
-------------------------------------------------------------------------
Fri Aug 16 2024 12:58:51 GMT-0300 (Horário Padrão de Brasília)
Conectado ao Banco de Dados CEJUSC.
-------------------------------------------------------------------------
Fri Aug 16 2024 12:58:53 GMT-0300 (Horário Padrão de Brasília)
Uma linha foi atualizada. UPDATE: 1
Banco de Dados CEJUSC fechado.
-------------------------------------------------------------------------
Fri Aug 16 2024 12:58:53 GMT-0300 (Horário Padrão de Brasília)
-------------------------------------------------------------------------
Fri Aug 16 2024 12:58:53 GMT-0300 (Horário Padrão de Brasília)
Uma linha FOI encontrada. Processo: 0002949-21.2022
-------------------------------------------------------------------------
Fri Aug 16 2024 12:58:53 GMT-0300 (Horário Padrão de Brasília)
Banco de Dados CEJUSC fechado.
-------------------------------------------------------------------------
Fri Aug 16 2024 12:58:57 GMT-0300 (Horário Padrão de Brasília)
POST
/presenca/check/completa
Conectado ao Banco de Dados CEJUSC.
-------------------------------------------------------------------------
Fri Aug 16 2024 12:58:57 GMT-0300 (Horário Padrão de Brasília)
-------------------------------------------------------------------------
Fri Aug 16 2024 12:58:57 GMT-0300 (Horário Padrão de Brasília)
POST
/presenca/processo
-------------------------------------------------------------------------
Fri Aug 16 2024 12:58:57 GMT-0300 (Horário Padrão de Brasília)
Conectado ao Banco de Dados CEJUSC.
-------------------------------------------------------------------------
Fri Aug 16 2024 12:58:58 GMT-0300 (Horário Padrão de Brasília)
Uma linha foi atualizada. UPDATE: 1
Banco de Dados CEJUSC fechado.
-------------------------------------------------------------------------
Fri Aug 16 2024 12:58:58 GMT-0300 (Horário Padrão de Brasília)
-------------------------------------------------------------------------
Fri Aug 16 2024 12:58:58 GMT-0300 (Horário Padrão de Brasília)
Uma linha FOI encontrada. Processo: 0002949-21.2022
-------------------------------------------------------------------------
Fri Aug 16 2024 12:58:58 GMT-0300 (Horário Padrão de Brasília)
Banco de Dados CEJUSC fechado.
-------------------------------------------------------------------------
Fri Aug 16 2024 12:59:03 GMT-0300 (Horário Padrão de Brasília)
POST
/presenca/check
Conectado ao Banco de Dados CEJUSC.
-------------------------------------------------------------------------
Fri Aug 16 2024 12:59:03 GMT-0300 (Horário Padrão de Brasília)
POST
/presenca/processo
-------------------------------------------------------------------------
Fri Aug 16 2024 12:59:03 GMT-0300 (Horário Padrão de Brasília)
-------------------------------------------------------------------------
Fri Aug 16 2024 12:59:03 GMT-0300 (Horário Padrão de Brasília)
Conectado ao Banco de Dados CEJUSC.
-------------------------------------------------------------------------
Fri Aug 16 2024 12:59:03 GMT-0300 (Horário Padrão de Brasília)
Uma linha foi atualizada. UPDATE: 1
-------------------------------------------------------------------------
Fri Aug 16 2024 12:59:03 GMT-0300 (Horário Padrão de Brasília)
Banco de Dados CEJUSC fechado.
Uma linha FOI encontrada. Processo: 0002949-21.2022
-------------------------------------------------------------------------
Fri Aug 16 2024 12:59:03 GMT-0300 (Horário Padrão de Brasília)
Banco de Dados CEJUSC fechado.
-------------------------------------------------------------------------
Fri Aug 16 2024 12:59:03 GMT-0300 (Horário Padrão de Brasília)
-------------------------------------------------------------------------
Fri Aug 16 2024 13:08:05 GMT-0300 (Horário Padrão de Brasília)
GET
/principal/13326574860.xdygihdvqxgmazib.pauta
-------------------------------------------------------------------------
Fri Aug 16 2024 13:08:05 GMT-0300 (Horário Padrão de Brasília)
GET
/principal/13326574860.xdygihdvqxgmazib.presenca
-------------------------------------------------------------------------
Fri Aug 16 2024 13:08:10 GMT-0300 (Horário Padrão de Brasília)
POST
/presenca/processo
-------------------------------------------------------------------------
Fri Aug 16 2024 13:08:10 GMT-0300 (Horário Padrão de Brasília)
Conectado ao Banco de Dados CEJUSC.
-------------------------------------------------------------------------
Fri Aug 16 2024 13:08:10 GMT-0300 (Horário Padrão de Brasília)
Uma linha FOI encontrada. Processo: 0002949-21.2022
-------------------------------------------------------------------------
Fri Aug 16 2024 13:08:10 GMT-0300 (Horário Padrão de Brasília)
Banco de Dados CEJUSC fechado.
-------------------------------------------------------------------------
Fri Aug 16 2024 13:08:36 GMT-0300 (Horário Padrão de Brasília)
GET
/principal/13326574860.xdygihdvqxgmazib.conciliador
-------------------------------------------------------------------------
Fri Aug 16 2024 13:08:37 GMT-0300 (Horário Padrão de Brasília)
GET
/principal/13326574860.xdygihdvqxgmazib.presenca
-------------------------------------------------------------------------
Fri Aug 16 2024 13:08:42 GMT-0300 (Horário Padrão de Brasília)
/presenca/processo
POST
-------------------------------------------------------------------------
Fri Aug 16 2024 13:08:42 GMT-0300 (Horário Padrão de Brasília)
Conectado ao Banco de Dados CEJUSC.
-------------------------------------------------------------------------
Fri Aug 16 2024 13:08:42 GMT-0300 (Horário Padrão de Brasília)
Uma linha FOI encontrada. Processo: 0002949-21.2022
Banco de Dados CEJUSC fechado.
-------------------------------------------------------------------------
Fri Aug 16 2024 13:08:42 GMT-0300 (Horário Padrão de Brasília)
-------------------------------------------------------------------------
Fri Aug 16 2024 13:21:31 GMT-0300 (Horário Padrão de Brasília)
GET
/logout/13326574860
Usuário 13326574860 DESLOGOU >>>
-------------------------------------------------------------------------
Fri Aug 16 2024 13:21:31 GMT-0300 (Horário Padrão de Brasília)
/
GET
-------------------------------------------------------------------------
Fri Aug 16 2024 13:23:46 GMT-0300 (Horário Padrão de Brasília)
POST
/valida/api
Usuário: 13326574860
-------------------------------------------------------------------------
Fri Aug 16 2024 13:23:46 GMT-0300 (Horário Padrão de Brasília)
Conectado ao Banco de Dados CEJUSC.
-------------------------------------------------------------------------
Fri Aug 16 2024 13:23:46 GMT-0300 (Horário Padrão de Brasília)
Renato Ferreira >>>LOGOU
-------------------------------------------------------------------------
Fri Aug 16 2024 13:23:46 GMT-0300 (Horário Padrão de Brasília)
Banco de Dados CEJUSC fechado.
-------------------------------------------------------------------------
Fri Aug 16 2024 13:23:46 GMT-0300 (Horário Padrão de Brasília)
GET
/principal/13326574860.xwkhzosgmfcedhbi.presenca
-------------------------------------------------------------------------
Fri Aug 16 2024 13:23:51 GMT-0300 (Horário Padrão de Brasília)
POST
/presenca/processo
-------------------------------------------------------------------------
Fri Aug 16 2024 13:23:51 GMT-0300 (Horário Padrão de Brasília)
Conectado ao Banco de Dados CEJUSC.
-------------------------------------------------------------------------
Fri Aug 16 2024 13:23:51 GMT-0300 (Horário Padrão de Brasília)
Uma linha FOI encontrada. Processo: 0002949-21.2022
Banco de Dados CEJUSC fechado.
-------------------------------------------------------------------------
Fri Aug 16 2024 13:23:51 GMT-0300 (Horário Padrão de Brasília)
-------------------------------------------------------------------------
Fri Aug 16 2024 13:24:51 GMT-0300 (Horário Padrão de Brasília)
GET
/principal/13326574860.xwkhzosgmfcedhbi.completas
GET
/principal/13326574860.xwkhzosgmfcedhbi.presenca
-------------------------------------------------------------------------
Fri Aug 16 2024 13:24:58 GMT-0300 (Horário Padrão de Brasília)
-------------------------------------------------------------------------
Fri Aug 16 2024 13:25:06 GMT-0300 (Horário Padrão de Brasília)
POST
/presenca/processo
-------------------------------------------------------------------------
Fri Aug 16 2024 13:25:06 GMT-0300 (Horário Padrão de Brasília)
Conectado ao Banco de Dados CEJUSC.
-------------------------------------------------------------------------
Fri Aug 16 2024 13:25:06 GMT-0300 (Horário Padrão de Brasília)
Uma linha FOI encontrada. Processo: 0002949-21.2022
-------------------------------------------------------------------------
Fri Aug 16 2024 13:25:06 GMT-0300 (Horário Padrão de Brasília)
Banco de Dados CEJUSC fechado.
-------------------------------------------------------------------------
Fri Aug 16 2024 13:30:08 GMT-0300 (Horário Padrão de Brasília)
GET
/logout/13326574860
Usuário 13326574860 DESLOGOU >>>
-------------------------------------------------------------------------
Fri Aug 16 2024 13:30:08 GMT-0300 (Horário Padrão de Brasília)
GET
/
-------------------------------------------------------------------------
Fri Aug 16 2024 13:30:14 GMT-0300 (Horário Padrão de Brasília)
POST
/valida/api
Usuário: 13326574860
-------------------------------------------------------------------------
Fri Aug 16 2024 13:30:14 GMT-0300 (Horário Padrão de Brasília)
Conectado ao Banco de Dados CEJUSC.
-------------------------------------------------------------------------
Fri Aug 16 2024 13:30:14 GMT-0300 (Horário Padrão de Brasília)
Renato Ferreira >>>LOGOU
-------------------------------------------------------------------------
Fri Aug 16 2024 13:30:14 GMT-0300 (Horário Padrão de Brasília)
Banco de Dados CEJUSC fechado.
-------------------------------------------------------------------------
Fri Aug 16 2024 13:30:14 GMT-0300 (Horário Padrão de Brasília)
GET
/principal/13326574860.vflnvmqngdyviwof.presenca
-------------------------------------------------------------------------
Fri Aug 16 2024 13:30:19 GMT-0300 (Horário Padrão de Brasília)
POST
/presenca/processo
Conectado ao Banco de Dados CEJUSC.
-------------------------------------------------------------------------
Fri Aug 16 2024 13:30:19 GMT-0300 (Horário Padrão de Brasília)
-------------------------------------------------------------------------
Fri Aug 16 2024 13:30:19 GMT-0300 (Horário Padrão de Brasília)
Uma linha FOI encontrada. Processo: 0002949-21.2022
-------------------------------------------------------------------------
Fri Aug 16 2024 13:30:19 GMT-0300 (Horário Padrão de Brasília)
Banco de Dados CEJUSC fechado.
-------------------------------------------------------------------------
Fri Aug 16 2024 13:30:35 GMT-0300 (Horário Padrão de Brasília)
POST
/presenca/add/novaparte
-------------------------------------------------------------------------
Fri Aug 16 2024 13:30:35 GMT-0300 (Horário Padrão de Brasília)
Conectado ao Banco de Dados CEJUSC.
/presenca/processo
-------------------------------------------------------------------------
Fri Aug 16 2024 13:30:35 GMT-0300 (Horário Padrão de Brasília)
POST
-------------------------------------------------------------------------
Fri Aug 16 2024 13:30:35 GMT-0300 (Horário Padrão de Brasília)
Conectado ao Banco de Dados CEJUSC.
-------------------------------------------------------------------------
Fri Aug 16 2024 13:30:35 GMT-0300 (Horário Padrão de Brasília)
Uma linha FOI encontrada. Processo: 0002949-21.2022
-------------------------------------------------------------------------
Fri Aug 16 2024 13:30:35 GMT-0300 (Horário Padrão de Brasília)
Banco de Dados CEJUSC fechado.
-------------------------------------------------------------------------
Fri Aug 16 2024 13:30:35 GMT-0300 (Horário Padrão de Brasília)
Banco de Dados CEJUSC fechado.
-------------------------------------------------------------------------
Fri Aug 16 2024 13:30:58 GMT-0300 (Horário Padrão de Brasília)
POST
/presenca/processo
-------------------------------------------------------------------------
Fri Aug 16 2024 13:30:58 GMT-0300 (Horário Padrão de Brasília)
Conectado ao Banco de Dados CEJUSC.
Uma linha FOI encontrada. Processo: 0002949-21.2022
-------------------------------------------------------------------------
Fri Aug 16 2024 13:30:58 GMT-0300 (Horário Padrão de Brasília)
-------------------------------------------------------------------------
Fri Aug 16 2024 13:30:58 GMT-0300 (Horário Padrão de Brasília)
Banco de Dados CEJUSC fechado.
-------------------------------------------------------------------------
Fri Aug 16 2024 13:31:08 GMT-0300 (Horário Padrão de Brasília)
GET
/principal/13326574860.vflnvmqngdyviwof.completas
-------------------------------------------------------------------------
Fri Aug 16 2024 13:31:09 GMT-0300 (Horário Padrão de Brasília)
GET
/principal/13326574860.vflnvmqngdyviwof.presenca
/presenca/processo
-------------------------------------------------------------------------
Fri Aug 16 2024 13:31:14 GMT-0300 (Horário Padrão de Brasília)
POST
-------------------------------------------------------------------------
Fri Aug 16 2024 13:31:14 GMT-0300 (Horário Padrão de Brasília)
Conectado ao Banco de Dados CEJUSC.
Uma linha FOI encontrada. Processo: 0002949-21.2022
-------------------------------------------------------------------------
Fri Aug 16 2024 13:31:14 GMT-0300 (Horário Padrão de Brasília)
-------------------------------------------------------------------------
Fri Aug 16 2024 13:31:14 GMT-0300 (Horário Padrão de Brasília)
Banco de Dados CEJUSC fechado.
-------------------------------------------------------------------------
Fri Aug 16 2024 13:34:56 GMT-0300 (Horário Padrão de Brasília)
/principal/13326574860.vflnvmqngdyviwof.conciliador
GET
-------------------------------------------------------------------------
Fri Aug 16 2024 13:34:57 GMT-0300 (Horário Padrão de Brasília)
GET
/principal/13326574860.vflnvmqngdyviwof.presenca
-------------------------------------------------------------------------
Fri Aug 16 2024 13:35:04 GMT-0300 (Horário Padrão de Brasília)
POST
/presenca/processo
Conectado ao Banco de Dados CEJUSC.
-------------------------------------------------------------------------
Fri Aug 16 2024 13:35:04 GMT-0300 (Horário Padrão de Brasília)
-------------------------------------------------------------------------
Fri Aug 16 2024 13:35:04 GMT-0300 (Horário Padrão de Brasília)
Uma linha FOI encontrada. Processo: 0002949-21.2022
-------------------------------------------------------------------------
Fri Aug 16 2024 13:35:04 GMT-0300 (Horário Padrão de Brasília)
Banco de Dados CEJUSC fechado.
-------------------------------------------------------------------------
Fri Aug 16 2024 13:35:15 GMT-0300 (Horário Padrão de Brasília)
/presenca/add/novaparte
POST
-------------------------------------------------------------------------
Fri Aug 16 2024 13:35:15 GMT-0300 (Horário Padrão de Brasília)
Conectado ao Banco de Dados CEJUSC.
POST
/presenca/processo
-------------------------------------------------------------------------
Fri Aug 16 2024 13:35:15 GMT-0300 (Horário Padrão de Brasília)
Conectado ao Banco de Dados CEJUSC.
-------------------------------------------------------------------------
Fri Aug 16 2024 13:35:15 GMT-0300 (Horário Padrão de Brasília)
-------------------------------------------------------------------------
Fri Aug 16 2024 13:35:15 GMT-0300 (Horário Padrão de Brasília)
Banco de Dados CEJUSC fechado.
-------------------------------------------------------------------------
Fri Aug 16 2024 13:35:15 GMT-0300 (Horário Padrão de Brasília)
Uma linha FOI encontrada. Processo: 0002949-21.2022
-------------------------------------------------------------------------
Fri Aug 16 2024 13:35:15 GMT-0300 (Horário Padrão de Brasília)
Banco de Dados CEJUSC fechado.
-------------------------------------------------------------------------
Fri Aug 16 2024 13:35:51 GMT-0300 (Horário Padrão de Brasília)
GET
/principal/13326574860.vflnvmqngdyviwof.completas
-------------------------------------------------------------------------
Fri Aug 16 2024 13:35:52 GMT-0300 (Horário Padrão de Brasília)
/principal/13326574860.vflnvmqngdyviwof.presenca
GET
/presenca/processo
POST
-------------------------------------------------------------------------
Fri Aug 16 2024 13:35:58 GMT-0300 (Horário Padrão de Brasília)
Conectado ao Banco de Dados CEJUSC.
-------------------------------------------------------------------------
Fri Aug 16 2024 13:35:58 GMT-0300 (Horário Padrão de Brasília)
-------------------------------------------------------------------------
Fri Aug 16 2024 13:35:58 GMT-0300 (Horário Padrão de Brasília)
Uma linha FOI encontrada. Processo: 0002949-21.2022
-------------------------------------------------------------------------
Fri Aug 16 2024 13:35:58 GMT-0300 (Horário Padrão de Brasília)
Banco de Dados CEJUSC fechado.
-------------------------------------------------------------------------
Fri Aug 16 2024 13:36:09 GMT-0300 (Horário Padrão de Brasília)
POST
/presenca/add/novaparte
Conectado ao Banco de Dados CEJUSC.
-------------------------------------------------------------------------
Fri Aug 16 2024 13:36:09 GMT-0300 (Horário Padrão de Brasília)
POST
/presenca/processo
-------------------------------------------------------------------------
Fri Aug 16 2024 13:36:09 GMT-0300 (Horário Padrão de Brasília)
-------------------------------------------------------------------------
Fri Aug 16 2024 13:36:09 GMT-0300 (Horário Padrão de Brasília)
Conectado ao Banco de Dados CEJUSC.
Uma linha foi atualizada. UPDATE: 105 ; 1
-------------------------------------------------------------------------
Fri Aug 16 2024 13:36:09 GMT-0300 (Horário Padrão de Brasília)
-------------------------------------------------------------------------
Fri Aug 16 2024 13:36:09 GMT-0300 (Horário Padrão de Brasília)
Banco de Dados CEJUSC fechado.
-------------------------------------------------------------------------
Fri Aug 16 2024 13:36:09 GMT-0300 (Horário Padrão de Brasília)
Uma linha FOI encontrada. Processo: 0002949-21.2022
-------------------------------------------------------------------------
Fri Aug 16 2024 13:36:09 GMT-0300 (Horário Padrão de Brasília)
Banco de Dados CEJUSC fechado.
-------------------------------------------------------------------------
Fri Aug 16 2024 13:45:46 GMT-0300 (Horário Padrão de Brasília)
/presenca/add/novaparte
POST
-------------------------------------------------------------------------
Fri Aug 16 2024 13:45:46 GMT-0300 (Horário Padrão de Brasília)
Conectado ao Banco de Dados CEJUSC.
-------------------------------------------------------------------------
Fri Aug 16 2024 13:45:46 GMT-0300 (Horário Padrão de Brasília)
POST
/presenca/processo
-------------------------------------------------------------------------
Fri Aug 16 2024 13:45:46 GMT-0300 (Horário Padrão de Brasília)
Conectado ao Banco de Dados CEJUSC.
-------------------------------------------------------------------------
Fri Aug 16 2024 13:45:46 GMT-0300 (Horário Padrão de Brasília)
Uma linha foi atualizada. UPDATE: 33 ; 1
-------------------------------------------------------------------------
Fri Aug 16 2024 13:45:46 GMT-0300 (Horário Padrão de Brasília)
Banco de Dados CEJUSC fechado.
-------------------------------------------------------------------------
Fri Aug 16 2024 13:45:46 GMT-0300 (Horário Padrão de Brasília)
Uma linha FOI encontrada. Processo: 0002949-21.2022
-------------------------------------------------------------------------
Fri Aug 16 2024 13:45:46 GMT-0300 (Horário Padrão de Brasília)
Banco de Dados CEJUSC fechado.
-------------------------------------------------------------------------
Fri Aug 16 2024 13:51:02 GMT-0300 (Horário Padrão de Brasília)
GET
/principal/13326574860.vflnvmqngdyviwof.conciliador
-------------------------------------------------------------------------
Fri Aug 16 2024 13:51:03 GMT-0300 (Horário Padrão de Brasília)
GET
/principal/13326574860.vflnvmqngdyviwof.presenca
/presenca/processo
-------------------------------------------------------------------------
Fri Aug 16 2024 13:51:07 GMT-0300 (Horário Padrão de Brasília)
POST
Conectado ao Banco de Dados CEJUSC.
-------------------------------------------------------------------------
Fri Aug 16 2024 13:51:07 GMT-0300 (Horário Padrão de Brasília)
-------------------------------------------------------------------------
Fri Aug 16 2024 13:51:07 GMT-0300 (Horário Padrão de Brasília)
Uma linha FOI encontrada. Processo: 0002949-21.2022
Banco de Dados CEJUSC fechado.
-------------------------------------------------------------------------
Fri Aug 16 2024 13:51:07 GMT-0300 (Horário Padrão de Brasília)
-------------------------------------------------------------------------
Fri Aug 16 2024 13:51:47 GMT-0300 (Horário Padrão de Brasília)
POST
/presenca/add/novaparte
Conectado ao Banco de Dados CEJUSC.
-------------------------------------------------------------------------
Fri Aug 16 2024 13:51:47 GMT-0300 (Horário Padrão de Brasília)
-------------------------------------------------------------------------
Fri Aug 16 2024 13:51:47 GMT-0300 (Horário Padrão de Brasília)
POST
/presenca/processo
Conectado ao Banco de Dados CEJUSC.
-------------------------------------------------------------------------
Fri Aug 16 2024 13:51:47 GMT-0300 (Horário Padrão de Brasília)
-------------------------------------------------------------------------
Fri Aug 16 2024 13:51:48 GMT-0300 (Horário Padrão de Brasília)
Uma linha foi atualizada. UPDATE: 106 ; 1
-------------------------------------------------------------------------
Fri Aug 16 2024 13:51:48 GMT-0300 (Horário Padrão de Brasília)
Banco de Dados CEJUSC fechado.
-------------------------------------------------------------------------
Fri Aug 16 2024 13:51:48 GMT-0300 (Horário Padrão de Brasília)
Uma linha FOI encontrada. Processo: 0002949-21.2022
-------------------------------------------------------------------------
Fri Aug 16 2024 13:51:48 GMT-0300 (Horário Padrão de Brasília)
Banco de Dados CEJUSC fechado.
-------------------------------------------------------------------------
Fri Aug 16 2024 14:01:02 GMT-0300 (Horário Padrão de Brasília)
GET
/logout/13326574860
Usuário 13326574860 DESLOGOU >>>
-------------------------------------------------------------------------
Fri Aug 16 2024 14:01:03 GMT-0300 (Horário Padrão de Brasília)
GET
/
-------------------------------------------------------------------------
Fri Aug 16 2024 14:01:25 GMT-0300 (Horário Padrão de Brasília)
POST
/valida/api
Usuário: 13326574860
Conectado ao Banco de Dados CEJUSC.
-------------------------------------------------------------------------
Fri Aug 16 2024 14:01:25 GMT-0300 (Horário Padrão de Brasília)
-------------------------------------------------------------------------
Fri Aug 16 2024 14:01:25 GMT-0300 (Horário Padrão de Brasília)
Renato Ferreira >>>LOGOU
-------------------------------------------------------------------------
Fri Aug 16 2024 14:01:25 GMT-0300 (Horário Padrão de Brasília)
Banco de Dados CEJUSC fechado.
-------------------------------------------------------------------------
Fri Aug 16 2024 14:01:25 GMT-0300 (Horário Padrão de Brasília)
GET
/principal/13326574860.xmnqyxbgaqoirpas.presenca
-------------------------------------------------------------------------
Fri Aug 16 2024 14:01:29 GMT-0300 (Horário Padrão de Brasília)
POST
/presenca/processo
-------------------------------------------------------------------------
Fri Aug 16 2024 14:01:29 GMT-0300 (Horário Padrão de Brasília)
Conectado ao Banco de Dados CEJUSC.
-------------------------------------------------------------------------
Fri Aug 16 2024 14:01:29 GMT-0300 (Horário Padrão de Brasília)
Uma linha FOI encontrada. Processo: 0002949-21.2022
Banco de Dados CEJUSC fechado.
-------------------------------------------------------------------------
Fri Aug 16 2024 14:01:29 GMT-0300 (Horário Padrão de Brasília)
POST
-------------------------------------------------------------------------
Fri Aug 16 2024 14:01:34 GMT-0300 (Horário Padrão de Brasília)
/presenca/add/novaparte
Conectado ao Banco de Dados CEJUSC.
-------------------------------------------------------------------------
Fri Aug 16 2024 14:01:34 GMT-0300 (Horário Padrão de Brasília)
-------------------------------------------------------------------------
Fri Aug 16 2024 14:01:34 GMT-0300 (Horário Padrão de Brasília)
POST
/presenca/processo
-------------------------------------------------------------------------
Fri Aug 16 2024 14:01:34 GMT-0300 (Horário Padrão de Brasília)
Conectado ao Banco de Dados CEJUSC.
-------------------------------------------------------------------------
Fri Aug 16 2024 14:01:34 GMT-0300 (Horário Padrão de Brasília)
Uma linha foi atualizada. UPDATE: 107 ; 1
-------------------------------------------------------------------------
Fri Aug 16 2024 14:01:34 GMT-0300 (Horário Padrão de Brasília)
Banco de Dados CEJUSC fechado.
-------------------------------------------------------------------------
Fri Aug 16 2024 14:01:34 GMT-0300 (Horário Padrão de Brasília)
Uma linha FOI encontrada. Processo: 0002949-21.2022
-------------------------------------------------------------------------
Fri Aug 16 2024 14:01:34 GMT-0300 (Horário Padrão de Brasília)
Banco de Dados CEJUSC fechado.
-------------------------------------------------------------------------
Fri Aug 16 2024 14:02:24 GMT-0300 (Horário Padrão de Brasília)
POST
/presenca/processo
-------------------------------------------------------------------------
Fri Aug 16 2024 14:02:24 GMT-0300 (Horário Padrão de Brasília)
Conectado ao Banco de Dados CEJUSC.
-------------------------------------------------------------------------
Fri Aug 16 2024 14:02:24 GMT-0300 (Horário Padrão de Brasília)
Uma linha FOI encontrada. Processo: 0002949-21.2022
-------------------------------------------------------------------------
Fri Aug 16 2024 14:02:24 GMT-0300 (Horário Padrão de Brasília)
Banco de Dados CEJUSC fechado.
-------------------------------------------------------------------------
Fri Aug 16 2024 14:02:25 GMT-0300 (Horário Padrão de Brasília)
POST
/presenca/processo
-------------------------------------------------------------------------
Fri Aug 16 2024 14:02:25 GMT-0300 (Horário Padrão de Brasília)
Conectado ao Banco de Dados CEJUSC.
-------------------------------------------------------------------------
Fri Aug 16 2024 14:02:25 GMT-0300 (Horário Padrão de Brasília)
Uma linha FOI encontrada. Processo: 0002949-21.2022
-------------------------------------------------------------------------
Fri Aug 16 2024 14:02:25 GMT-0300 (Horário Padrão de Brasília)
Banco de Dados CEJUSC fechado.
-------------------------------------------------------------------------
Fri Aug 16 2024 14:06:19 GMT-0300 (Horário Padrão de Brasília)
GET
/principal/13326574860.xmnqyxbgaqoirpas.completas
-------------------------------------------------------------------------
Fri Aug 16 2024 14:06:21 GMT-0300 (Horário Padrão de Brasília)
GET
/principal/13326574860.xmnqyxbgaqoirpas.presenca
POST
-------------------------------------------------------------------------
Fri Aug 16 2024 14:06:25 GMT-0300 (Horário Padrão de Brasília)
/presenca/processo
-------------------------------------------------------------------------
Fri Aug 16 2024 14:06:25 GMT-0300 (Horário Padrão de Brasília)
Conectado ao Banco de Dados CEJUSC.
Uma linha FOI encontrada. Processo: 0002949-21.2022
-------------------------------------------------------------------------
Fri Aug 16 2024 14:06:25 GMT-0300 (Horário Padrão de Brasília)
-------------------------------------------------------------------------
Fri Aug 16 2024 14:06:25 GMT-0300 (Horário Padrão de Brasília)
Banco de Dados CEJUSC fechado.
-------------------------------------------------------------------------
Fri Aug 16 2024 14:07:57 GMT-0300 (Horário Padrão de Brasília)
GET
/principal/13326574860.xmnqyxbgaqoirpas.completas
-------------------------------------------------------------------------
Fri Aug 16 2024 14:08:27 GMT-0300 (Horário Padrão de Brasília)
GET
/principal/13326574860.xmnqyxbgaqoirpas.presenca
POST
-------------------------------------------------------------------------
Fri Aug 16 2024 14:08:32 GMT-0300 (Horário Padrão de Brasília)
/presenca/processo
-------------------------------------------------------------------------
Fri Aug 16 2024 14:08:32 GMT-0300 (Horário Padrão de Brasília)
Conectado ao Banco de Dados CEJUSC.
-------------------------------------------------------------------------
Fri Aug 16 2024 14:08:32 GMT-0300 (Horário Padrão de Brasília)
Uma linha FOI encontrada. Processo: 0002949-21.2022
-------------------------------------------------------------------------
Fri Aug 16 2024 14:08:32 GMT-0300 (Horário Padrão de Brasília)
Banco de Dados CEJUSC fechado.
-------------------------------------------------------------------------
Fri Aug 16 2024 14:09:09 GMT-0300 (Horário Padrão de Brasília)
POST
/presenca/processo
-------------------------------------------------------------------------
Fri Aug 16 2024 14:09:09 GMT-0300 (Horário Padrão de Brasília)
Conectado ao Banco de Dados CEJUSC.
-------------------------------------------------------------------------
Fri Aug 16 2024 14:09:09 GMT-0300 (Horário Padrão de Brasília)
Uma linha FOI encontrada. Processo: 0002949-21.2022
-------------------------------------------------------------------------
Fri Aug 16 2024 14:09:09 GMT-0300 (Horário Padrão de Brasília)
Banco de Dados CEJUSC fechado.
-------------------------------------------------------------------------
Fri Aug 16 2024 14:09:23 GMT-0300 (Horário Padrão de Brasília)
POST
/presenca/check
Conectado ao Banco de Dados CEJUSC.
-------------------------------------------------------------------------
Fri Aug 16 2024 14:09:23 GMT-0300 (Horário Padrão de Brasília)
-------------------------------------------------------------------------
Fri Aug 16 2024 14:09:23 GMT-0300 (Horário Padrão de Brasília)
Uma linha foi atualizada. UPDATE: 3
-------------------------------------------------------------------------
Fri Aug 16 2024 14:09:23 GMT-0300 (Horário Padrão de Brasília)
POST
/presenca/processo
-------------------------------------------------------------------------
Fri Aug 16 2024 14:09:23 GMT-0300 (Horário Padrão de Brasília)
Banco de Dados CEJUSC fechado.
-------------------------------------------------------------------------
Fri Aug 16 2024 14:09:23 GMT-0300 (Horário Padrão de Brasília)
Conectado ao Banco de Dados CEJUSC.
-------------------------------------------------------------------------
Fri Aug 16 2024 14:09:23 GMT-0300 (Horário Padrão de Brasília)
Uma linha FOI encontrada. Processo: 0002949-21.2022
-------------------------------------------------------------------------
Fri Aug 16 2024 14:09:23 GMT-0300 (Horário Padrão de Brasília)
Banco de Dados CEJUSC fechado.
/presenca/check/completa
-------------------------------------------------------------------------
Fri Aug 16 2024 14:12:01 GMT-0300 (Horário Padrão de Brasília)
POST
-------------------------------------------------------------------------
Fri Aug 16 2024 14:12:01 GMT-0300 (Horário Padrão de Brasília)
Conectado ao Banco de Dados CEJUSC.
-------------------------------------------------------------------------
Fri Aug 16 2024 14:12:01 GMT-0300 (Horário Padrão de Brasília)
POST
/presenca/processo
-------------------------------------------------------------------------
Fri Aug 16 2024 14:12:01 GMT-0300 (Horário Padrão de Brasília)
Conectado ao Banco de Dados CEJUSC.
-------------------------------------------------------------------------
Fri Aug 16 2024 14:12:03 GMT-0300 (Horário Padrão de Brasília)
Uma linha foi atualizada. UPDATE: 1
-------------------------------------------------------------------------
Fri Aug 16 2024 14:12:03 GMT-0300 (Horário Padrão de Brasília)
Banco de Dados CEJUSC fechado.
-------------------------------------------------------------------------
Fri Aug 16 2024 14:12:03 GMT-0300 (Horário Padrão de Brasília)
Uma linha FOI encontrada. Processo: 0002949-21.2022
-------------------------------------------------------------------------
Fri Aug 16 2024 14:12:03 GMT-0300 (Horário Padrão de Brasília)
Banco de Dados CEJUSC fechado.
/presenca/check/completa
-------------------------------------------------------------------------
Fri Aug 16 2024 14:16:22 GMT-0300 (Horário Padrão de Brasília)
POST
-------------------------------------------------------------------------
Fri Aug 16 2024 14:16:22 GMT-0300 (Horário Padrão de Brasília)
Conectado ao Banco de Dados CEJUSC.
-------------------------------------------------------------------------
Fri Aug 16 2024 14:16:22 GMT-0300 (Horário Padrão de Brasília)
/presenca/processo
POST
-------------------------------------------------------------------------
Fri Aug 16 2024 14:16:22 GMT-0300 (Horário Padrão de Brasília)
Conectado ao Banco de Dados CEJUSC.
-------------------------------------------------------------------------
Fri Aug 16 2024 14:16:24 GMT-0300 (Horário Padrão de Brasília)
Uma linha foi atualizada. UPDATE: 1
-------------------------------------------------------------------------
Fri Aug 16 2024 14:16:24 GMT-0300 (Horário Padrão de Brasília)
Banco de Dados CEJUSC fechado.
Uma linha FOI encontrada. Processo: 0002949-21.2022
-------------------------------------------------------------------------
Fri Aug 16 2024 14:16:24 GMT-0300 (Horário Padrão de Brasília)
-------------------------------------------------------------------------
Fri Aug 16 2024 14:16:24 GMT-0300 (Horário Padrão de Brasília)
Banco de Dados CEJUSC fechado.
GET
-------------------------------------------------------------------------
Fri Aug 16 2024 14:22:31 GMT-0300 (Horário Padrão de Brasília)
/logout/13326574860
Usuário 13326574860 DESLOGOU >>>
-------------------------------------------------------------------------
Fri Aug 16 2024 14:22:31 GMT-0300 (Horário Padrão de Brasília)
GET
/
POST
-------------------------------------------------------------------------
Fri Aug 16 2024 14:22:36 GMT-0300 (Horário Padrão de Brasília)
/valida/api
Usuário: 13326574860
Conectado ao Banco de Dados CEJUSC.
-------------------------------------------------------------------------
Fri Aug 16 2024 14:22:36 GMT-0300 (Horário Padrão de Brasília)
-------------------------------------------------------------------------
Fri Aug 16 2024 14:22:36 GMT-0300 (Horário Padrão de Brasília)
Renato Ferreira >>>LOGOU
-------------------------------------------------------------------------
Fri Aug 16 2024 14:22:36 GMT-0300 (Horário Padrão de Brasília)
Banco de Dados CEJUSC fechado.
-------------------------------------------------------------------------
Fri Aug 16 2024 14:22:37 GMT-0300 (Horário Padrão de Brasília)
GET
/principal/13326574860.xfvnbvsunlbiecxf.presenca
-------------------------------------------------------------------------
Fri Aug 16 2024 14:22:42 GMT-0300 (Horário Padrão de Brasília)
POST
/presenca/processo
-------------------------------------------------------------------------
Fri Aug 16 2024 14:22:42 GMT-0300 (Horário Padrão de Brasília)
Conectado ao Banco de Dados CEJUSC.
-------------------------------------------------------------------------
Fri Aug 16 2024 14:22:42 GMT-0300 (Horário Padrão de Brasília)
Uma linha FOI encontrada. Processo: 0002949-21.2022
-------------------------------------------------------------------------
Fri Aug 16 2024 14:22:42 GMT-0300 (Horário Padrão de Brasília)
Banco de Dados CEJUSC fechado.
-------------------------------------------------------------------------
Fri Aug 16 2024 14:23:57 GMT-0300 (Horário Padrão de Brasília)
GET
/principal/13326574860.xfvnbvsunlbiecxf.conciliador
-------------------------------------------------------------------------
Fri Aug 16 2024 14:23:58 GMT-0300 (Horário Padrão de Brasília)
/principal/13326574860.xfvnbvsunlbiecxf.presenca
GET
POST
/presenca/processo
-------------------------------------------------------------------------
Fri Aug 16 2024 14:24:03 GMT-0300 (Horário Padrão de Brasília)
Conectado ao Banco de Dados CEJUSC.
-------------------------------------------------------------------------
Fri Aug 16 2024 14:24:03 GMT-0300 (Horário Padrão de Brasília)
Uma linha FOI encontrada. Processo: 0002949-21.2022
-------------------------------------------------------------------------
Fri Aug 16 2024 14:24:03 GMT-0300 (Horário Padrão de Brasília)
-------------------------------------------------------------------------
Fri Aug 16 2024 14:24:03 GMT-0300 (Horário Padrão de Brasília)
Banco de Dados CEJUSC fechado.
-------------------------------------------------------------------------
Fri Aug 16 2024 14:26:01 GMT-0300 (Horário Padrão de Brasília)
GET
Usuário 13326574860 DESLOGOU >>>
/logout/13326574860
-------------------------------------------------------------------------
Fri Aug 16 2024 14:26:01 GMT-0300 (Horário Padrão de Brasília)
/
GET
-------------------------------------------------------------------------
Fri Aug 16 2024 14:26:19 GMT-0300 (Horário Padrão de Brasília)
POST
/valida/api
Usuário: 13326574860
Conectado ao Banco de Dados CEJUSC.
-------------------------------------------------------------------------
Fri Aug 16 2024 14:26:19 GMT-0300 (Horário Padrão de Brasília)
-------------------------------------------------------------------------
Fri Aug 16 2024 14:26:19 GMT-0300 (Horário Padrão de Brasília)
Renato Ferreira >>>LOGOU
-------------------------------------------------------------------------
Fri Aug 16 2024 14:26:19 GMT-0300 (Horário Padrão de Brasília)
Banco de Dados CEJUSC fechado.
-------------------------------------------------------------------------
Fri Aug 16 2024 14:26:19 GMT-0300 (Horário Padrão de Brasília)
GET
/principal/13326574860.tiinqtcvzxjdpnew.presenca
-------------------------------------------------------------------------
Fri Aug 16 2024 14:26:23 GMT-0300 (Horário Padrão de Brasília)
POST
/presenca/processo
Conectado ao Banco de Dados CEJUSC.
-------------------------------------------------------------------------
Fri Aug 16 2024 14:26:23 GMT-0300 (Horário Padrão de Brasília)
-------------------------------------------------------------------------
Fri Aug 16 2024 14:26:23 GMT-0300 (Horário Padrão de Brasília)
Uma linha FOI encontrada. Processo: 0002949-21.2022
-------------------------------------------------------------------------
Fri Aug 16 2024 14:26:23 GMT-0300 (Horário Padrão de Brasília)
Banco de Dados CEJUSC fechado.
-------------------------------------------------------------------------
Fri Aug 16 2024 14:27:03 GMT-0300 (Horário Padrão de Brasília)
GET
/principal/13326574860.tiinqtcvzxjdpnew.completas
-------------------------------------------------------------------------
Fri Aug 16 2024 14:27:03 GMT-0300 (Horário Padrão de Brasília)
GET
/principal/13326574860.tiinqtcvzxjdpnew.presenca
-------------------------------------------------------------------------
Fri Aug 16 2024 14:27:07 GMT-0300 (Horário Padrão de Brasília)
POST
/presenca/processo
Conectado ao Banco de Dados CEJUSC.
-------------------------------------------------------------------------
Fri Aug 16 2024 14:27:07 GMT-0300 (Horário Padrão de Brasília)
-------------------------------------------------------------------------
Fri Aug 16 2024 14:27:07 GMT-0300 (Horário Padrão de Brasília)
Uma linha FOI encontrada. Processo: 0002949-21.2022
-------------------------------------------------------------------------
Fri Aug 16 2024 14:27:07 GMT-0300 (Horário Padrão de Brasília)
Banco de Dados CEJUSC fechado.
POST
-------------------------------------------------------------------------
Fri Aug 16 2024 14:27:13 GMT-0300 (Horário Padrão de Brasília)
/presenca/add/novaparte
-------------------------------------------------------------------------
Fri Aug 16 2024 14:27:13 GMT-0300 (Horário Padrão de Brasília)
Conectado ao Banco de Dados CEJUSC.
-------------------------------------------------------------------------
Fri Aug 16 2024 14:27:13 GMT-0300 (Horário Padrão de Brasília)
POST
/presenca/processo
-------------------------------------------------------------------------
Fri Aug 16 2024 14:27:13 GMT-0300 (Horário Padrão de Brasília)
Banco de Dados CEJUSC fechado.
-------------------------------------------------------------------------
Fri Aug 16 2024 14:27:13 GMT-0300 (Horário Padrão de Brasília)
Conectado ao Banco de Dados CEJUSC.
-------------------------------------------------------------------------
Fri Aug 16 2024 14:27:13 GMT-0300 (Horário Padrão de Brasília)
Uma linha FOI encontrada. Processo: 0002949-21.2022
Banco de Dados CEJUSC fechado.
-------------------------------------------------------------------------
Fri Aug 16 2024 14:27:13 GMT-0300 (Horário Padrão de Brasília)
-------------------------------------------------------------------------
Fri Aug 16 2024 14:29:30 GMT-0300 (Horário Padrão de Brasília)
Usuário 13326574860 DESLOGOU >>>
GET
/logout/13326574860
GET
/
-------------------------------------------------------------------------
Fri Aug 16 2024 14:29:30 GMT-0300 (Horário Padrão de Brasília)
-------------------------------------------------------------------------
Fri Aug 16 2024 14:29:54 GMT-0300 (Horário Padrão de Brasília)
POST
Usuário: 13326574860
/valida/api
-------------------------------------------------------------------------
Fri Aug 16 2024 14:29:54 GMT-0300 (Horário Padrão de Brasília)
Conectado ao Banco de Dados CEJUSC.
-------------------------------------------------------------------------
Fri Aug 16 2024 14:29:54 GMT-0300 (Horário Padrão de Brasília)
Renato Ferreira >>>LOGOU
-------------------------------------------------------------------------
Fri Aug 16 2024 14:29:54 GMT-0300 (Horário Padrão de Brasília)
Banco de Dados CEJUSC fechado.
-------------------------------------------------------------------------
Fri Aug 16 2024 14:29:54 GMT-0300 (Horário Padrão de Brasília)
/principal/13326574860.zrhjekeljdwsgdrb.presenca
GET
-------------------------------------------------------------------------
Fri Aug 16 2024 14:29:58 GMT-0300 (Horário Padrão de Brasília)
POST
/presenca/processo
Conectado ao Banco de Dados CEJUSC.
-------------------------------------------------------------------------
Fri Aug 16 2024 14:29:58 GMT-0300 (Horário Padrão de Brasília)
-------------------------------------------------------------------------
Fri Aug 16 2024 14:29:58 GMT-0300 (Horário Padrão de Brasília)
Uma linha FOI encontrada. Processo: 0002949-21.2022
Banco de Dados CEJUSC fechado.
-------------------------------------------------------------------------
Fri Aug 16 2024 14:29:58 GMT-0300 (Horário Padrão de Brasília)
-------------------------------------------------------------------------
Fri Aug 16 2024 14:30:05 GMT-0300 (Horário Padrão de Brasília)
POST
/presenca/add/novaparte
-------------------------------------------------------------------------
Fri Aug 16 2024 14:30:05 GMT-0300 (Horário Padrão de Brasília)
Conectado ao Banco de Dados CEJUSC.
-------------------------------------------------------------------------
Fri Aug 16 2024 14:30:05 GMT-0300 (Horário Padrão de Brasília)
POST
/presenca/processo
-------------------------------------------------------------------------
Fri Aug 16 2024 14:30:05 GMT-0300 (Horário Padrão de Brasília)
Conectado ao Banco de Dados CEJUSC.
-------------------------------------------------------------------------
Fri Aug 16 2024 14:30:05 GMT-0300 (Horário Padrão de Brasília)
MSG ERROR: SQLITE_CONSTRAINT: NOT NULL constraint failed: requerentes.requerente
-------------------------------------------------------------------------
Fri Aug 16 2024 14:30:05 GMT-0300 (Horário Padrão de Brasília)
Banco de Dados CEJUSC fechado.
-------------------------------------------------------------------------
Fri Aug 16 2024 14:30:05 GMT-0300 (Horário Padrão de Brasília)
Uma linha FOI encontrada. Processo: 0002949-21.2022
-------------------------------------------------------------------------
Fri Aug 16 2024 14:30:05 GMT-0300 (Horário Padrão de Brasília)
Banco de Dados CEJUSC fechado.
-------------------------------------------------------------------------
Fri Aug 16 2024 14:31:13 GMT-0300 (Horário Padrão de Brasília)
GET
/logout/13326574860
Usuário 13326574860 DESLOGOU >>>
-------------------------------------------------------------------------
Fri Aug 16 2024 14:31:13 GMT-0300 (Horário Padrão de Brasília)
GET
/
-------------------------------------------------------------------------
Fri Aug 16 2024 14:31:31 GMT-0300 (Horário Padrão de Brasília)
POST
Usuário: 13326574860
/valida/api
Conectado ao Banco de Dados CEJUSC.
-------------------------------------------------------------------------
Fri Aug 16 2024 14:31:31 GMT-0300 (Horário Padrão de Brasília)
-------------------------------------------------------------------------
Fri Aug 16 2024 14:31:31 GMT-0300 (Horário Padrão de Brasília)
Renato Ferreira >>>LOGOU
-------------------------------------------------------------------------
Fri Aug 16 2024 14:31:31 GMT-0300 (Horário Padrão de Brasília)
Banco de Dados CEJUSC fechado.
-------------------------------------------------------------------------
Fri Aug 16 2024 14:31:31 GMT-0300 (Horário Padrão de Brasília)
GET
/principal/13326574860.hjnavkfhlugpvmwy.presenca
-------------------------------------------------------------------------
Fri Aug 16 2024 14:31:35 GMT-0300 (Horário Padrão de Brasília)
POST
/presenca/processo
Conectado ao Banco de Dados CEJUSC.
-------------------------------------------------------------------------
Fri Aug 16 2024 14:31:35 GMT-0300 (Horário Padrão de Brasília)
-------------------------------------------------------------------------
Fri Aug 16 2024 14:31:35 GMT-0300 (Horário Padrão de Brasília)
Uma linha FOI encontrada. Processo: 0002949-21.2022
-------------------------------------------------------------------------
Fri Aug 16 2024 14:31:35 GMT-0300 (Horário Padrão de Brasília)
Banco de Dados CEJUSC fechado.
POST
-------------------------------------------------------------------------
Fri Aug 16 2024 14:32:14 GMT-0300 (Horário Padrão de Brasília)
/presenca/add/novaparte
-------------------------------------------------------------------------
Fri Aug 16 2024 14:32:14 GMT-0300 (Horário Padrão de Brasília)
Conectado ao Banco de Dados CEJUSC.
-------------------------------------------------------------------------
Fri Aug 16 2024 14:32:14 GMT-0300 (Horário Padrão de Brasília)
POST
/presenca/processo
Conectado ao Banco de Dados CEJUSC.
-------------------------------------------------------------------------
Fri Aug 16 2024 14:32:14 GMT-0300 (Horário Padrão de Brasília)
Uma linha foi atualizada. UPDATE: 105 ; 1
-------------------------------------------------------------------------
Fri Aug 16 2024 14:32:16 GMT-0300 (Horário Padrão de Brasília)
-------------------------------------------------------------------------
Fri Aug 16 2024 14:32:16 GMT-0300 (Horário Padrão de Brasília)
Banco de Dados CEJUSC fechado.
-------------------------------------------------------------------------
Fri Aug 16 2024 14:32:16 GMT-0300 (Horário Padrão de Brasília)
Uma linha FOI encontrada. Processo: 0002949-21.2022
-------------------------------------------------------------------------
Fri Aug 16 2024 14:32:16 GMT-0300 (Horário Padrão de Brasília)
Banco de Dados CEJUSC fechado.
-------------------------------------------------------------------------
Fri Aug 16 2024 14:53:07 GMT-0300 (Horário Padrão de Brasília)
GET
/logout/13326574860
Usuário 13326574860 DESLOGOU >>>
-------------------------------------------------------------------------
Fri Aug 16 2024 14:53:07 GMT-0300 (Horário Padrão de Brasília)
GET
/
-------------------------------------------------------------------------
Fri Aug 16 2024 14:53:36 GMT-0300 (Horário Padrão de Brasília)
POST
/valida/api
Usuário: 13326574860
Conectado ao Banco de Dados CEJUSC.
-------------------------------------------------------------------------
Fri Aug 16 2024 14:53:36 GMT-0300 (Horário Padrão de Brasília)
-------------------------------------------------------------------------
Fri Aug 16 2024 14:53:36 GMT-0300 (Horário Padrão de Brasília)
Renato Ferreira >>>LOGOU
-------------------------------------------------------------------------
Fri Aug 16 2024 14:53:36 GMT-0300 (Horário Padrão de Brasília)
Banco de Dados CEJUSC fechado.
-------------------------------------------------------------------------
Fri Aug 16 2024 14:53:36 GMT-0300 (Horário Padrão de Brasília)
GET
/principal/13326574860.oyzhkyjyqfdbjnvr.presenca
-------------------------------------------------------------------------
Fri Aug 16 2024 14:53:41 GMT-0300 (Horário Padrão de Brasília)
POST
/presenca/processo
-------------------------------------------------------------------------
Fri Aug 16 2024 14:53:41 GMT-0300 (Horário Padrão de Brasília)
Conectado ao Banco de Dados CEJUSC.
-------------------------------------------------------------------------
Fri Aug 16 2024 14:53:41 GMT-0300 (Horário Padrão de Brasília)
Uma linha FOI encontrada. Processo: 0002949-21.2022
-------------------------------------------------------------------------
Fri Aug 16 2024 14:53:41 GMT-0300 (Horário Padrão de Brasília)
Banco de Dados CEJUSC fechado.
-------------------------------------------------------------------------
Fri Aug 16 2024 14:53:52 GMT-0300 (Horário Padrão de Brasília)
/presenca/check
POST
-------------------------------------------------------------------------
Fri Aug 16 2024 14:53:52 GMT-0300 (Horário Padrão de Brasília)
Conectado ao Banco de Dados CEJUSC.
-------------------------------------------------------------------------
Fri Aug 16 2024 14:53:52 GMT-0300 (Horário Padrão de Brasília)
POST
/presenca/processo
Conectado ao Banco de Dados CEJUSC.
-------------------------------------------------------------------------
Fri Aug 16 2024 14:53:52 GMT-0300 (Horário Padrão de Brasília)
-------------------------------------------------------------------------
Fri Aug 16 2024 14:53:52 GMT-0300 (Horário Padrão de Brasília)
Uma linha foi atualizada. UPDATE: 1
Banco de Dados CEJUSC fechado.
-------------------------------------------------------------------------
Fri Aug 16 2024 14:53:52 GMT-0300 (Horário Padrão de Brasília)
-------------------------------------------------------------------------
Fri Aug 16 2024 14:53:52 GMT-0300 (Horário Padrão de Brasília)
Uma linha FOI encontrada. Processo: 0002949-21.2022
-------------------------------------------------------------------------
Fri Aug 16 2024 14:53:52 GMT-0300 (Horário Padrão de Brasília)
Banco de Dados CEJUSC fechado.
-------------------------------------------------------------------------
Fri Aug 16 2024 15:22:17 GMT-0300 (Horário Padrão de Brasília)
POST
/presenca/check
-------------------------------------------------------------------------
Fri Aug 16 2024 15:22:17 GMT-0300 (Horário Padrão de Brasília)
Conectado ao Banco de Dados CEJUSC.
-------------------------------------------------------------------------
Fri Aug 16 2024 15:22:17 GMT-0300 (Horário Padrão de Brasília)
POST
/presenca/processo
-------------------------------------------------------------------------
Fri Aug 16 2024 15:22:17 GMT-0300 (Horário Padrão de Brasília)
Conectado ao Banco de Dados CEJUSC.
-------------------------------------------------------------------------
Fri Aug 16 2024 15:22:19 GMT-0300 (Horário Padrão de Brasília)
Uma linha foi atualizada. UPDATE: 1
-------------------------------------------------------------------------
Fri Aug 16 2024 15:22:19 GMT-0300 (Horário Padrão de Brasília)
Banco de Dados CEJUSC fechado.
-------------------------------------------------------------------------
Fri Aug 16 2024 15:22:19 GMT-0300 (Horário Padrão de Brasília)
Uma linha FOI encontrada. Processo: 0002949-21.2022
-------------------------------------------------------------------------
Fri Aug 16 2024 15:22:19 GMT-0300 (Horário Padrão de Brasília)
Banco de Dados CEJUSC fechado.
-------------------------------------------------------------------------
Fri Aug 16 2024 15:28:55 GMT-0300 (Horário Padrão de Brasília)
POST
/presenca/nome
-------------------------------------------------------------------------
Fri Aug 16 2024 15:28:55 GMT-0300 (Horário Padrão de Brasília)
Conectado ao Banco de Dados CEJUSC.
-------------------------------------------------------------------------
Fri Aug 16 2024 15:28:56 GMT-0300 (Horário Padrão de Brasília)
Uma linha FOI encontrada. Nome: %maria% Processo: 0002949-21.2022
-------------------------------------------------------------------------
Fri Aug 16 2024 15:28:56 GMT-0300 (Horário Padrão de Brasília)
Banco de Dados CEJUSC fechado.
-------------------------------------------------------------------------
Fri Aug 16 2024 15:28:56 GMT-0300 (Horário Padrão de Brasília)
POST
/presenca/processo
Conectado ao Banco de Dados CEJUSC.
-------------------------------------------------------------------------
Fri Aug 16 2024 15:28:56 GMT-0300 (Horário Padrão de Brasília)
-------------------------------------------------------------------------
Fri Aug 16 2024 15:28:56 GMT-0300 (Horário Padrão de Brasília)
Uma linha FOI encontrada. Processo: 0002949-21.2022
-------------------------------------------------------------------------
Fri Aug 16 2024 15:28:56 GMT-0300 (Horário Padrão de Brasília)
Banco de Dados CEJUSC fechado.
POST
/presenca/check/completa
-------------------------------------------------------------------------
Fri Aug 16 2024 15:29:33 GMT-0300 (Horário Padrão de Brasília)
-------------------------------------------------------------------------
Fri Aug 16 2024 15:29:33 GMT-0300 (Horário Padrão de Brasília)
Conectado ao Banco de Dados CEJUSC.
POST
-------------------------------------------------------------------------
Fri Aug 16 2024 15:29:33 GMT-0300 (Horário Padrão de Brasília)
/presenca/processo
-------------------------------------------------------------------------
Fri Aug 16 2024 15:29:33 GMT-0300 (Horário Padrão de Brasília)
Conectado ao Banco de Dados CEJUSC.
-------------------------------------------------------------------------
Fri Aug 16 2024 15:29:33 GMT-0300 (Horário Padrão de Brasília)
Uma linha foi atualizada. UPDATE: 1
Banco de Dados CEJUSC fechado.
-------------------------------------------------------------------------
Fri Aug 16 2024 15:29:33 GMT-0300 (Horário Padrão de Brasília)
-------------------------------------------------------------------------
Fri Aug 16 2024 15:29:33 GMT-0300 (Horário Padrão de Brasília)
Uma linha FOI encontrada. Processo: 0002949-21.2022
-------------------------------------------------------------------------
Fri Aug 16 2024 15:29:33 GMT-0300 (Horário Padrão de Brasília)
Banco de Dados CEJUSC fechado.
GET
-------------------------------------------------------------------------
Fri Aug 16 2024 15:35:22 GMT-0300 (Horário Padrão de Brasília)
/principal/13326574860.oyzhkyjyqfdbjnvr.completas
-------------------------------------------------------------------------
Fri Aug 16 2024 15:35:23 GMT-0300 (Horário Padrão de Brasília)
GET
/principal/13326574860.oyzhkyjyqfdbjnvr.conciliador
/principal/13326574860.oyzhkyjyqfdbjnvr.presenca
-------------------------------------------------------------------------
Fri Aug 16 2024 15:35:26 GMT-0300 (Horário Padrão de Brasília)
GET
-------------------------------------------------------------------------
Fri Aug 16 2024 16:01:33 GMT-0300 (Horário Padrão de Brasília)
GET
/
-------------------------------------------------------------------------
Fri Aug 16 2024 16:01:39 GMT-0300 (Horário Padrão de Brasília)
POST
/valida/api
Usuário: 13326574860
-------------------------------------------------------------------------
Fri Aug 16 2024 16:01:39 GMT-0300 (Horário Padrão de Brasília)
Conectado ao Banco de Dados CEJUSC.
-------------------------------------------------------------------------
Fri Aug 16 2024 16:01:39 GMT-0300 (Horário Padrão de Brasília)
Renato Ferreira >>>LOGOU
-------------------------------------------------------------------------
Fri Aug 16 2024 16:01:39 GMT-0300 (Horário Padrão de Brasília)
Banco de Dados CEJUSC fechado.
-------------------------------------------------------------------------
Fri Aug 16 2024 16:01:39 GMT-0300 (Horário Padrão de Brasília)
/principal/13326574860.fqoenjqrphvtadlf.presenca
GET
-------------------------------------------------------------------------
Fri Aug 16 2024 16:01:45 GMT-0300 (Horário Padrão de Brasília)
POST
/presenca/processo
-------------------------------------------------------------------------
Fri Aug 16 2024 16:01:45 GMT-0300 (Horário Padrão de Brasília)
Conectado ao Banco de Dados CEJUSC.
-------------------------------------------------------------------------
Fri Aug 16 2024 16:01:45 GMT-0300 (Horário Padrão de Brasília)
Uma linha NÃO foi encontrada. Processo: 0010025-78.2024
Banco de Dados CEJUSC fechado.
-------------------------------------------------------------------------
Fri Aug 16 2024 16:01:45 GMT-0300 (Horário Padrão de Brasília)
-------------------------------------------------------------------------
Fri Aug 16 2024 16:01:53 GMT-0300 (Horário Padrão de Brasília)
POST
/presenca/processo
Conectado ao Banco de Dados CEJUSC.
-------------------------------------------------------------------------
Fri Aug 16 2024 16:01:53 GMT-0300 (Horário Padrão de Brasília)
-------------------------------------------------------------------------
Fri Aug 16 2024 16:01:53 GMT-0300 (Horário Padrão de Brasília)
Uma linha FOI encontrada. Processo: 1002546-64.2024
-------------------------------------------------------------------------
Fri Aug 16 2024 16:01:53 GMT-0300 (Horário Padrão de Brasília)
Banco de Dados CEJUSC fechado.
-------------------------------------------------------------------------
Fri Aug 16 2024 16:02:01 GMT-0300 (Horário Padrão de Brasília)
POST
/presenca/nome
-------------------------------------------------------------------------
Fri Aug 16 2024 16:02:01 GMT-0300 (Horário Padrão de Brasília)
Conectado ao Banco de Dados CEJUSC.
-------------------------------------------------------------------------
Fri Aug 16 2024 16:02:01 GMT-0300 (Horário Padrão de Brasília)
Uma linha FOI encontrada. Nome: %maria% Processo: 0002949-21.2022
-------------------------------------------------------------------------
Fri Aug 16 2024 16:02:01 GMT-0300 (Horário Padrão de Brasília)
Banco de Dados CEJUSC fechado.
-------------------------------------------------------------------------
Fri Aug 16 2024 16:02:01 GMT-0300 (Horário Padrão de Brasília)
POST
/presenca/processo
-------------------------------------------------------------------------
Fri Aug 16 2024 16:02:01 GMT-0300 (Horário Padrão de Brasília)
Conectado ao Banco de Dados CEJUSC.
-------------------------------------------------------------------------
Fri Aug 16 2024 16:02:01 GMT-0300 (Horário Padrão de Brasília)
Uma linha FOI encontrada. Processo: 0002949-21.2022
-------------------------------------------------------------------------
Fri Aug 16 2024 16:02:01 GMT-0300 (Horário Padrão de Brasília)
Banco de Dados CEJUSC fechado.
POST
-------------------------------------------------------------------------
Fri Aug 16 2024 16:02:13 GMT-0300 (Horário Padrão de Brasília)
/presenca/processo
-------------------------------------------------------------------------
Fri Aug 16 2024 16:02:13 GMT-0300 (Horário Padrão de Brasília)
Conectado ao Banco de Dados CEJUSC.
-------------------------------------------------------------------------
Fri Aug 16 2024 16:02:13 GMT-0300 (Horário Padrão de Brasília)
Uma linha FOI encontrada. Processo: 0002949-21.2022
-------------------------------------------------------------------------
Fri Aug 16 2024 16:02:13 GMT-0300 (Horário Padrão de Brasília)
Banco de Dados CEJUSC fechado.
-------------------------------------------------------------------------
Fri Aug 16 2024 16:02:17 GMT-0300 (Horário Padrão de Brasília)
GET
/principal/13326574860.fqoenjqrphvtadlf.conciliador
-------------------------------------------------------------------------
Fri Aug 16 2024 16:02:18 GMT-0300 (Horário Padrão de Brasília)
GET
/principal/13326574860.fqoenjqrphvtadlf.completas
-------------------------------------------------------------------------
Fri Aug 16 2024 16:02:19 GMT-0300 (Horário Padrão de Brasília)
GET
/principal/13326574860.fqoenjqrphvtadlf.pauta
GET
-------------------------------------------------------------------------
Fri Aug 16 2024 16:02:20 GMT-0300 (Horário Padrão de Brasília)
/principal/13326574860.fqoenjqrphvtadlf.presenca
-------------------------------------------------------------------------
Fri Aug 16 2024 16:02:22 GMT-0300 (Horário Padrão de Brasília)
GET
/principal/13326574860.fqoenjqrphvtadlf.pauta
-------------------------------------------------------------------------
Fri Aug 16 2024 16:02:39 GMT-0300 (Horário Padrão de Brasília)
GET
/principal/13326574860.fqoenjqrphvtadlf.presenca
-------------------------------------------------------------------------
Fri Aug 16 2024 16:02:50 GMT-0300 (Horário Padrão de Brasília)
GET
/principal/13326574860.fqoenjqrphvtadlf.pauta
-------------------------------------------------------------------------
Fri Aug 16 2024 16:02:50 GMT-0300 (Horário Padrão de Brasília)
GET
/principal/13326574860.fqoenjqrphvtadlf.presenca
-------------------------------------------------------------------------
Fri Aug 16 2024 16:03:03 GMT-0300 (Horário Padrão de Brasília)
GET
/principal/13326574860.fqoenjqrphvtadlf.presenca
-------------------------------------------------------------------------
Fri Aug 16 2024 16:03:05 GMT-0300 (Horário Padrão de Brasília)
GET
/principal/13326574860.fqoenjqrphvtadlf.conciliador
-------------------------------------------------------------------------
Fri Aug 16 2024 16:03:08 GMT-0300 (Horário Padrão de Brasília)
/principal/13326574860.fqoenjqrphvtadlf.pauta
GET
-------------------------------------------------------------------------
Fri Aug 16 2024 16:03:37 GMT-0300 (Horário Padrão de Brasília)
GET
/principal/13326574860.fqoenjqrphvtadlf.conciliador
GET
-------------------------------------------------------------------------
Fri Aug 16 2024 16:03:41 GMT-0300 (Horário Padrão de Brasília)
/principal/13326574860.fqoenjqrphvtadlf.pauta
-------------------------------------------------------------------------
Fri Aug 16 2024 16:08:31 GMT-0300 (Horário Padrão de Brasília)
GET
/principal/13326574860.fqoenjqrphvtadlf.presenca
/principal/13326574860.fqoenjqrphvtadlf.pauta
-------------------------------------------------------------------------
Fri Aug 16 2024 16:08:33 GMT-0300 (Horário Padrão de Brasília)
GET
-------------------------------------------------------------------------
Fri Aug 16 2024 16:08:34 GMT-0300 (Horário Padrão de Brasília)
GET
/principal/13326574860.fqoenjqrphvtadlf.presenca
-------------------------------------------------------------------------
Fri Aug 16 2024 16:08:41 GMT-0300 (Horário Padrão de Brasília)
POST
/presenca/processo
-------------------------------------------------------------------------
Fri Aug 16 2024 16:08:41 GMT-0300 (Horário Padrão de Brasília)
Conectado ao Banco de Dados CEJUSC.
-------------------------------------------------------------------------
Fri Aug 16 2024 16:08:41 GMT-0300 (Horário Padrão de Brasília)
Uma linha FOI encontrada. Processo: 0002949-21.2022
Banco de Dados CEJUSC fechado.
-------------------------------------------------------------------------
Fri Aug 16 2024 16:08:41 GMT-0300 (Horário Padrão de Brasília)
GET
-------------------------------------------------------------------------
Fri Aug 16 2024 16:09:57 GMT-0300 (Horário Padrão de Brasília)
/principal/13326574860.fqoenjqrphvtadlf.completas
-------------------------------------------------------------------------
Fri Aug 16 2024 16:09:57 GMT-0300 (Horário Padrão de Brasília)
GET
/principal/13326574860.fqoenjqrphvtadlf.presenca
-------------------------------------------------------------------------
Fri Aug 16 2024 16:10:01 GMT-0300 (Horário Padrão de Brasília)
POST
/presenca/processo
-------------------------------------------------------------------------
Fri Aug 16 2024 16:10:01 GMT-0300 (Horário Padrão de Brasília)
Conectado ao Banco de Dados CEJUSC.
-------------------------------------------------------------------------
Fri Aug 16 2024 16:10:01 GMT-0300 (Horário Padrão de Brasília)
Uma linha FOI encontrada. Processo: 0002949-21.2022
Banco de Dados CEJUSC fechado.
-------------------------------------------------------------------------
Fri Aug 16 2024 16:10:01 GMT-0300 (Horário Padrão de Brasília)
-------------------------------------------------------------------------
Fri Aug 16 2024 16:10:16 GMT-0300 (Horário Padrão de Brasília)
GET
/principal/13326574860.fqoenjqrphvtadlf.pauta
-------------------------------------------------------------------------
Fri Aug 16 2024 16:16:00 GMT-0300 (Horário Padrão de Brasília)
GET
/logout/13326574860
Usuário 13326574860 DESLOGOU >>>
-------------------------------------------------------------------------
Fri Aug 16 2024 16:16:01 GMT-0300 (Horário Padrão de Brasília)
GET
/
