-------------------------------------------------------------------------
Mon Aug 19 2024 10:13:32 GMT-0300 (Horário Padrão de Brasília)
POST
Usuário: 13326574860
/valida/api
-------------------------------------------------------------------------
Mon Aug 19 2024 10:13:32 GMT-0300 (Horário Padrão de Brasília)
Conectado ao Banco de Dados CEJUSC.
-------------------------------------------------------------------------
Mon Aug 19 2024 10:13:32 GMT-0300 (Horário Padrão de Brasília)
Renato Ferreira >>>LOGOU
-------------------------------------------------------------------------
Mon Aug 19 2024 10:13:32 GMT-0300 (Horário Padrão de Brasília)
Banco de Dados CEJUSC fechado.
-------------------------------------------------------------------------
Mon Aug 19 2024 10:13:32 GMT-0300 (Horário Padrão de Brasília)
/principal/13326574860.yhvrxnkvtcdeizer.presenca
GET
-------------------------------------------------------------------------
Mon Aug 19 2024 10:15:50 GMT-0300 (Horário Padrão de Brasília)
POST
/presenca/processo
-------------------------------------------------------------------------
Mon Aug 19 2024 10:15:50 GMT-0300 (Horário Padrão de Brasília)
Conectado ao Banco de Dados CEJUSC.
-------------------------------------------------------------------------
Mon Aug 19 2024 10:15:50 GMT-0300 (Horário Padrão de Brasília)
Uma linha FOI encontrada. Processo: 0002949-21.2022
Banco de Dados CEJUSC fechado.
-------------------------------------------------------------------------
Mon Aug 19 2024 10:15:50 GMT-0300 (Horário Padrão de Brasília)
-------------------------------------------------------------------------
Mon Aug 19 2024 10:16:00 GMT-0300 (Horário Padrão de Brasília)
/presenca/check/completa
POST
Conectado ao Banco de Dados CEJUSC.
-------------------------------------------------------------------------
Mon Aug 19 2024 10:16:00 GMT-0300 (Horário Padrão de Brasília)
-------------------------------------------------------------------------
Mon Aug 19 2024 10:16:00 GMT-0300 (Horário Padrão de Brasília)
POST
/presenca/processo
-------------------------------------------------------------------------
Mon Aug 19 2024 10:16:00 GMT-0300 (Horário Padrão de Brasília)
Conectado ao Banco de Dados CEJUSC.
-------------------------------------------------------------------------
Mon Aug 19 2024 10:16:00 GMT-0300 (Horário Padrão de Brasília)
Uma linha foi atualizada. UPDATE: 1
-------------------------------------------------------------------------
Mon Aug 19 2024 10:16:00 GMT-0300 (Horário Padrão de Brasília)
Banco de Dados CEJUSC fechado.
Uma linha FOI encontrada. Processo: 0002949-21.2022
-------------------------------------------------------------------------
Mon Aug 19 2024 10:16:00 GMT-0300 (Horário Padrão de Brasília)
-------------------------------------------------------------------------
Mon Aug 19 2024 10:16:00 GMT-0300 (Horário Padrão de Brasília)
Banco de Dados CEJUSC fechado.
-------------------------------------------------------------------------
Mon Aug 19 2024 10:16:23 GMT-0300 (Horário Padrão de Brasília)
GET
/principal/13326574860.yhvrxnkvtcdeizer.pauta
-------------------------------------------------------------------------
Mon Aug 19 2024 11:31:01 GMT-0300 (Horário Padrão de Brasília)
GET
/principal/13326574860.yhvrxnkvtcdeizer.presenca
-------------------------------------------------------------------------
Mon Aug 19 2024 11:31:03 GMT-0300 (Horário Padrão de Brasília)
GET
/principal/13326574860.yhvrxnkvtcdeizer.pauta
-------------------------------------------------------------------------
Mon Aug 19 2024 11:31:06 GMT-0300 (Horário Padrão de Brasília)
GET
/principal/13326574860.yhvrxnkvtcdeizer.presenca
GET
-------------------------------------------------------------------------
Mon Aug 19 2024 11:31:08 GMT-0300 (Horário Padrão de Brasília)
/principal/13326574860.yhvrxnkvtcdeizer.pauta
-------------------------------------------------------------------------
Mon Aug 19 2024 11:41:11 GMT-0300 (Horário Padrão de Brasília)
GET
/principal/13326574860.yhvrxnkvtcdeizer.conciliador
-------------------------------------------------------------------------
Mon Aug 19 2024 11:41:12 GMT-0300 (Horário Padrão de Brasília)
GET
/principal/13326574860.yhvrxnkvtcdeizer.pauta
-------------------------------------------------------------------------
Mon Aug 19 2024 11:43:56 GMT-0300 (Horário Padrão de Brasília)
/principal/13326574860.yhvrxnkvtcdeizer.completas
GET
-------------------------------------------------------------------------
Mon Aug 19 2024 11:43:57 GMT-0300 (Horário Padrão de Brasília)
/principal/13326574860.yhvrxnkvtcdeizer.pauta
GET
GET
-------------------------------------------------------------------------
Mon Aug 19 2024 11:58:40 GMT-0300 (Horário Padrão de Brasília)
/principal/13326574860.yhvrxnkvtcdeizer.completas
-------------------------------------------------------------------------
Mon Aug 19 2024 11:58:41 GMT-0300 (Horário Padrão de Brasília)
/principal/13326574860.yhvrxnkvtcdeizer.pauta
GET
-------------------------------------------------------------------------
Mon Aug 19 2024 11:58:55 GMT-0300 (Horário Padrão de Brasília)
GET
/principal/13326574860.yhvrxnkvtcdeizer.presenca
-------------------------------------------------------------------------
Mon Aug 19 2024 11:59:00 GMT-0300 (Horário Padrão de Brasília)
POST
/presenca/processo
Conectado ao Banco de Dados CEJUSC.
-------------------------------------------------------------------------
Mon Aug 19 2024 11:59:00 GMT-0300 (Horário Padrão de Brasília)
Uma linha FOI encontrada. Processo: 0002949-21.2022
-------------------------------------------------------------------------
Mon Aug 19 2024 11:59:00 GMT-0300 (Horário Padrão de Brasília)
-------------------------------------------------------------------------
Mon Aug 19 2024 11:59:00 GMT-0300 (Horário Padrão de Brasília)
Banco de Dados CEJUSC fechado.
-------------------------------------------------------------------------
Mon Aug 19 2024 11:59:17 GMT-0300 (Horário Padrão de Brasília)
GET
/principal/13326574860.yhvrxnkvtcdeizer.pauta
-------------------------------------------------------------------------
Mon Aug 19 2024 12:00:06 GMT-0300 (Horário Padrão de Brasília)
GET
/principal/13326574860.yhvrxnkvtcdeizer.conciliador
-------------------------------------------------------------------------
Mon Aug 19 2024 12:00:07 GMT-0300 (Horário Padrão de Brasília)
/principal/13326574860.yhvrxnkvtcdeizer.presenca
GET
-------------------------------------------------------------------------
Mon Aug 19 2024 12:00:07 GMT-0300 (Horário Padrão de Brasília)
GET
/principal/13326574860.yhvrxnkvtcdeizer.conciliador
-------------------------------------------------------------------------
Mon Aug 19 2024 12:00:09 GMT-0300 (Horário Padrão de Brasília)
/principal/13326574860.yhvrxnkvtcdeizer.pauta
GET
-------------------------------------------------------------------------
Mon Aug 19 2024 12:00:19 GMT-0300 (Horário Padrão de Brasília)
/principal/13326574860.yhvrxnkvtcdeizer.completas
GET
-------------------------------------------------------------------------
Mon Aug 19 2024 12:00:19 GMT-0300 (Horário Padrão de Brasília)
GET
/principal/13326574860.yhvrxnkvtcdeizer.pauta
/logout/13326574860
GET
Usuário 13326574860 DESLOGOU >>>
-------------------------------------------------------------------------
Mon Aug 19 2024 12:05:53 GMT-0300 (Horário Padrão de Brasília)
-------------------------------------------------------------------------
Mon Aug 19 2024 12:05:53 GMT-0300 (Horário Padrão de Brasília)
GET
/
-------------------------------------------------------------------------
Mon Aug 19 2024 12:20:42 GMT-0300 (Horário Padrão de Brasília)
POST
Usuário: 13326574860
/valida/api
Conectado ao Banco de Dados CEJUSC.
-------------------------------------------------------------------------
Mon Aug 19 2024 12:20:42 GMT-0300 (Horário Padrão de Brasília)
-------------------------------------------------------------------------
Mon Aug 19 2024 12:20:42 GMT-0300 (Horário Padrão de Brasília)
Renato Ferreira >>>LOGOU
-------------------------------------------------------------------------
Mon Aug 19 2024 12:20:42 GMT-0300 (Horário Padrão de Brasília)
Banco de Dados CEJUSC fechado.
-------------------------------------------------------------------------
Mon Aug 19 2024 12:20:42 GMT-0300 (Horário Padrão de Brasília)
/principal/13326574860.qiipsdmjkscgunhy.presenca
GET
-------------------------------------------------------------------------
Mon Aug 19 2024 12:20:47 GMT-0300 (Horário Padrão de Brasília)
POST
/presenca/processo
Conectado ao Banco de Dados CEJUSC.
-------------------------------------------------------------------------
Mon Aug 19 2024 12:20:47 GMT-0300 (Horário Padrão de Brasília)
-------------------------------------------------------------------------
Mon Aug 19 2024 12:20:47 GMT-0300 (Horário Padrão de Brasília)
Uma linha FOI encontrada. Processo: 0002949-21.2022
Banco de Dados CEJUSC fechado.
-------------------------------------------------------------------------
Mon Aug 19 2024 12:20:47 GMT-0300 (Horário Padrão de Brasília)
-------------------------------------------------------------------------
Mon Aug 19 2024 12:20:50 GMT-0300 (Horário Padrão de Brasília)
POST
/presenca/check/completa
Conectado ao Banco de Dados CEJUSC.
-------------------------------------------------------------------------
Mon Aug 19 2024 12:20:50 GMT-0300 (Horário Padrão de Brasília)
POST
/presenca/processo
-------------------------------------------------------------------------
Mon Aug 19 2024 12:20:50 GMT-0300 (Horário Padrão de Brasília)
-------------------------------------------------------------------------
Mon Aug 19 2024 12:20:50 GMT-0300 (Horário Padrão de Brasília)
Conectado ao Banco de Dados CEJUSC.
-------------------------------------------------------------------------
Mon Aug 19 2024 12:20:50 GMT-0300 (Horário Padrão de Brasília)
Uma linha foi atualizada. UPDATE: 1
-------------------------------------------------------------------------
Mon Aug 19 2024 12:20:50 GMT-0300 (Horário Padrão de Brasília)
Banco de Dados CEJUSC fechado.
-------------------------------------------------------------------------
Mon Aug 19 2024 12:20:50 GMT-0300 (Horário Padrão de Brasília)
Uma linha FOI encontrada. Processo: 0002949-21.2022
Banco de Dados CEJUSC fechado.
-------------------------------------------------------------------------
Mon Aug 19 2024 12:20:50 GMT-0300 (Horário Padrão de Brasília)
GET
/principal/13326574860.qiipsdmjkscgunhy.pauta
-------------------------------------------------------------------------
Mon Aug 19 2024 13:34:49 GMT-0300 (Horário Padrão de Brasília)
-------------------------------------------------------------------------
Mon Aug 19 2024 13:35:00 GMT-0300 (Horário Padrão de Brasília)
/principal/13326574860.qiipsdmjkscgunhy.completas
GET
GET
/principal/13326574860.qiipsdmjkscgunhy.pauta
-------------------------------------------------------------------------
Mon Aug 19 2024 13:35:01 GMT-0300 (Horário Padrão de Brasília)
-------------------------------------------------------------------------
Mon Aug 19 2024 13:36:43 GMT-0300 (Horário Padrão de Brasília)
GET
/principal/13326574860.qiipsdmjkscgunhy.conciliador
-------------------------------------------------------------------------
Mon Aug 19 2024 13:36:44 GMT-0300 (Horário Padrão de Brasília)
GET
/principal/13326574860.qiipsdmjkscgunhy.pauta
-------------------------------------------------------------------------
Mon Aug 19 2024 15:55:19 GMT-0300 (Horário Padrão de Brasília)
GET
/logout/13326574860
Usuário 13326574860 DESLOGOU >>>
-------------------------------------------------------------------------
Mon Aug 19 2024 15:55:19 GMT-0300 (Horário Padrão de Brasília)
/
GET
