-------------------------------------------------------------------------
Tue Aug 20 2024 15:14:16 GMT-0300 (Horário Padrão de Brasília)
POST
Usuário: 13326574860
/valida/api
-------------------------------------------------------------------------
Tue Aug 20 2024 15:14:16 GMT-0300 (Horário Padrão de Brasília)
Conectado ao Banco de Dados CEJUSC.
-------------------------------------------------------------------------
Tue Aug 20 2024 15:14:16 GMT-0300 (Horário Padrão de Brasília)
Renato Ferreira >>>LOGOU
-------------------------------------------------------------------------
Tue Aug 20 2024 15:14:16 GMT-0300 (Horário Padrão de Brasília)
Banco de Dados CEJUSC fechado.
-------------------------------------------------------------------------
Tue Aug 20 2024 15:14:16 GMT-0300 (Horário Padrão de Brasília)
/principal/13326574860.ocvphwpnuyynnqdh.presenca
GET
-------------------------------------------------------------------------
Tue Aug 20 2024 15:14:19 GMT-0300 (Horário Padrão de Brasília)
GET
/principal/13326574860.ocvphwpnuyynnqdh.pauta
-------------------------------------------------------------------------
Tue Aug 20 2024 15:18:19 GMT-0300 (Horário Padrão de Brasília)
GET
/logout/13326574860
Usuário 13326574860 DESLOGOU >>>
-------------------------------------------------------------------------
Tue Aug 20 2024 15:18:19 GMT-0300 (Horário Padrão de Brasília)
GET
/
-------------------------------------------------------------------------
Tue Aug 20 2024 15:18:25 GMT-0300 (Horário Padrão de Brasília)
POST
/valida/api
Usuário: 13326574860
-------------------------------------------------------------------------
Tue Aug 20 2024 15:18:25 GMT-0300 (Horário Padrão de Brasília)
Conectado ao Banco de Dados CEJUSC.
-------------------------------------------------------------------------
Tue Aug 20 2024 15:18:25 GMT-0300 (Horário Padrão de Brasília)
Renato Ferreira >>>LOGOU
-------------------------------------------------------------------------
Tue Aug 20 2024 15:18:25 GMT-0300 (Horário Padrão de Brasília)
Banco de Dados CEJUSC fechado.
-------------------------------------------------------------------------
Tue Aug 20 2024 15:18:25 GMT-0300 (Horário Padrão de Brasília)
/principal/13326574860.nfdzhzpvnyrypprl.presenca
GET
-------------------------------------------------------------------------
Tue Aug 20 2024 15:18:28 GMT-0300 (Horário Padrão de Brasília)
GET
/principal/13326574860.nfdzhzpvnyrypprl.pauta
-------------------------------------------------------------------------
Tue Aug 20 2024 15:30:39 GMT-0300 (Horário Padrão de Brasília)
/logout/13326574860
Usuário 13326574860 DESLOGOU >>>
GET
-------------------------------------------------------------------------
Tue Aug 20 2024 15:30:39 GMT-0300 (Horário Padrão de Brasília)
GET
/
-------------------------------------------------------------------------
Tue Aug 20 2024 15:30:45 GMT-0300 (Horário Padrão de Brasília)
POST
Usuário: 13326574860
/valida/api
-------------------------------------------------------------------------
Tue Aug 20 2024 15:30:45 GMT-0300 (Horário Padrão de Brasília)
Conectado ao Banco de Dados CEJUSC.
-------------------------------------------------------------------------
Tue Aug 20 2024 15:30:46 GMT-0300 (Horário Padrão de Brasília)
Renato Ferreira >>>LOGOU
-------------------------------------------------------------------------
Tue Aug 20 2024 15:30:46 GMT-0300 (Horário Padrão de Brasília)
Banco de Dados CEJUSC fechado.
-------------------------------------------------------------------------
Tue Aug 20 2024 15:30:46 GMT-0300 (Horário Padrão de Brasília)
GET
/principal/13326574860.zfbnphijlfmfzhgz.presenca
-------------------------------------------------------------------------
Tue Aug 20 2024 15:30:49 GMT-0300 (Horário Padrão de Brasília)
POST
/presenca/processo
-------------------------------------------------------------------------
Tue Aug 20 2024 15:30:49 GMT-0300 (Horário Padrão de Brasília)
Conectado ao Banco de Dados CEJUSC.
-------------------------------------------------------------------------
Tue Aug 20 2024 15:30:49 GMT-0300 (Horário Padrão de Brasília)
Uma linha FOI encontrada. Processo: 0002949-21.2022
Banco de Dados CEJUSC fechado.
-------------------------------------------------------------------------
Tue Aug 20 2024 15:30:49 GMT-0300 (Horário Padrão de Brasília)
GET
/principal/13326574860.zfbnphijlfmfzhgz.pauta
-------------------------------------------------------------------------
Tue Aug 20 2024 15:30:53 GMT-0300 (Horário Padrão de Brasília)
-------------------------------------------------------------------------
Tue Aug 20 2024 15:30:55 GMT-0300 (Horário Padrão de Brasília)
POST
/pauta/diaria
-------------------------------------------------------------------------
Tue Aug 20 2024 15:30:55 GMT-0300 (Horário Padrão de Brasília)
Conectado ao Banco de Dados CEJUSC.
