-------------------------------------------------------------------------
Thu Aug 22 2024 10:37:57 GMT-0300 (Horário Padrão de Brasília)
Usuário: 13326574860
/valida/api
POST
-------------------------------------------------------------------------
Thu Aug 22 2024 10:37:57 GMT-0300 (Horário Padrão de Brasília)
Conectado ao Banco de Dados CEJUSC.
Renato Ferreira >>>LOGOU
-------------------------------------------------------------------------
Thu Aug 22 2024 10:37:57 GMT-0300 (Horário Padrão de Brasília)
-------------------------------------------------------------------------
Thu Aug 22 2024 10:37:57 GMT-0300 (Horário Padrão de Brasília)
Banco de Dados CEJUSC fechado.
-------------------------------------------------------------------------
Thu Aug 22 2024 10:37:57 GMT-0300 (Horário Padrão de Brasília)
GET
/principal/13326574860.rdypvayjsomvqprq.presenca
-------------------------------------------------------------------------
Thu Aug 22 2024 10:38:01 GMT-0300 (Horário Padrão de Brasília)
POST
/presenca/processo
-------------------------------------------------------------------------
Thu Aug 22 2024 10:38:01 GMT-0300 (Horário Padrão de Brasília)
Conectado ao Banco de Dados CEJUSC.
-------------------------------------------------------------------------
Thu Aug 22 2024 10:38:01 GMT-0300 (Horário Padrão de Brasília)
Uma linha FOI encontrada. Processo: 0002949-21.2022
Banco de Dados CEJUSC fechado.
-------------------------------------------------------------------------
Thu Aug 22 2024 10:38:01 GMT-0300 (Horário Padrão de Brasília)
-------------------------------------------------------------------------
Thu Aug 22 2024 10:38:03 GMT-0300 (Horário Padrão de Brasília)
GET
/principal/13326574860.rdypvayjsomvqprq.pauta
-------------------------------------------------------------------------
Thu Aug 22 2024 10:38:05 GMT-0300 (Horário Padrão de Brasília)
POST
/pauta/diaria
-------------------------------------------------------------------------
Thu Aug 22 2024 10:38:05 GMT-0300 (Horário Padrão de Brasília)
Conectado ao Banco de Dados CEJUSC.
-------------------------------------------------------------------------
Thu Aug 22 2024 10:38:05 GMT-0300 (Horário Padrão de Brasília)
Banco de Dados CEJUSC fechado.
-------------------------------------------------------------------------
Thu Aug 22 2024 10:41:36 GMT-0300 (Horário Padrão de Brasília)
GET
/logout/13326574860
Usuário 13326574860 DESLOGOU >>>
-------------------------------------------------------------------------
Thu Aug 22 2024 10:41:36 GMT-0300 (Horário Padrão de Brasília)
GET
/
-------------------------------------------------------------------------
Thu Aug 22 2024 10:41:41 GMT-0300 (Horário Padrão de Brasília)
POST
Usuário: 13326574860
/valida/api
Conectado ao Banco de Dados CEJUSC.
-------------------------------------------------------------------------
Thu Aug 22 2024 10:41:41 GMT-0300 (Horário Padrão de Brasília)
-------------------------------------------------------------------------
Thu Aug 22 2024 10:41:41 GMT-0300 (Horário Padrão de Brasília)
Renato Ferreira >>>LOGOU
-------------------------------------------------------------------------
Thu Aug 22 2024 10:41:41 GMT-0300 (Horário Padrão de Brasília)
Banco de Dados CEJUSC fechado.
-------------------------------------------------------------------------
Thu Aug 22 2024 10:41:41 GMT-0300 (Horário Padrão de Brasília)
GET
/principal/13326574860.esvwlnnujvmyobix.presenca
-------------------------------------------------------------------------
Thu Aug 22 2024 10:41:45 GMT-0300 (Horário Padrão de Brasília)
POST
/presenca/processo
-------------------------------------------------------------------------
Thu Aug 22 2024 10:41:45 GMT-0300 (Horário Padrão de Brasília)
Conectado ao Banco de Dados CEJUSC.
-------------------------------------------------------------------------
Thu Aug 22 2024 10:41:45 GMT-0300 (Horário Padrão de Brasília)
Uma linha FOI encontrada. Processo: 0002949-21.2022
-------------------------------------------------------------------------
Thu Aug 22 2024 10:41:45 GMT-0300 (Horário Padrão de Brasília)
Banco de Dados CEJUSC fechado.
GET
/principal/13326574860.esvwlnnujvmyobix.pauta
-------------------------------------------------------------------------
Thu Aug 22 2024 10:41:47 GMT-0300 (Horário Padrão de Brasília)
-------------------------------------------------------------------------
Thu Aug 22 2024 10:41:48 GMT-0300 (Horário Padrão de Brasília)
POST
/pauta/diaria
-------------------------------------------------------------------------
Thu Aug 22 2024 10:41:48 GMT-0300 (Horário Padrão de Brasília)
Conectado ao Banco de Dados CEJUSC.
-------------------------------------------------------------------------
Thu Aug 22 2024 10:41:48 GMT-0300 (Horário Padrão de Brasília)
Banco de Dados CEJUSC fechado.
-------------------------------------------------------------------------
Thu Aug 22 2024 11:02:10 GMT-0300 (Horário Padrão de Brasília)
GET
/
-------------------------------------------------------------------------
Thu Aug 22 2024 11:02:15 GMT-0300 (Horário Padrão de Brasília)
POST
/valida/api
Usuário: 13326574860
-------------------------------------------------------------------------
Thu Aug 22 2024 11:02:15 GMT-0300 (Horário Padrão de Brasília)
Conectado ao Banco de Dados CEJUSC.
-------------------------------------------------------------------------
Thu Aug 22 2024 11:02:15 GMT-0300 (Horário Padrão de Brasília)
Renato Ferreira >>>LOGOU
-------------------------------------------------------------------------
Thu Aug 22 2024 11:02:15 GMT-0300 (Horário Padrão de Brasília)
Banco de Dados CEJUSC fechado.
-------------------------------------------------------------------------
Thu Aug 22 2024 11:02:15 GMT-0300 (Horário Padrão de Brasília)
GET
/principal/13326574860.veqwufecxaosiagl.presenca
POST
-------------------------------------------------------------------------
Thu Aug 22 2024 11:02:19 GMT-0300 (Horário Padrão de Brasília)
/presenca/processo
-------------------------------------------------------------------------
Thu Aug 22 2024 11:02:19 GMT-0300 (Horário Padrão de Brasília)
Conectado ao Banco de Dados CEJUSC.
-------------------------------------------------------------------------
Thu Aug 22 2024 11:02:19 GMT-0300 (Horário Padrão de Brasília)
Uma linha FOI encontrada. Processo: 0002949-21.2022
-------------------------------------------------------------------------
Thu Aug 22 2024 11:02:19 GMT-0300 (Horário Padrão de Brasília)
Banco de Dados CEJUSC fechado.
-------------------------------------------------------------------------
Thu Aug 22 2024 11:02:21 GMT-0300 (Horário Padrão de Brasília)
GET
/principal/13326574860.veqwufecxaosiagl.pauta
-------------------------------------------------------------------------
Thu Aug 22 2024 11:02:23 GMT-0300 (Horário Padrão de Brasília)
POST
/pauta/diaria
-------------------------------------------------------------------------
Thu Aug 22 2024 11:02:23 GMT-0300 (Horário Padrão de Brasília)
Conectado ao Banco de Dados CEJUSC.
-------------------------------------------------------------------------
Thu Aug 22 2024 11:02:23 GMT-0300 (Horário Padrão de Brasília)
Banco de Dados CEJUSC fechado.
-------------------------------------------------------------------------
Thu Aug 22 2024 11:04:13 GMT-0300 (Horário Padrão de Brasília)
GET
/logout/13326574860
Usuário 13326574860 DESLOGOU >>>
-------------------------------------------------------------------------
Thu Aug 22 2024 11:04:13 GMT-0300 (Horário Padrão de Brasília)
GET
/
-------------------------------------------------------------------------
Thu Aug 22 2024 11:04:30 GMT-0300 (Horário Padrão de Brasília)
POST
Usuário: 13326574860
/valida/api
-------------------------------------------------------------------------
Thu Aug 22 2024 11:04:30 GMT-0300 (Horário Padrão de Brasília)
Conectado ao Banco de Dados CEJUSC.
-------------------------------------------------------------------------
Thu Aug 22 2024 11:04:30 GMT-0300 (Horário Padrão de Brasília)
Renato Ferreira >>>LOGOU
-------------------------------------------------------------------------
Thu Aug 22 2024 11:04:30 GMT-0300 (Horário Padrão de Brasília)
Banco de Dados CEJUSC fechado.
-------------------------------------------------------------------------
Thu Aug 22 2024 11:04:30 GMT-0300 (Horário Padrão de Brasília)
GET
/principal/13326574860.tqsmskihcdjlygup.presenca
-------------------------------------------------------------------------
Thu Aug 22 2024 11:04:35 GMT-0300 (Horário Padrão de Brasília)
POST
/presenca/processo
Conectado ao Banco de Dados CEJUSC.
-------------------------------------------------------------------------
Thu Aug 22 2024 11:04:35 GMT-0300 (Horário Padrão de Brasília)
-------------------------------------------------------------------------
Thu Aug 22 2024 11:04:35 GMT-0300 (Horário Padrão de Brasília)
Uma linha FOI encontrada. Processo: 0002949-21.2022
Banco de Dados CEJUSC fechado.
-------------------------------------------------------------------------
Thu Aug 22 2024 11:04:35 GMT-0300 (Horário Padrão de Brasília)
-------------------------------------------------------------------------
Thu Aug 22 2024 11:04:36 GMT-0300 (Horário Padrão de Brasília)
GET
/principal/13326574860.tqsmskihcdjlygup.pauta
-------------------------------------------------------------------------
Thu Aug 22 2024 11:04:38 GMT-0300 (Horário Padrão de Brasília)
POST
/pauta/diaria
-------------------------------------------------------------------------
Thu Aug 22 2024 11:04:38 GMT-0300 (Horário Padrão de Brasília)
Conectado ao Banco de Dados CEJUSC.
Banco de Dados CEJUSC fechado.
-------------------------------------------------------------------------
Thu Aug 22 2024 11:04:38 GMT-0300 (Horário Padrão de Brasília)
-------------------------------------------------------------------------
Thu Aug 22 2024 11:39:36 GMT-0300 (Horário Padrão de Brasília)
GET
Usuário 13326574860 DESLOGOU >>>
/logout/13326574860
-------------------------------------------------------------------------
Thu Aug 22 2024 11:39:36 GMT-0300 (Horário Padrão de Brasília)
GET
/
-------------------------------------------------------------------------
Thu Aug 22 2024 11:39:43 GMT-0300 (Horário Padrão de Brasília)
Usuário: 13326574860
/valida/api
POST
-------------------------------------------------------------------------
Thu Aug 22 2024 11:39:43 GMT-0300 (Horário Padrão de Brasília)
Conectado ao Banco de Dados CEJUSC.
-------------------------------------------------------------------------
Thu Aug 22 2024 11:39:43 GMT-0300 (Horário Padrão de Brasília)
Renato Ferreira >>>LOGOU
-------------------------------------------------------------------------
Thu Aug 22 2024 11:39:43 GMT-0300 (Horário Padrão de Brasília)
Banco de Dados CEJUSC fechado.
-------------------------------------------------------------------------
Thu Aug 22 2024 11:39:43 GMT-0300 (Horário Padrão de Brasília)
/principal/13326574860.fycbltjdkijgutpx.presenca
GET
POST
-------------------------------------------------------------------------
Thu Aug 22 2024 11:39:47 GMT-0300 (Horário Padrão de Brasília)
/presenca/processo
-------------------------------------------------------------------------
Thu Aug 22 2024 11:39:47 GMT-0300 (Horário Padrão de Brasília)
Conectado ao Banco de Dados CEJUSC.
Uma linha FOI encontrada. Processo: 0002949-21.2022
-------------------------------------------------------------------------
Thu Aug 22 2024 11:39:47 GMT-0300 (Horário Padrão de Brasília)
-------------------------------------------------------------------------
Thu Aug 22 2024 11:39:47 GMT-0300 (Horário Padrão de Brasília)
Banco de Dados CEJUSC fechado.
-------------------------------------------------------------------------
Thu Aug 22 2024 11:39:49 GMT-0300 (Horário Padrão de Brasília)
GET
/principal/13326574860.fycbltjdkijgutpx.pauta
-------------------------------------------------------------------------
Thu Aug 22 2024 11:39:51 GMT-0300 (Horário Padrão de Brasília)
POST
/pauta/diaria
Conectado ao Banco de Dados CEJUSC.
-------------------------------------------------------------------------
Thu Aug 22 2024 11:39:51 GMT-0300 (Horário Padrão de Brasília)
-------------------------------------------------------------------------
Thu Aug 22 2024 11:39:51 GMT-0300 (Horário Padrão de Brasília)
Banco de Dados CEJUSC fechado.
-------------------------------------------------------------------------
Thu Aug 22 2024 11:41:57 GMT-0300 (Horário Padrão de Brasília)
GET
Usuário 13326574860 DESLOGOU >>>
/logout/13326574860
-------------------------------------------------------------------------
Thu Aug 22 2024 11:41:57 GMT-0300 (Horário Padrão de Brasília)
GET
/
-------------------------------------------------------------------------
Thu Aug 22 2024 11:42:23 GMT-0300 (Horário Padrão de Brasília)
POST
/valida/api
Usuário: 13326574860
-------------------------------------------------------------------------
Thu Aug 22 2024 11:42:23 GMT-0300 (Horário Padrão de Brasília)
Conectado ao Banco de Dados CEJUSC.
-------------------------------------------------------------------------
Thu Aug 22 2024 11:42:23 GMT-0300 (Horário Padrão de Brasília)
Renato Ferreira >>>LOGOU
-------------------------------------------------------------------------
Thu Aug 22 2024 11:42:23 GMT-0300 (Horário Padrão de Brasília)
Banco de Dados CEJUSC fechado.
-------------------------------------------------------------------------
Thu Aug 22 2024 11:42:23 GMT-0300 (Horário Padrão de Brasília)
GET
/principal/13326574860.nlbdlbayibabmdib.presenca
-------------------------------------------------------------------------
Thu Aug 22 2024 11:42:27 GMT-0300 (Horário Padrão de Brasília)
POST
/presenca/processo
-------------------------------------------------------------------------
Thu Aug 22 2024 11:42:27 GMT-0300 (Horário Padrão de Brasília)
Conectado ao Banco de Dados CEJUSC.
-------------------------------------------------------------------------
Thu Aug 22 2024 11:42:27 GMT-0300 (Horário Padrão de Brasília)
Uma linha FOI encontrada. Processo: 0002949-21.2022
-------------------------------------------------------------------------
Thu Aug 22 2024 11:42:27 GMT-0300 (Horário Padrão de Brasília)
Banco de Dados CEJUSC fechado.
GET
-------------------------------------------------------------------------
Thu Aug 22 2024 11:42:28 GMT-0300 (Horário Padrão de Brasília)
/principal/13326574860.nlbdlbayibabmdib.pauta
-------------------------------------------------------------------------
Thu Aug 22 2024 11:42:30 GMT-0300 (Horário Padrão de Brasília)
POST
/pauta/diaria
-------------------------------------------------------------------------
Thu Aug 22 2024 11:42:30 GMT-0300 (Horário Padrão de Brasília)
Conectado ao Banco de Dados CEJUSC.
-------------------------------------------------------------------------
Thu Aug 22 2024 11:42:30 GMT-0300 (Horário Padrão de Brasília)
Banco de Dados CEJUSC fechado.
-------------------------------------------------------------------------
Thu Aug 22 2024 11:47:19 GMT-0300 (Horário Padrão de Brasília)
/logout/13326574860
GET
Usuário 13326574860 DESLOGOU >>>
-------------------------------------------------------------------------
Thu Aug 22 2024 11:47:19 GMT-0300 (Horário Padrão de Brasília)
GET
/
-------------------------------------------------------------------------
Thu Aug 22 2024 11:49:31 GMT-0300 (Horário Padrão de Brasília)
POST
/valida/api
Usuário: 13326574860
-------------------------------------------------------------------------
Thu Aug 22 2024 11:49:31 GMT-0300 (Horário Padrão de Brasília)
Conectado ao Banco de Dados CEJUSC.
-------------------------------------------------------------------------
Thu Aug 22 2024 11:49:31 GMT-0300 (Horário Padrão de Brasília)
Renato Ferreira >>>LOGOU
-------------------------------------------------------------------------
Thu Aug 22 2024 11:49:31 GMT-0300 (Horário Padrão de Brasília)
Banco de Dados CEJUSC fechado.
-------------------------------------------------------------------------
Thu Aug 22 2024 11:49:31 GMT-0300 (Horário Padrão de Brasília)
GET
/principal/13326574860.mrxseqrrrawnadkp.presenca
POST
-------------------------------------------------------------------------
Thu Aug 22 2024 11:49:35 GMT-0300 (Horário Padrão de Brasília)
/presenca/processo
-------------------------------------------------------------------------
Thu Aug 22 2024 11:49:35 GMT-0300 (Horário Padrão de Brasília)
Conectado ao Banco de Dados CEJUSC.
-------------------------------------------------------------------------
Thu Aug 22 2024 11:49:35 GMT-0300 (Horário Padrão de Brasília)
Uma linha FOI encontrada. Processo: 0002949-21.2022
-------------------------------------------------------------------------
Thu Aug 22 2024 11:49:35 GMT-0300 (Horário Padrão de Brasília)
Banco de Dados CEJUSC fechado.
-------------------------------------------------------------------------
Thu Aug 22 2024 11:49:36 GMT-0300 (Horário Padrão de Brasília)
GET
/principal/13326574860.mrxseqrrrawnadkp.pauta
-------------------------------------------------------------------------
Thu Aug 22 2024 11:49:38 GMT-0300 (Horário Padrão de Brasília)
POST
/pauta/diaria
-------------------------------------------------------------------------
Thu Aug 22 2024 11:49:38 GMT-0300 (Horário Padrão de Brasília)
MSG ERROR: Infelizmente deu zica !!! TypeError: db.each(...).then is not a function
Conectado ao Banco de Dados CEJUSC.
-------------------------------------------------------------------------
Thu Aug 22 2024 11:49:38 GMT-0300 (Horário Padrão de Brasília)
-------------------------------------------------------------------------
Thu Aug 22 2024 11:51:09 GMT-0300 (Horário Padrão de Brasília)
GET
/logout/13326574860
Usuário 13326574860 DESLOGOU >>>
-------------------------------------------------------------------------
Thu Aug 22 2024 11:51:09 GMT-0300 (Horário Padrão de Brasília)
GET
/
-------------------------------------------------------------------------
Thu Aug 22 2024 11:54:59 GMT-0300 (Horário Padrão de Brasília)
POST
Usuário: 13326574860
/valida/api
-------------------------------------------------------------------------
Thu Aug 22 2024 11:54:59 GMT-0300 (Horário Padrão de Brasília)
Conectado ao Banco de Dados CEJUSC.
-------------------------------------------------------------------------
Thu Aug 22 2024 11:54:59 GMT-0300 (Horário Padrão de Brasília)
Renato Ferreira >>>LOGOU
-------------------------------------------------------------------------
Thu Aug 22 2024 11:54:59 GMT-0300 (Horário Padrão de Brasília)
Banco de Dados CEJUSC fechado.
-------------------------------------------------------------------------
Thu Aug 22 2024 11:54:59 GMT-0300 (Horário Padrão de Brasília)
/principal/13326574860.rfmssyxzivdihnow.presenca
GET
-------------------------------------------------------------------------
Thu Aug 22 2024 11:55:03 GMT-0300 (Horário Padrão de Brasília)
/principal/13326574860.rfmssyxzivdihnow.pauta
GET
POST
-------------------------------------------------------------------------
Thu Aug 22 2024 11:55:05 GMT-0300 (Horário Padrão de Brasília)
/pauta/diaria
-------------------------------------------------------------------------
Thu Aug 22 2024 11:55:05 GMT-0300 (Horário Padrão de Brasília)
Conectado ao Banco de Dados CEJUSC.
-------------------------------------------------------------------------
Thu Aug 22 2024 11:55:05 GMT-0300 (Horário Padrão de Brasília)
Banco de Dados CEJUSC fechado.
-------------------------------------------------------------------------
Thu Aug 22 2024 12:32:46 GMT-0300 (Horário Padrão de Brasília)
GET
/logout/13326574860
Usuário 13326574860 DESLOGOU >>>
-------------------------------------------------------------------------
Thu Aug 22 2024 12:32:46 GMT-0300 (Horário Padrão de Brasília)
GET
/
-------------------------------------------------------------------------
Thu Aug 22 2024 12:33:11 GMT-0300 (Horário Padrão de Brasília)
POST
Usuário: 13326574860
/valida/api
-------------------------------------------------------------------------
Thu Aug 22 2024 12:33:11 GMT-0300 (Horário Padrão de Brasília)
Conectado ao Banco de Dados CEJUSC.
-------------------------------------------------------------------------
Thu Aug 22 2024 12:33:11 GMT-0300 (Horário Padrão de Brasília)
Renato Ferreira >>>LOGOU
-------------------------------------------------------------------------
Thu Aug 22 2024 12:33:11 GMT-0300 (Horário Padrão de Brasília)
Banco de Dados CEJUSC fechado.
-------------------------------------------------------------------------
Thu Aug 22 2024 12:33:11 GMT-0300 (Horário Padrão de Brasília)
GET
/principal/13326574860.frfpkdhbnxqylmdh.presenca
-------------------------------------------------------------------------
Thu Aug 22 2024 12:33:15 GMT-0300 (Horário Padrão de Brasília)
POST
/presenca/processo
-------------------------------------------------------------------------
Thu Aug 22 2024 12:33:15 GMT-0300 (Horário Padrão de Brasília)
Conectado ao Banco de Dados CEJUSC.
-------------------------------------------------------------------------
Thu Aug 22 2024 12:33:15 GMT-0300 (Horário Padrão de Brasília)
Uma linha FOI encontrada. Processo: 0002949-21.2022
-------------------------------------------------------------------------
Thu Aug 22 2024 12:33:15 GMT-0300 (Horário Padrão de Brasília)
Banco de Dados CEJUSC fechado.
-------------------------------------------------------------------------
Thu Aug 22 2024 12:33:16 GMT-0300 (Horário Padrão de Brasília)
GET
/principal/13326574860.frfpkdhbnxqylmdh.pauta
POST
-------------------------------------------------------------------------
Thu Aug 22 2024 12:33:18 GMT-0300 (Horário Padrão de Brasília)
/pauta/diaria
-------------------------------------------------------------------------
Thu Aug 22 2024 12:33:18 GMT-0300 (Horário Padrão de Brasília)
Conectado ao Banco de Dados CEJUSC.
-------------------------------------------------------------------------
Thu Aug 22 2024 12:33:18 GMT-0300 (Horário Padrão de Brasília)
Banco de Dados CEJUSC fechado.
-------------------------------------------------------------------------
Thu Aug 22 2024 12:37:20 GMT-0300 (Horário Padrão de Brasília)
GET
/logout/13326574860
Usuário 13326574860 DESLOGOU >>>
-------------------------------------------------------------------------
Thu Aug 22 2024 12:37:20 GMT-0300 (Horário Padrão de Brasília)
/
GET
POST
-------------------------------------------------------------------------
Thu Aug 22 2024 12:39:43 GMT-0300 (Horário Padrão de Brasília)
/valida/api
Usuário: 13326574860
-------------------------------------------------------------------------
Thu Aug 22 2024 12:39:43 GMT-0300 (Horário Padrão de Brasília)
Conectado ao Banco de Dados CEJUSC.
-------------------------------------------------------------------------
Thu Aug 22 2024 12:39:43 GMT-0300 (Horário Padrão de Brasília)
Renato Ferreira >>>LOGOU
-------------------------------------------------------------------------
Thu Aug 22 2024 12:39:43 GMT-0300 (Horário Padrão de Brasília)
Banco de Dados CEJUSC fechado.
-------------------------------------------------------------------------
Thu Aug 22 2024 12:39:43 GMT-0300 (Horário Padrão de Brasília)
GET
/principal/13326574860.jsksslpkzdervwcz.presenca
POST
/presenca/processo
-------------------------------------------------------------------------
Thu Aug 22 2024 12:39:50 GMT-0300 (Horário Padrão de Brasília)
-------------------------------------------------------------------------
Thu Aug 22 2024 12:39:50 GMT-0300 (Horário Padrão de Brasília)
Conectado ao Banco de Dados CEJUSC.
Uma linha FOI encontrada. Processo: 0002949-21.2022
-------------------------------------------------------------------------
Thu Aug 22 2024 12:39:50 GMT-0300 (Horário Padrão de Brasília)
-------------------------------------------------------------------------
Thu Aug 22 2024 12:39:50 GMT-0300 (Horário Padrão de Brasília)
Banco de Dados CEJUSC fechado.
-------------------------------------------------------------------------
Thu Aug 22 2024 12:39:51 GMT-0300 (Horário Padrão de Brasília)
GET
/principal/13326574860.jsksslpkzdervwcz.pauta
POST
-------------------------------------------------------------------------
Thu Aug 22 2024 12:39:53 GMT-0300 (Horário Padrão de Brasília)
/pauta/diaria
Conectado ao Banco de Dados CEJUSC.
-------------------------------------------------------------------------
Thu Aug 22 2024 12:39:53 GMT-0300 (Horário Padrão de Brasília)
-------------------------------------------------------------------------
Thu Aug 22 2024 12:39:53 GMT-0300 (Horário Padrão de Brasília)
Banco de Dados CEJUSC fechado.
-------------------------------------------------------------------------
Thu Aug 22 2024 12:41:51 GMT-0300 (Horário Padrão de Brasília)
Usuário 13326574860 DESLOGOU >>>
/logout/13326574860
GET
-------------------------------------------------------------------------
Thu Aug 22 2024 12:41:51 GMT-0300 (Horário Padrão de Brasília)
/
GET
-------------------------------------------------------------------------
Thu Aug 22 2024 12:42:10 GMT-0300 (Horário Padrão de Brasília)
POST
/valida/api
Usuário: 13326574860
-------------------------------------------------------------------------
Thu Aug 22 2024 12:42:10 GMT-0300 (Horário Padrão de Brasília)
Conectado ao Banco de Dados CEJUSC.
-------------------------------------------------------------------------
Thu Aug 22 2024 12:42:10 GMT-0300 (Horário Padrão de Brasília)
Renato Ferreira >>>LOGOU
-------------------------------------------------------------------------
Thu Aug 22 2024 12:42:10 GMT-0300 (Horário Padrão de Brasília)
Banco de Dados CEJUSC fechado.
-------------------------------------------------------------------------
Thu Aug 22 2024 12:42:10 GMT-0300 (Horário Padrão de Brasília)
/principal/13326574860.yccianphczhxkdis.presenca
GET
POST
-------------------------------------------------------------------------
Thu Aug 22 2024 12:42:23 GMT-0300 (Horário Padrão de Brasília)
/presenca/processo
Conectado ao Banco de Dados CEJUSC.
-------------------------------------------------------------------------
Thu Aug 22 2024 12:42:23 GMT-0300 (Horário Padrão de Brasília)
-------------------------------------------------------------------------
Thu Aug 22 2024 12:42:23 GMT-0300 (Horário Padrão de Brasília)
Uma linha FOI encontrada. Processo: 0002949-21.2022
Banco de Dados CEJUSC fechado.
-------------------------------------------------------------------------
Thu Aug 22 2024 12:42:23 GMT-0300 (Horário Padrão de Brasília)
-------------------------------------------------------------------------
Thu Aug 22 2024 12:42:24 GMT-0300 (Horário Padrão de Brasília)
GET
/principal/13326574860.yccianphczhxkdis.pauta
-------------------------------------------------------------------------
Thu Aug 22 2024 12:42:26 GMT-0300 (Horário Padrão de Brasília)
/pauta/diaria
POST
Conectado ao Banco de Dados CEJUSC.
-------------------------------------------------------------------------
Thu Aug 22 2024 12:42:26 GMT-0300 (Horário Padrão de Brasília)
-------------------------------------------------------------------------
Thu Aug 22 2024 12:42:26 GMT-0300 (Horário Padrão de Brasília)
Banco de Dados CEJUSC fechado.
-------------------------------------------------------------------------
Thu Aug 22 2024 12:46:14 GMT-0300 (Horário Padrão de Brasília)
GET
Usuário 13326574860 DESLOGOU >>>
/logout/13326574860
-------------------------------------------------------------------------
Thu Aug 22 2024 12:46:15 GMT-0300 (Horário Padrão de Brasília)
/
GET
-------------------------------------------------------------------------
Thu Aug 22 2024 12:54:26 GMT-0300 (Horário Padrão de Brasília)
POST
/valida/api
Usuário: 13326574860
-------------------------------------------------------------------------
Thu Aug 22 2024 12:54:26 GMT-0300 (Horário Padrão de Brasília)
Conectado ao Banco de Dados CEJUSC.
Renato Ferreira >>>LOGOU
-------------------------------------------------------------------------
Thu Aug 22 2024 12:54:26 GMT-0300 (Horário Padrão de Brasília)
-------------------------------------------------------------------------
Thu Aug 22 2024 12:54:26 GMT-0300 (Horário Padrão de Brasília)
Banco de Dados CEJUSC fechado.
-------------------------------------------------------------------------
Thu Aug 22 2024 12:54:26 GMT-0300 (Horário Padrão de Brasília)
GET
/principal/13326574860.lnbnhmbdfvnqfaju.presenca
-------------------------------------------------------------------------
Thu Aug 22 2024 12:54:30 GMT-0300 (Horário Padrão de Brasília)
POST
/presenca/processo
-------------------------------------------------------------------------
Thu Aug 22 2024 12:54:30 GMT-0300 (Horário Padrão de Brasília)
Conectado ao Banco de Dados CEJUSC.
Uma linha FOI encontrada. Processo: 0002949-21.2022
-------------------------------------------------------------------------
Thu Aug 22 2024 12:54:30 GMT-0300 (Horário Padrão de Brasília)
-------------------------------------------------------------------------
Thu Aug 22 2024 12:54:30 GMT-0300 (Horário Padrão de Brasília)
Banco de Dados CEJUSC fechado.
-------------------------------------------------------------------------
Thu Aug 22 2024 12:54:31 GMT-0300 (Horário Padrão de Brasília)
GET
/principal/13326574860.lnbnhmbdfvnqfaju.pauta
-------------------------------------------------------------------------
Thu Aug 22 2024 12:54:33 GMT-0300 (Horário Padrão de Brasília)
POST
/pauta/diaria
-------------------------------------------------------------------------
Thu Aug 22 2024 12:54:33 GMT-0300 (Horário Padrão de Brasília)
Conectado ao Banco de Dados CEJUSC.
-------------------------------------------------------------------------
Thu Aug 22 2024 12:54:33 GMT-0300 (Horário Padrão de Brasília)
Banco de Dados CEJUSC fechado.
GET
-------------------------------------------------------------------------
Thu Aug 22 2024 13:07:47 GMT-0300 (Horário Padrão de Brasília)
/logout/13326574860
Usuário 13326574860 DESLOGOU >>>
-------------------------------------------------------------------------
Thu Aug 22 2024 13:07:47 GMT-0300 (Horário Padrão de Brasília)
GET
/
-------------------------------------------------------------------------
Thu Aug 22 2024 14:45:00 GMT-0300 (Horário Padrão de Brasília)
POST
/valida/api
Usuário: 13326574860
-------------------------------------------------------------------------
Thu Aug 22 2024 14:45:00 GMT-0300 (Horário Padrão de Brasília)
Conectado ao Banco de Dados CEJUSC.
-------------------------------------------------------------------------
Thu Aug 22 2024 14:45:00 GMT-0300 (Horário Padrão de Brasília)
Renato Ferreira >>>LOGOU
-------------------------------------------------------------------------
Thu Aug 22 2024 14:45:00 GMT-0300 (Horário Padrão de Brasília)
Banco de Dados CEJUSC fechado.
-------------------------------------------------------------------------
Thu Aug 22 2024 14:45:00 GMT-0300 (Horário Padrão de Brasília)
GET
/principal/13326574860.ifbhndiulnmlhtsk.presenca
-------------------------------------------------------------------------
Thu Aug 22 2024 14:45:06 GMT-0300 (Horário Padrão de Brasília)
POST
/presenca/processo
Conectado ao Banco de Dados CEJUSC.
-------------------------------------------------------------------------
Thu Aug 22 2024 14:45:06 GMT-0300 (Horário Padrão de Brasília)
-------------------------------------------------------------------------
Thu Aug 22 2024 14:45:06 GMT-0300 (Horário Padrão de Brasília)
Uma linha FOI encontrada. Processo: 0002949-21.2022
Banco de Dados CEJUSC fechado.
-------------------------------------------------------------------------
Thu Aug 22 2024 14:45:06 GMT-0300 (Horário Padrão de Brasília)
-------------------------------------------------------------------------
Thu Aug 22 2024 14:45:07 GMT-0300 (Horário Padrão de Brasília)
/principal/13326574860.ifbhndiulnmlhtsk.pauta
GET
-------------------------------------------------------------------------
Thu Aug 22 2024 14:45:09 GMT-0300 (Horário Padrão de Brasília)
POST
/pauta/diaria
-------------------------------------------------------------------------
Thu Aug 22 2024 14:45:09 GMT-0300 (Horário Padrão de Brasília)
Conectado ao Banco de Dados CEJUSC.
-------------------------------------------------------------------------
Thu Aug 22 2024 14:45:09 GMT-0300 (Horário Padrão de Brasília)
Banco de Dados CEJUSC fechado.
-------------------------------------------------------------------------
Thu Aug 22 2024 14:46:11 GMT-0300 (Horário Padrão de Brasília)
GET
/principal/13326574860.ifbhndiulnmlhtsk.completas
-------------------------------------------------------------------------
Thu Aug 22 2024 14:46:11 GMT-0300 (Horário Padrão de Brasília)
GET
/principal/13326574860.ifbhndiulnmlhtsk.pauta
/pauta/diaria
-------------------------------------------------------------------------
Thu Aug 22 2024 14:46:13 GMT-0300 (Horário Padrão de Brasília)
POST
-------------------------------------------------------------------------
Thu Aug 22 2024 14:46:13 GMT-0300 (Horário Padrão de Brasília)
Conectado ao Banco de Dados CEJUSC.
-------------------------------------------------------------------------
Thu Aug 22 2024 14:46:13 GMT-0300 (Horário Padrão de Brasília)
Banco de Dados CEJUSC fechado.
-------------------------------------------------------------------------
Thu Aug 22 2024 14:56:09 GMT-0300 (Horário Padrão de Brasília)
GET
/principal/13326574860.ifbhndiulnmlhtsk.presenca
-------------------------------------------------------------------------
Thu Aug 22 2024 14:56:10 GMT-0300 (Horário Padrão de Brasília)
GET
/principal/13326574860.ifbhndiulnmlhtsk.pauta
-------------------------------------------------------------------------
Thu Aug 22 2024 15:05:53 GMT-0300 (Horário Padrão de Brasília)
GET
/principal/13326574860.ifbhndiulnmlhtsk.completas
-------------------------------------------------------------------------
Thu Aug 22 2024 15:05:54 GMT-0300 (Horário Padrão de Brasília)
GET
/principal/13326574860.ifbhndiulnmlhtsk.pauta
-------------------------------------------------------------------------
Thu Aug 22 2024 15:07:43 GMT-0300 (Horário Padrão de Brasília)
GET
/principal/13326574860.ifbhndiulnmlhtsk.completas
-------------------------------------------------------------------------
Thu Aug 22 2024 15:07:44 GMT-0300 (Horário Padrão de Brasília)
GET
/principal/13326574860.ifbhndiulnmlhtsk.pauta
GET
-------------------------------------------------------------------------
Thu Aug 22 2024 15:11:26 GMT-0300 (Horário Padrão de Brasília)
/principal/13326574860.ifbhndiulnmlhtsk.conciliador
-------------------------------------------------------------------------
Thu Aug 22 2024 15:11:27 GMT-0300 (Horário Padrão de Brasília)
GET
/principal/13326574860.ifbhndiulnmlhtsk.pauta
-------------------------------------------------------------------------
Thu Aug 22 2024 15:13:39 GMT-0300 (Horário Padrão de Brasília)
GET
/principal/13326574860.ifbhndiulnmlhtsk.conciliador
-------------------------------------------------------------------------
Thu Aug 22 2024 15:13:40 GMT-0300 (Horário Padrão de Brasília)
/principal/13326574860.ifbhndiulnmlhtsk.pauta
GET
-------------------------------------------------------------------------
Thu Aug 22 2024 15:14:23 GMT-0300 (Horário Padrão de Brasília)
GET
/principal/13326574860.ifbhndiulnmlhtsk.completas
-------------------------------------------------------------------------
Thu Aug 22 2024 15:14:23 GMT-0300 (Horário Padrão de Brasília)
GET
/principal/13326574860.ifbhndiulnmlhtsk.pauta
-------------------------------------------------------------------------
Thu Aug 22 2024 15:15:03 GMT-0300 (Horário Padrão de Brasília)
GET
/principal/13326574860.ifbhndiulnmlhtsk.completas
-------------------------------------------------------------------------
Thu Aug 22 2024 15:15:04 GMT-0300 (Horário Padrão de Brasília)
GET
/principal/13326574860.ifbhndiulnmlhtsk.pauta
-------------------------------------------------------------------------
Thu Aug 22 2024 15:30:20 GMT-0300 (Horário Padrão de Brasília)
GET
/principal/13326574860.ifbhndiulnmlhtsk.completas
-------------------------------------------------------------------------
Thu Aug 22 2024 15:30:21 GMT-0300 (Horário Padrão de Brasília)
GET
/principal/13326574860.ifbhndiulnmlhtsk.pauta
-------------------------------------------------------------------------
Thu Aug 22 2024 15:32:19 GMT-0300 (Horário Padrão de Brasília)
GET
/principal/13326574860.ifbhndiulnmlhtsk.completas
-------------------------------------------------------------------------
Thu Aug 22 2024 15:32:20 GMT-0300 (Horário Padrão de Brasília)
GET
/principal/13326574860.ifbhndiulnmlhtsk.pauta
-------------------------------------------------------------------------
Thu Aug 22 2024 15:32:44 GMT-0300 (Horário Padrão de Brasília)
GET
/principal/13326574860.ifbhndiulnmlhtsk.completas
-------------------------------------------------------------------------
Thu Aug 22 2024 15:32:44 GMT-0300 (Horário Padrão de Brasília)
GET
/principal/13326574860.ifbhndiulnmlhtsk.pauta
-------------------------------------------------------------------------
Thu Aug 22 2024 15:34:28 GMT-0300 (Horário Padrão de Brasília)
GET
/principal/13326574860.ifbhndiulnmlhtsk.completas
GET
/principal/13326574860.ifbhndiulnmlhtsk.pauta
-------------------------------------------------------------------------
Thu Aug 22 2024 15:34:29 GMT-0300 (Horário Padrão de Brasília)
-------------------------------------------------------------------------
Thu Aug 22 2024 15:39:17 GMT-0300 (Horário Padrão de Brasília)
GET
/principal/13326574860.ifbhndiulnmlhtsk.presenca
-------------------------------------------------------------------------
Thu Aug 22 2024 15:39:23 GMT-0300 (Horário Padrão de Brasília)
POST
/presenca/processo
-------------------------------------------------------------------------
Thu Aug 22 2024 15:39:23 GMT-0300 (Horário Padrão de Brasília)
Conectado ao Banco de Dados CEJUSC.
-------------------------------------------------------------------------
Thu Aug 22 2024 15:39:23 GMT-0300 (Horário Padrão de Brasília)
Uma linha FOI encontrada. Processo: 0002949-21.2022
-------------------------------------------------------------------------
Thu Aug 22 2024 15:39:23 GMT-0300 (Horário Padrão de Brasília)
Banco de Dados CEJUSC fechado.
-------------------------------------------------------------------------
Thu Aug 22 2024 15:53:56 GMT-0300 (Horário Padrão de Brasília)
GET
/principal/13326574860.ifbhndiulnmlhtsk.pauta
GET
-------------------------------------------------------------------------
Thu Aug 22 2024 15:59:38 GMT-0300 (Horário Padrão de Brasília)
/logout/13326574860
Usuário 13326574860 DESLOGOU >>>
-------------------------------------------------------------------------
Thu Aug 22 2024 15:59:38 GMT-0300 (Horário Padrão de Brasília)
GET
/
-------------------------------------------------------------------------
Thu Aug 22 2024 16:00:22 GMT-0300 (Horário Padrão de Brasília)
/valida/api
Usuário: 13326574860
POST
-------------------------------------------------------------------------
Thu Aug 22 2024 16:00:22 GMT-0300 (Horário Padrão de Brasília)
Conectado ao Banco de Dados CEJUSC.
-------------------------------------------------------------------------
Thu Aug 22 2024 16:00:22 GMT-0300 (Horário Padrão de Brasília)
Renato Ferreira >>>LOGOU
-------------------------------------------------------------------------
Thu Aug 22 2024 16:00:22 GMT-0300 (Horário Padrão de Brasília)
Banco de Dados CEJUSC fechado.
-------------------------------------------------------------------------
Thu Aug 22 2024 16:00:22 GMT-0300 (Horário Padrão de Brasília)
GET
/principal/13326574860.bpvlydexzrgnvvox.presenca
-------------------------------------------------------------------------
Thu Aug 22 2024 16:00:23 GMT-0300 (Horário Padrão de Brasília)
GET
/principal/13326574860.bpvlydexzrgnvvox.pauta
-------------------------------------------------------------------------
Thu Aug 22 2024 16:00:27 GMT-0300 (Horário Padrão de Brasília)
POST
/pauta/diaria
-------------------------------------------------------------------------
Thu Aug 22 2024 16:00:27 GMT-0300 (Horário Padrão de Brasília)
Conectado ao Banco de Dados CEJUSC.
-------------------------------------------------------------------------
Thu Aug 22 2024 16:00:27 GMT-0300 (Horário Padrão de Brasília)
Banco de Dados CEJUSC fechado.
-------------------------------------------------------------------------
Thu Aug 22 2024 16:02:07 GMT-0300 (Horário Padrão de Brasília)
GET
/principal/13326574860.bpvlydexzrgnvvox.completas
/principal/13326574860.bpvlydexzrgnvvox.pauta
-------------------------------------------------------------------------
Thu Aug 22 2024 16:02:08 GMT-0300 (Horário Padrão de Brasília)
GET
-------------------------------------------------------------------------
Thu Aug 22 2024 16:02:11 GMT-0300 (Horário Padrão de Brasília)
/pauta/diaria
POST
-------------------------------------------------------------------------
Thu Aug 22 2024 16:02:11 GMT-0300 (Horário Padrão de Brasília)
Conectado ao Banco de Dados CEJUSC.
-------------------------------------------------------------------------
Thu Aug 22 2024 16:02:11 GMT-0300 (Horário Padrão de Brasília)
Banco de Dados CEJUSC fechado.
-------------------------------------------------------------------------
Thu Aug 22 2024 16:03:04 GMT-0300 (Horário Padrão de Brasília)
GET
/principal/13326574860.bpvlydexzrgnvvox.completas
-------------------------------------------------------------------------
Thu Aug 22 2024 16:03:05 GMT-0300 (Horário Padrão de Brasília)
GET
/principal/13326574860.bpvlydexzrgnvvox.pauta
-------------------------------------------------------------------------
Thu Aug 22 2024 16:03:07 GMT-0300 (Horário Padrão de Brasília)
POST
/pauta/diaria
Conectado ao Banco de Dados CEJUSC.
-------------------------------------------------------------------------
Thu Aug 22 2024 16:03:07 GMT-0300 (Horário Padrão de Brasília)
-------------------------------------------------------------------------
Thu Aug 22 2024 16:03:07 GMT-0300 (Horário Padrão de Brasília)
Banco de Dados CEJUSC fechado.
-------------------------------------------------------------------------
Thu Aug 22 2024 16:12:29 GMT-0300 (Horário Padrão de Brasília)
GET
/principal/13326574860.bpvlydexzrgnvvox.completas
-------------------------------------------------------------------------
Thu Aug 22 2024 16:12:29 GMT-0300 (Horário Padrão de Brasília)
GET
/principal/13326574860.bpvlydexzrgnvvox.pauta
-------------------------------------------------------------------------
Thu Aug 22 2024 16:12:31 GMT-0300 (Horário Padrão de Brasília)
/pauta/diaria
POST
-------------------------------------------------------------------------
Thu Aug 22 2024 16:12:31 GMT-0300 (Horário Padrão de Brasília)
Conectado ao Banco de Dados CEJUSC.
-------------------------------------------------------------------------
Thu Aug 22 2024 16:12:31 GMT-0300 (Horário Padrão de Brasília)
Banco de Dados CEJUSC fechado.
GET
-------------------------------------------------------------------------
Thu Aug 22 2024 16:13:21 GMT-0300 (Horário Padrão de Brasília)
/principal/13326574860.bpvlydexzrgnvvox.presenca
GET
-------------------------------------------------------------------------
Thu Aug 22 2024 16:14:18 GMT-0300 (Horário Padrão de Brasília)
Usuário 13326574860 DESLOGOU >>>
/logout/13326574860
-------------------------------------------------------------------------
Thu Aug 22 2024 16:14:18 GMT-0300 (Horário Padrão de Brasília)
GET
/
