-------------------------------------------------------------------------
Tue Aug 27 2024 10:03:47 GMT-0300 (Horário Padrão de Brasília)
/
GET
-------------------------------------------------------------------------
Tue Aug 27 2024 10:40:14 GMT-0300 (Horário Padrão de Brasília)
POST
/valida/api
Usuário: 13326574860
-------------------------------------------------------------------------
Tue Aug 27 2024 10:40:14 GMT-0300 (Horário Padrão de Brasília)
Conectado ao Banco de Dados CEJUSC.
-------------------------------------------------------------------------
Tue Aug 27 2024 10:40:14 GMT-0300 (Horário Padrão de Brasília)
Renato Ferreira >>>LOGOU
-------------------------------------------------------------------------
Tue Aug 27 2024 10:40:14 GMT-0300 (Horário Padrão de Brasília)
Banco de Dados CEJUSC fechado.
-------------------------------------------------------------------------
Tue Aug 27 2024 10:40:14 GMT-0300 (Horário Padrão de Brasília)
/principal/13326574860.vtfqbiknarwnykun.presenca
GET
-------------------------------------------------------------------------
Tue Aug 27 2024 10:40:16 GMT-0300 (Horário Padrão de Brasília)
GET
/principal/13326574860.vtfqbiknarwnykun.pauta
POST
-------------------------------------------------------------------------
Tue Aug 27 2024 10:40:19 GMT-0300 (Horário Padrão de Brasília)
/pauta/diaria
Conectado ao Banco de Dados CEJUSC.
-------------------------------------------------------------------------
Tue Aug 27 2024 10:40:19 GMT-0300 (Horário Padrão de Brasília)
-------------------------------------------------------------------------
Tue Aug 27 2024 10:40:19 GMT-0300 (Horário Padrão de Brasília)
Consulta BD OK - rotapauta.js (sql)
-------------------------------------------------------------------------
Tue Aug 27 2024 10:40:19 GMT-0300 (Horário Padrão de Brasília)
Consulta BD OK - rotapauta.js (sql1)
-------------------------------------------------------------------------
Tue Aug 27 2024 10:40:19 GMT-0300 (Horário Padrão de Brasília)
Consulta BD OK - rotapauta.js (sql2)
-------------------------------------------------------------------------
Tue Aug 27 2024 10:40:19 GMT-0300 (Horário Padrão de Brasília)
Banco de Dados CEJUSC fechado.
-------------------------------------------------------------------------
Tue Aug 27 2024 11:00:09 GMT-0300 (Horário Padrão de Brasília)
GET
/logout/13326574860
Usuário 13326574860 DESLOGOU >>>
-------------------------------------------------------------------------
Tue Aug 27 2024 11:00:09 GMT-0300 (Horário Padrão de Brasília)
GET
/
-------------------------------------------------------------------------
Tue Aug 27 2024 11:00:35 GMT-0300 (Horário Padrão de Brasília)
POST
/valida/api
Usuário: 13326574860
-------------------------------------------------------------------------
Tue Aug 27 2024 11:00:35 GMT-0300 (Horário Padrão de Brasília)
Conectado ao Banco de Dados CEJUSC.
-------------------------------------------------------------------------
Tue Aug 27 2024 11:00:35 GMT-0300 (Horário Padrão de Brasília)
Renato Ferreira >>>LOGOU
-------------------------------------------------------------------------
Tue Aug 27 2024 11:00:35 GMT-0300 (Horário Padrão de Brasília)
Banco de Dados CEJUSC fechado.
-------------------------------------------------------------------------
Tue Aug 27 2024 11:00:35 GMT-0300 (Horário Padrão de Brasília)
/principal/13326574860.gdyqwnhjvuxidtsp.presenca
GET
-------------------------------------------------------------------------
Tue Aug 27 2024 11:00:37 GMT-0300 (Horário Padrão de Brasília)
GET
/principal/13326574860.gdyqwnhjvuxidtsp.pauta
-------------------------------------------------------------------------
Tue Aug 27 2024 11:00:40 GMT-0300 (Horário Padrão de Brasília)
POST
/pauta/diaria
Conectado ao Banco de Dados CEJUSC.
-------------------------------------------------------------------------
Tue Aug 27 2024 11:00:40 GMT-0300 (Horário Padrão de Brasília)
-------------------------------------------------------------------------
Tue Aug 27 2024 11:00:40 GMT-0300 (Horário Padrão de Brasília)
Consulta BD OK - rotapauta.js (sql)
-------------------------------------------------------------------------
Tue Aug 27 2024 11:00:40 GMT-0300 (Horário Padrão de Brasília)
Consulta BD OK - rotapauta.js (sql1)
-------------------------------------------------------------------------
Tue Aug 27 2024 11:00:40 GMT-0300 (Horário Padrão de Brasília)
Consulta BD OK - rotapauta.js (sql2)
Banco de Dados CEJUSC fechado.
-------------------------------------------------------------------------
Tue Aug 27 2024 11:00:40 GMT-0300 (Horário Padrão de Brasília)
-------------------------------------------------------------------------
Tue Aug 27 2024 11:03:36 GMT-0300 (Horário Padrão de Brasília)
GET
/principal/13326574860.gdyqwnhjvuxidtsp.completas
-------------------------------------------------------------------------
Tue Aug 27 2024 11:03:37 GMT-0300 (Horário Padrão de Brasília)
/principal/13326574860.gdyqwnhjvuxidtsp.pauta
GET
-------------------------------------------------------------------------
Tue Aug 27 2024 11:03:39 GMT-0300 (Horário Padrão de Brasília)
POST
/pauta/diaria
Conectado ao Banco de Dados CEJUSC.
-------------------------------------------------------------------------
Tue Aug 27 2024 11:03:39 GMT-0300 (Horário Padrão de Brasília)
-------------------------------------------------------------------------
Tue Aug 27 2024 11:03:39 GMT-0300 (Horário Padrão de Brasília)
Consulta BD OK - rotapauta.js (sql1)
Consulta BD OK - rotapauta.js (sql)
-------------------------------------------------------------------------
Tue Aug 27 2024 11:03:39 GMT-0300 (Horário Padrão de Brasília)
-------------------------------------------------------------------------
Tue Aug 27 2024 11:03:39 GMT-0300 (Horário Padrão de Brasília)
Consulta BD OK - rotapauta.js (sql2)
Banco de Dados CEJUSC fechado.
-------------------------------------------------------------------------
Tue Aug 27 2024 11:03:39 GMT-0300 (Horário Padrão de Brasília)
-------------------------------------------------------------------------
Tue Aug 27 2024 11:04:15 GMT-0300 (Horário Padrão de Brasília)
GET
Usuário 13326574860 DESLOGOU >>>
/logout/13326574860
-------------------------------------------------------------------------
Tue Aug 27 2024 11:04:15 GMT-0300 (Horário Padrão de Brasília)
/
GET
-------------------------------------------------------------------------
Tue Aug 27 2024 11:04:25 GMT-0300 (Horário Padrão de Brasília)
POST
/valida/api
Usuário: 13326574860
Conectado ao Banco de Dados CEJUSC.
-------------------------------------------------------------------------
Tue Aug 27 2024 11:04:25 GMT-0300 (Horário Padrão de Brasília)
-------------------------------------------------------------------------
Tue Aug 27 2024 11:04:25 GMT-0300 (Horário Padrão de Brasília)
Renato Ferreira >>>LOGOU
-------------------------------------------------------------------------
Tue Aug 27 2024 11:04:25 GMT-0300 (Horário Padrão de Brasília)
Banco de Dados CEJUSC fechado.
-------------------------------------------------------------------------
Tue Aug 27 2024 11:04:25 GMT-0300 (Horário Padrão de Brasília)
GET
/principal/13326574860.tiwfztsunhrycndl.presenca
-------------------------------------------------------------------------
Tue Aug 27 2024 11:04:26 GMT-0300 (Horário Padrão de Brasília)
GET
/principal/13326574860.tiwfztsunhrycndl.pauta
-------------------------------------------------------------------------
Tue Aug 27 2024 11:04:29 GMT-0300 (Horário Padrão de Brasília)
POST
/pauta/diaria
Conectado ao Banco de Dados CEJUSC.
-------------------------------------------------------------------------
Tue Aug 27 2024 11:04:29 GMT-0300 (Horário Padrão de Brasília)
-------------------------------------------------------------------------
Tue Aug 27 2024 11:04:29 GMT-0300 (Horário Padrão de Brasília)
Consulta BD OK - rotapauta.js (sql)
-------------------------------------------------------------------------
Tue Aug 27 2024 11:04:29 GMT-0300 (Horário Padrão de Brasília)
Consulta BD OK - rotapauta.js (sql1)
Consulta BD OK - rotapauta.js (sql2)
-------------------------------------------------------------------------
Tue Aug 27 2024 11:04:29 GMT-0300 (Horário Padrão de Brasília)
-------------------------------------------------------------------------
Tue Aug 27 2024 11:04:29 GMT-0300 (Horário Padrão de Brasília)
Banco de Dados CEJUSC fechado.
-------------------------------------------------------------------------
Tue Aug 27 2024 11:05:49 GMT-0300 (Horário Padrão de Brasília)
/logout/13326574860
Usuário 13326574860 DESLOGOU >>>
GET
-------------------------------------------------------------------------
Tue Aug 27 2024 11:05:49 GMT-0300 (Horário Padrão de Brasília)
/
GET
-------------------------------------------------------------------------
Tue Aug 27 2024 11:05:54 GMT-0300 (Horário Padrão de Brasília)
POST
/valida/api
Usuário: 13326574860
-------------------------------------------------------------------------
Tue Aug 27 2024 11:05:54 GMT-0300 (Horário Padrão de Brasília)
Conectado ao Banco de Dados CEJUSC.
-------------------------------------------------------------------------
Tue Aug 27 2024 11:05:54 GMT-0300 (Horário Padrão de Brasília)
Renato Ferreira >>>LOGOU
-------------------------------------------------------------------------
Tue Aug 27 2024 11:05:54 GMT-0300 (Horário Padrão de Brasília)
Banco de Dados CEJUSC fechado.
-------------------------------------------------------------------------
Tue Aug 27 2024 11:05:54 GMT-0300 (Horário Padrão de Brasília)
/principal/13326574860.egvbfvdtzhtsjlkz.presenca
GET
-------------------------------------------------------------------------
Tue Aug 27 2024 11:05:56 GMT-0300 (Horário Padrão de Brasília)
GET
/principal/13326574860.egvbfvdtzhtsjlkz.pauta
-------------------------------------------------------------------------
Tue Aug 27 2024 11:05:58 GMT-0300 (Horário Padrão de Brasília)
POST
/pauta/diaria
Conectado ao Banco de Dados CEJUSC.
-------------------------------------------------------------------------
Tue Aug 27 2024 11:05:58 GMT-0300 (Horário Padrão de Brasília)
-------------------------------------------------------------------------
Tue Aug 27 2024 11:05:58 GMT-0300 (Horário Padrão de Brasília)
Consulta BD OK - rotapauta.js (sql)
Consulta BD OK - rotapauta.js (sql1)
-------------------------------------------------------------------------
Tue Aug 27 2024 11:05:58 GMT-0300 (Horário Padrão de Brasília)
Consulta BD OK - rotapauta.js (sql2)
-------------------------------------------------------------------------
Tue Aug 27 2024 11:05:58 GMT-0300 (Horário Padrão de Brasília)
Banco de Dados CEJUSC fechado.
-------------------------------------------------------------------------
Tue Aug 27 2024 11:05:58 GMT-0300 (Horário Padrão de Brasília)
-------------------------------------------------------------------------
Tue Aug 27 2024 11:06:59 GMT-0300 (Horário Padrão de Brasília)
GET
/principal/13326574860.egvbfvdtzhtsjlkz.completas
GET
-------------------------------------------------------------------------
Tue Aug 27 2024 11:07:01 GMT-0300 (Horário Padrão de Brasília)
/principal/13326574860.egvbfvdtzhtsjlkz.pauta
-------------------------------------------------------------------------
Tue Aug 27 2024 11:07:02 GMT-0300 (Horário Padrão de Brasília)
POST
/pauta/diaria
-------------------------------------------------------------------------
Tue Aug 27 2024 11:07:02 GMT-0300 (Horário Padrão de Brasília)
Conectado ao Banco de Dados CEJUSC.
-------------------------------------------------------------------------
Tue Aug 27 2024 11:07:02 GMT-0300 (Horário Padrão de Brasília)
Consulta BD OK - rotapauta.js (sql)
-------------------------------------------------------------------------
Tue Aug 27 2024 11:07:02 GMT-0300 (Horário Padrão de Brasília)
Consulta BD OK - rotapauta.js (sql1)
-------------------------------------------------------------------------
Tue Aug 27 2024 11:07:02 GMT-0300 (Horário Padrão de Brasília)
Consulta BD OK - rotapauta.js (sql2)
-------------------------------------------------------------------------
Tue Aug 27 2024 11:07:02 GMT-0300 (Horário Padrão de Brasília)
Banco de Dados CEJUSC fechado.
-------------------------------------------------------------------------
Tue Aug 27 2024 11:39:17 GMT-0300 (Horário Padrão de Brasília)
GET
/principal/13326574860.egvbfvdtzhtsjlkz.conciliador
-------------------------------------------------------------------------
Tue Aug 27 2024 11:39:18 GMT-0300 (Horário Padrão de Brasília)
GET
/principal/13326574860.egvbfvdtzhtsjlkz.pauta
-------------------------------------------------------------------------
Tue Aug 27 2024 11:39:21 GMT-0300 (Horário Padrão de Brasília)
POST
/pauta/diaria
Conectado ao Banco de Dados CEJUSC.
-------------------------------------------------------------------------
Tue Aug 27 2024 11:39:21 GMT-0300 (Horário Padrão de Brasília)
-------------------------------------------------------------------------
Tue Aug 27 2024 11:39:21 GMT-0300 (Horário Padrão de Brasília)
Consulta BD OK - rotapauta.js (sql)
-------------------------------------------------------------------------
Tue Aug 27 2024 11:39:21 GMT-0300 (Horário Padrão de Brasília)
Consulta BD OK - rotapauta.js (sql1)
-------------------------------------------------------------------------
Tue Aug 27 2024 11:39:21 GMT-0300 (Horário Padrão de Brasília)
Consulta BD OK - rotapauta.js (sql2)
-------------------------------------------------------------------------
Tue Aug 27 2024 11:39:21 GMT-0300 (Horário Padrão de Brasília)
Banco de Dados CEJUSC fechado.
-------------------------------------------------------------------------
Tue Aug 27 2024 11:41:22 GMT-0300 (Horário Padrão de Brasília)
GET
/principal/13326574860.egvbfvdtzhtsjlkz.completas
-------------------------------------------------------------------------
Tue Aug 27 2024 11:41:22 GMT-0300 (Horário Padrão de Brasília)
GET
/principal/13326574860.egvbfvdtzhtsjlkz.pauta
/pauta/diaria
-------------------------------------------------------------------------
Tue Aug 27 2024 11:41:25 GMT-0300 (Horário Padrão de Brasília)
POST
Conectado ao Banco de Dados CEJUSC.
-------------------------------------------------------------------------
Tue Aug 27 2024 11:41:25 GMT-0300 (Horário Padrão de Brasília)
-------------------------------------------------------------------------
Tue Aug 27 2024 11:41:25 GMT-0300 (Horário Padrão de Brasília)
Consulta BD OK - rotapauta.js (sql)
-------------------------------------------------------------------------
Tue Aug 27 2024 11:41:25 GMT-0300 (Horário Padrão de Brasília)
Consulta BD OK - rotapauta.js (sql1)
-------------------------------------------------------------------------
Tue Aug 27 2024 11:41:25 GMT-0300 (Horário Padrão de Brasília)
Consulta BD OK - rotapauta.js (sql2)
-------------------------------------------------------------------------
Tue Aug 27 2024 11:41:25 GMT-0300 (Horário Padrão de Brasília)
Banco de Dados CEJUSC fechado.
-------------------------------------------------------------------------
Tue Aug 27 2024 11:43:29 GMT-0300 (Horário Padrão de Brasília)
GET
/principal/13326574860.egvbfvdtzhtsjlkz.completas
GET
-------------------------------------------------------------------------
Tue Aug 27 2024 11:43:30 GMT-0300 (Horário Padrão de Brasília)
/principal/13326574860.egvbfvdtzhtsjlkz.pauta
-------------------------------------------------------------------------
Tue Aug 27 2024 11:43:31 GMT-0300 (Horário Padrão de Brasília)
POST
/pauta/diaria
Conectado ao Banco de Dados CEJUSC.
-------------------------------------------------------------------------
Tue Aug 27 2024 11:43:31 GMT-0300 (Horário Padrão de Brasília)
-------------------------------------------------------------------------
Tue Aug 27 2024 11:43:31 GMT-0300 (Horário Padrão de Brasília)
Consulta BD OK - rotapauta.js (sql)
-------------------------------------------------------------------------
Tue Aug 27 2024 11:43:31 GMT-0300 (Horário Padrão de Brasília)
Consulta BD OK - rotapauta.js (sql1)
-------------------------------------------------------------------------
Tue Aug 27 2024 11:43:31 GMT-0300 (Horário Padrão de Brasília)
Consulta BD OK - rotapauta.js (sql2)
-------------------------------------------------------------------------
Tue Aug 27 2024 11:43:31 GMT-0300 (Horário Padrão de Brasília)
Banco de Dados CEJUSC fechado.
-------------------------------------------------------------------------
Tue Aug 27 2024 11:48:57 GMT-0300 (Horário Padrão de Brasília)
GET
/principal/13326574860.egvbfvdtzhtsjlkz.conciliador
-------------------------------------------------------------------------
Tue Aug 27 2024 11:48:58 GMT-0300 (Horário Padrão de Brasília)
GET
/principal/13326574860.egvbfvdtzhtsjlkz.pauta
POST
-------------------------------------------------------------------------
Tue Aug 27 2024 11:49:00 GMT-0300 (Horário Padrão de Brasília)
/pauta/diaria
Conectado ao Banco de Dados CEJUSC.
-------------------------------------------------------------------------
Tue Aug 27 2024 11:49:00 GMT-0300 (Horário Padrão de Brasília)
-------------------------------------------------------------------------
Tue Aug 27 2024 11:49:00 GMT-0300 (Horário Padrão de Brasília)
Consulta BD OK - rotapauta.js (sql)
-------------------------------------------------------------------------
Tue Aug 27 2024 11:49:00 GMT-0300 (Horário Padrão de Brasília)
Consulta BD OK - rotapauta.js (sql1)
-------------------------------------------------------------------------
Tue Aug 27 2024 11:49:00 GMT-0300 (Horário Padrão de Brasília)
Consulta BD OK - rotapauta.js (sql2)
-------------------------------------------------------------------------
Tue Aug 27 2024 11:49:00 GMT-0300 (Horário Padrão de Brasília)
Banco de Dados CEJUSC fechado.
-------------------------------------------------------------------------
Tue Aug 27 2024 12:00:34 GMT-0300 (Horário Padrão de Brasília)
GET
/principal/13326574860.egvbfvdtzhtsjlkz.conciliador
-------------------------------------------------------------------------
Tue Aug 27 2024 12:00:36 GMT-0300 (Horário Padrão de Brasília)
GET
/principal/13326574860.egvbfvdtzhtsjlkz.pauta
/pauta/diaria
-------------------------------------------------------------------------
Tue Aug 27 2024 12:00:38 GMT-0300 (Horário Padrão de Brasília)
POST
Conectado ao Banco de Dados CEJUSC.
-------------------------------------------------------------------------
Tue Aug 27 2024 12:00:38 GMT-0300 (Horário Padrão de Brasília)
-------------------------------------------------------------------------
Tue Aug 27 2024 12:00:38 GMT-0300 (Horário Padrão de Brasília)
Consulta BD OK - rotapauta.js (sql)
-------------------------------------------------------------------------
Tue Aug 27 2024 12:00:38 GMT-0300 (Horário Padrão de Brasília)
Consulta BD OK - rotapauta.js (sql1)
-------------------------------------------------------------------------
Tue Aug 27 2024 12:00:38 GMT-0300 (Horário Padrão de Brasília)
Consulta BD OK - rotapauta.js (sql2)
-------------------------------------------------------------------------
Tue Aug 27 2024 12:00:38 GMT-0300 (Horário Padrão de Brasília)
Banco de Dados CEJUSC fechado.
-------------------------------------------------------------------------
Tue Aug 27 2024 12:01:36 GMT-0300 (Horário Padrão de Brasília)
GET
/principal/13326574860.egvbfvdtzhtsjlkz.completas
GET
-------------------------------------------------------------------------
Tue Aug 27 2024 12:01:37 GMT-0300 (Horário Padrão de Brasília)
/principal/13326574860.egvbfvdtzhtsjlkz.pauta
-------------------------------------------------------------------------
Tue Aug 27 2024 12:01:39 GMT-0300 (Horário Padrão de Brasília)
POST
/pauta/diaria
-------------------------------------------------------------------------
Tue Aug 27 2024 12:01:39 GMT-0300 (Horário Padrão de Brasília)
Conectado ao Banco de Dados CEJUSC.
-------------------------------------------------------------------------
Tue Aug 27 2024 12:01:39 GMT-0300 (Horário Padrão de Brasília)
Consulta BD OK - rotapauta.js (sql)
Consulta BD OK - rotapauta.js (sql1)
-------------------------------------------------------------------------
Tue Aug 27 2024 12:01:39 GMT-0300 (Horário Padrão de Brasília)
-------------------------------------------------------------------------
Tue Aug 27 2024 12:01:39 GMT-0300 (Horário Padrão de Brasília)
Consulta BD OK - rotapauta.js (sql2)
-------------------------------------------------------------------------
Tue Aug 27 2024 12:01:39 GMT-0300 (Horário Padrão de Brasília)
Banco de Dados CEJUSC fechado.
-------------------------------------------------------------------------
Tue Aug 27 2024 12:08:23 GMT-0300 (Horário Padrão de Brasília)
GET
/principal/13326574860.egvbfvdtzhtsjlkz.conciliador
-------------------------------------------------------------------------
Tue Aug 27 2024 12:08:24 GMT-0300 (Horário Padrão de Brasília)
GET
/principal/13326574860.egvbfvdtzhtsjlkz.pauta
-------------------------------------------------------------------------
Tue Aug 27 2024 12:08:26 GMT-0300 (Horário Padrão de Brasília)
/pauta/diaria
POST
Conectado ao Banco de Dados CEJUSC.
-------------------------------------------------------------------------
Tue Aug 27 2024 12:08:26 GMT-0300 (Horário Padrão de Brasília)
Consulta BD OK - rotapauta.js (sql)
-------------------------------------------------------------------------
Tue Aug 27 2024 12:08:26 GMT-0300 (Horário Padrão de Brasília)
-------------------------------------------------------------------------
Tue Aug 27 2024 12:08:26 GMT-0300 (Horário Padrão de Brasília)
Consulta BD OK - rotapauta.js (sql1)
-------------------------------------------------------------------------
Tue Aug 27 2024 12:08:26 GMT-0300 (Horário Padrão de Brasília)
Consulta BD OK - rotapauta.js (sql2)
-------------------------------------------------------------------------
Tue Aug 27 2024 12:08:26 GMT-0300 (Horário Padrão de Brasília)
Banco de Dados CEJUSC fechado.
-------------------------------------------------------------------------
Tue Aug 27 2024 12:09:43 GMT-0300 (Horário Padrão de Brasília)
GET
/principal/13326574860.egvbfvdtzhtsjlkz.presenca
-------------------------------------------------------------------------
Tue Aug 27 2024 12:09:44 GMT-0300 (Horário Padrão de Brasília)
/principal/13326574860.egvbfvdtzhtsjlkz.pauta
GET
/pauta/diaria
-------------------------------------------------------------------------
Tue Aug 27 2024 12:09:46 GMT-0300 (Horário Padrão de Brasília)
POST
-------------------------------------------------------------------------
Tue Aug 27 2024 12:09:46 GMT-0300 (Horário Padrão de Brasília)
Conectado ao Banco de Dados CEJUSC.
-------------------------------------------------------------------------
Tue Aug 27 2024 12:09:46 GMT-0300 (Horário Padrão de Brasília)
Consulta BD OK - rotapauta.js (sql)
-------------------------------------------------------------------------
Tue Aug 27 2024 12:09:46 GMT-0300 (Horário Padrão de Brasília)
Consulta BD OK - rotapauta.js (sql1)
-------------------------------------------------------------------------
Tue Aug 27 2024 12:09:46 GMT-0300 (Horário Padrão de Brasília)
Consulta BD OK - rotapauta.js (sql2)
-------------------------------------------------------------------------
Tue Aug 27 2024 12:09:46 GMT-0300 (Horário Padrão de Brasília)
Banco de Dados CEJUSC fechado.
-------------------------------------------------------------------------
Tue Aug 27 2024 12:13:04 GMT-0300 (Horário Padrão de Brasília)
GET
/principal/13326574860.egvbfvdtzhtsjlkz.presenca
-------------------------------------------------------------------------
Tue Aug 27 2024 12:13:11 GMT-0300 (Horário Padrão de Brasília)
GET
/principal/13326574860.egvbfvdtzhtsjlkz.pauta
/pauta/diaria
POST
-------------------------------------------------------------------------
Tue Aug 27 2024 12:13:13 GMT-0300 (Horário Padrão de Brasília)
Conectado ao Banco de Dados CEJUSC.
-------------------------------------------------------------------------
Tue Aug 27 2024 12:13:13 GMT-0300 (Horário Padrão de Brasília)
-------------------------------------------------------------------------
Tue Aug 27 2024 12:13:13 GMT-0300 (Horário Padrão de Brasília)
Consulta BD OK - rotapauta.js (sql)
-------------------------------------------------------------------------
Tue Aug 27 2024 12:13:13 GMT-0300 (Horário Padrão de Brasília)
Consulta BD OK - rotapauta.js (sql1)
-------------------------------------------------------------------------
Tue Aug 27 2024 12:13:13 GMT-0300 (Horário Padrão de Brasília)
Consulta BD OK - rotapauta.js (sql2)
-------------------------------------------------------------------------
Tue Aug 27 2024 12:13:13 GMT-0300 (Horário Padrão de Brasília)
Banco de Dados CEJUSC fechado.
-------------------------------------------------------------------------
Tue Aug 27 2024 12:16:35 GMT-0300 (Horário Padrão de Brasília)
GET
/principal/13326574860.egvbfvdtzhtsjlkz.conciliador
-------------------------------------------------------------------------
Tue Aug 27 2024 12:16:36 GMT-0300 (Horário Padrão de Brasília)
GET
/principal/13326574860.egvbfvdtzhtsjlkz.pauta
-------------------------------------------------------------------------
Tue Aug 27 2024 12:16:38 GMT-0300 (Horário Padrão de Brasília)
POST
/pauta/diaria
-------------------------------------------------------------------------
Tue Aug 27 2024 12:16:38 GMT-0300 (Horário Padrão de Brasília)
Conectado ao Banco de Dados CEJUSC.
-------------------------------------------------------------------------
Tue Aug 27 2024 12:16:38 GMT-0300 (Horário Padrão de Brasília)
Consulta BD OK - rotapauta.js (sql)
-------------------------------------------------------------------------
Tue Aug 27 2024 12:16:38 GMT-0300 (Horário Padrão de Brasília)
Consulta BD OK - rotapauta.js (sql1)
-------------------------------------------------------------------------
Tue Aug 27 2024 12:16:38 GMT-0300 (Horário Padrão de Brasília)
Consulta BD OK - rotapauta.js (sql2)
Banco de Dados CEJUSC fechado.
-------------------------------------------------------------------------
Tue Aug 27 2024 12:16:38 GMT-0300 (Horário Padrão de Brasília)
GET
/principal/13326574860.egvbfvdtzhtsjlkz.completas
-------------------------------------------------------------------------
Tue Aug 27 2024 12:23:40 GMT-0300 (Horário Padrão de Brasília)
-------------------------------------------------------------------------
Tue Aug 27 2024 12:23:41 GMT-0300 (Horário Padrão de Brasília)
/principal/13326574860.egvbfvdtzhtsjlkz.pauta
GET
-------------------------------------------------------------------------
Tue Aug 27 2024 12:23:43 GMT-0300 (Horário Padrão de Brasília)
POST
/pauta/diaria
-------------------------------------------------------------------------
Tue Aug 27 2024 12:23:43 GMT-0300 (Horário Padrão de Brasília)
Conectado ao Banco de Dados CEJUSC.
-------------------------------------------------------------------------
Tue Aug 27 2024 12:23:43 GMT-0300 (Horário Padrão de Brasília)
Consulta BD OK - rotapauta.js (sql)
Consulta BD OK - rotapauta.js (sql1)
-------------------------------------------------------------------------
Tue Aug 27 2024 12:23:43 GMT-0300 (Horário Padrão de Brasília)
-------------------------------------------------------------------------
Tue Aug 27 2024 12:23:43 GMT-0300 (Horário Padrão de Brasília)
Consulta BD OK - rotapauta.js (sql2)
-------------------------------------------------------------------------
Tue Aug 27 2024 12:23:43 GMT-0300 (Horário Padrão de Brasília)
Banco de Dados CEJUSC fechado.
GET
-------------------------------------------------------------------------
Tue Aug 27 2024 12:28:58 GMT-0300 (Horário Padrão de Brasília)
/principal/13326574860.egvbfvdtzhtsjlkz.conciliador
-------------------------------------------------------------------------
Tue Aug 27 2024 12:29:00 GMT-0300 (Horário Padrão de Brasília)
GET
/principal/13326574860.egvbfvdtzhtsjlkz.pauta
-------------------------------------------------------------------------
Tue Aug 27 2024 12:29:02 GMT-0300 (Horário Padrão de Brasília)
POST
/pauta/diaria
-------------------------------------------------------------------------
Tue Aug 27 2024 12:29:02 GMT-0300 (Horário Padrão de Brasília)
Conectado ao Banco de Dados CEJUSC.
-------------------------------------------------------------------------
Tue Aug 27 2024 12:29:02 GMT-0300 (Horário Padrão de Brasília)
Consulta BD OK - rotapauta.js (sql)
-------------------------------------------------------------------------
Tue Aug 27 2024 12:29:02 GMT-0300 (Horário Padrão de Brasília)
Consulta BD OK - rotapauta.js (sql1)
-------------------------------------------------------------------------
Tue Aug 27 2024 12:29:02 GMT-0300 (Horário Padrão de Brasília)
Consulta BD OK - rotapauta.js (sql2)
-------------------------------------------------------------------------
Tue Aug 27 2024 12:29:02 GMT-0300 (Horário Padrão de Brasília)
Banco de Dados CEJUSC fechado.
-------------------------------------------------------------------------
Tue Aug 27 2024 12:30:54 GMT-0300 (Horário Padrão de Brasília)
GET
/principal/13326574860.egvbfvdtzhtsjlkz.conciliador
-------------------------------------------------------------------------
Tue Aug 27 2024 12:30:55 GMT-0300 (Horário Padrão de Brasília)
GET
/principal/13326574860.egvbfvdtzhtsjlkz.pauta
-------------------------------------------------------------------------
Tue Aug 27 2024 12:30:56 GMT-0300 (Horário Padrão de Brasília)
POST
/pauta/diaria
Conectado ao Banco de Dados CEJUSC.
-------------------------------------------------------------------------
Tue Aug 27 2024 12:30:56 GMT-0300 (Horário Padrão de Brasília)
-------------------------------------------------------------------------
Tue Aug 27 2024 12:30:56 GMT-0300 (Horário Padrão de Brasília)
Consulta BD OK - rotapauta.js (sql)
-------------------------------------------------------------------------
Tue Aug 27 2024 12:30:56 GMT-0300 (Horário Padrão de Brasília)
Consulta BD OK - rotapauta.js (sql1)
-------------------------------------------------------------------------
Tue Aug 27 2024 12:30:56 GMT-0300 (Horário Padrão de Brasília)
Consulta BD OK - rotapauta.js (sql2)
-------------------------------------------------------------------------
Tue Aug 27 2024 12:30:56 GMT-0300 (Horário Padrão de Brasília)
Banco de Dados CEJUSC fechado.
-------------------------------------------------------------------------
Tue Aug 27 2024 12:31:18 GMT-0300 (Horário Padrão de Brasília)
GET
Usuário 13326574860 DESLOGOU >>>
/logout/13326574860
-------------------------------------------------------------------------
Tue Aug 27 2024 12:31:18 GMT-0300 (Horário Padrão de Brasília)
GET
/
-------------------------------------------------------------------------
Tue Aug 27 2024 12:31:26 GMT-0300 (Horário Padrão de Brasília)
POST
/valida/api
Usuário: 13326574860
Conectado ao Banco de Dados CEJUSC.
-------------------------------------------------------------------------
Tue Aug 27 2024 12:31:26 GMT-0300 (Horário Padrão de Brasília)
-------------------------------------------------------------------------
Tue Aug 27 2024 12:31:26 GMT-0300 (Horário Padrão de Brasília)
Renato Ferreira >>>LOGOU
-------------------------------------------------------------------------
Tue Aug 27 2024 12:31:26 GMT-0300 (Horário Padrão de Brasília)
Banco de Dados CEJUSC fechado.
-------------------------------------------------------------------------
Tue Aug 27 2024 12:31:26 GMT-0300 (Horário Padrão de Brasília)
GET
/principal/13326574860.goinsyttzwykcvxp.presenca
-------------------------------------------------------------------------
Tue Aug 27 2024 12:31:27 GMT-0300 (Horário Padrão de Brasília)
GET
/principal/13326574860.goinsyttzwykcvxp.pauta
-------------------------------------------------------------------------
Tue Aug 27 2024 12:31:31 GMT-0300 (Horário Padrão de Brasília)
POST
/pauta/diaria
-------------------------------------------------------------------------
Tue Aug 27 2024 12:31:31 GMT-0300 (Horário Padrão de Brasília)
Conectado ao Banco de Dados CEJUSC.
Consulta BD OK - rotapauta.js (sql)
-------------------------------------------------------------------------
Tue Aug 27 2024 12:31:31 GMT-0300 (Horário Padrão de Brasília)
-------------------------------------------------------------------------
Tue Aug 27 2024 12:31:31 GMT-0300 (Horário Padrão de Brasília)
Consulta BD OK - rotapauta.js (sql1)
-------------------------------------------------------------------------
Tue Aug 27 2024 12:31:31 GMT-0300 (Horário Padrão de Brasília)
Consulta BD OK - rotapauta.js (sql2)
Banco de Dados CEJUSC fechado.
-------------------------------------------------------------------------
Tue Aug 27 2024 12:31:31 GMT-0300 (Horário Padrão de Brasília)
-------------------------------------------------------------------------
Tue Aug 27 2024 12:32:04 GMT-0300 (Horário Padrão de Brasília)
GET
/logout/13326574860
Usuário 13326574860 DESLOGOU >>>
-------------------------------------------------------------------------
Tue Aug 27 2024 12:32:04 GMT-0300 (Horário Padrão de Brasília)
GET
/
POST
-------------------------------------------------------------------------
Tue Aug 27 2024 12:32:09 GMT-0300 (Horário Padrão de Brasília)
/valida/api
Usuário: 13326574860
-------------------------------------------------------------------------
Tue Aug 27 2024 12:32:09 GMT-0300 (Horário Padrão de Brasília)
Conectado ao Banco de Dados CEJUSC.
-------------------------------------------------------------------------
Tue Aug 27 2024 12:32:09 GMT-0300 (Horário Padrão de Brasília)
Renato Ferreira >>>LOGOU
-------------------------------------------------------------------------
Tue Aug 27 2024 12:32:09 GMT-0300 (Horário Padrão de Brasília)
Banco de Dados CEJUSC fechado.
-------------------------------------------------------------------------
Tue Aug 27 2024 12:32:09 GMT-0300 (Horário Padrão de Brasília)
/principal/13326574860.ewtgbeucoqjzpyjh.presenca
GET
-------------------------------------------------------------------------
Tue Aug 27 2024 12:32:10 GMT-0300 (Horário Padrão de Brasília)
GET
/principal/13326574860.ewtgbeucoqjzpyjh.pauta
-------------------------------------------------------------------------
Tue Aug 27 2024 12:32:12 GMT-0300 (Horário Padrão de Brasília)
POST
/pauta/diaria
-------------------------------------------------------------------------
Tue Aug 27 2024 12:32:12 GMT-0300 (Horário Padrão de Brasília)
Conectado ao Banco de Dados CEJUSC.
-------------------------------------------------------------------------
Tue Aug 27 2024 12:32:12 GMT-0300 (Horário Padrão de Brasília)
Consulta BD OK - rotapauta.js (sql)
-------------------------------------------------------------------------
Tue Aug 27 2024 12:32:12 GMT-0300 (Horário Padrão de Brasília)
Consulta BD OK - rotapauta.js (sql1)
-------------------------------------------------------------------------
Tue Aug 27 2024 12:32:12 GMT-0300 (Horário Padrão de Brasília)
Consulta BD OK - rotapauta.js (sql2)
Banco de Dados CEJUSC fechado.
-------------------------------------------------------------------------
Tue Aug 27 2024 12:32:12 GMT-0300 (Horário Padrão de Brasília)
-------------------------------------------------------------------------
Tue Aug 27 2024 12:32:30 GMT-0300 (Horário Padrão de Brasília)
GET
/principal/13326574860.ewtgbeucoqjzpyjh.completas
-------------------------------------------------------------------------
Tue Aug 27 2024 12:32:30 GMT-0300 (Horário Padrão de Brasília)
/principal/13326574860.ewtgbeucoqjzpyjh.pauta
GET
-------------------------------------------------------------------------
Tue Aug 27 2024 12:32:32 GMT-0300 (Horário Padrão de Brasília)
POST
/pauta/diaria
-------------------------------------------------------------------------
Tue Aug 27 2024 12:32:32 GMT-0300 (Horário Padrão de Brasília)
Conectado ao Banco de Dados CEJUSC.
-------------------------------------------------------------------------
Tue Aug 27 2024 12:32:32 GMT-0300 (Horário Padrão de Brasília)
Consulta BD OK - rotapauta.js (sql)
-------------------------------------------------------------------------
Tue Aug 27 2024 12:32:32 GMT-0300 (Horário Padrão de Brasília)
Consulta BD OK - rotapauta.js (sql1)
-------------------------------------------------------------------------
Tue Aug 27 2024 12:32:32 GMT-0300 (Horário Padrão de Brasília)
Consulta BD OK - rotapauta.js (sql2)
-------------------------------------------------------------------------
Tue Aug 27 2024 12:32:32 GMT-0300 (Horário Padrão de Brasília)
Banco de Dados CEJUSC fechado.
GET
-------------------------------------------------------------------------
Tue Aug 27 2024 12:33:55 GMT-0300 (Horário Padrão de Brasília)
/principal/13326574860.ewtgbeucoqjzpyjh.completas
GET
-------------------------------------------------------------------------
Tue Aug 27 2024 12:33:56 GMT-0300 (Horário Padrão de Brasília)
/principal/13326574860.ewtgbeucoqjzpyjh.pauta
-------------------------------------------------------------------------
Tue Aug 27 2024 12:33:58 GMT-0300 (Horário Padrão de Brasília)
POST
/pauta/diaria
Conectado ao Banco de Dados CEJUSC.
-------------------------------------------------------------------------
Tue Aug 27 2024 12:33:58 GMT-0300 (Horário Padrão de Brasília)
-------------------------------------------------------------------------
Tue Aug 27 2024 12:33:58 GMT-0300 (Horário Padrão de Brasília)
Consulta BD OK - rotapauta.js (sql)
-------------------------------------------------------------------------
Tue Aug 27 2024 12:33:58 GMT-0300 (Horário Padrão de Brasília)
Consulta BD OK - rotapauta.js (sql1)
-------------------------------------------------------------------------
Tue Aug 27 2024 12:33:58 GMT-0300 (Horário Padrão de Brasília)
Consulta BD OK - rotapauta.js (sql2)
-------------------------------------------------------------------------
Tue Aug 27 2024 12:33:58 GMT-0300 (Horário Padrão de Brasília)
Banco de Dados CEJUSC fechado.
-------------------------------------------------------------------------
Tue Aug 27 2024 12:34:13 GMT-0300 (Horário Padrão de Brasília)
GET
/principal/13326574860.ewtgbeucoqjzpyjh.completas
-------------------------------------------------------------------------
Tue Aug 27 2024 12:34:14 GMT-0300 (Horário Padrão de Brasília)
GET
/principal/13326574860.ewtgbeucoqjzpyjh.pauta
-------------------------------------------------------------------------
Tue Aug 27 2024 12:34:16 GMT-0300 (Horário Padrão de Brasília)
POST
/pauta/diaria
Conectado ao Banco de Dados CEJUSC.
-------------------------------------------------------------------------
Tue Aug 27 2024 12:34:16 GMT-0300 (Horário Padrão de Brasília)
-------------------------------------------------------------------------
Tue Aug 27 2024 12:34:16 GMT-0300 (Horário Padrão de Brasília)
Consulta BD OK - rotapauta.js (sql)
-------------------------------------------------------------------------
Tue Aug 27 2024 12:34:16 GMT-0300 (Horário Padrão de Brasília)
Consulta BD OK - rotapauta.js (sql1)
-------------------------------------------------------------------------
Tue Aug 27 2024 12:34:16 GMT-0300 (Horário Padrão de Brasília)
Consulta BD OK - rotapauta.js (sql2)
-------------------------------------------------------------------------
Tue Aug 27 2024 12:34:16 GMT-0300 (Horário Padrão de Brasília)
Banco de Dados CEJUSC fechado.
GET
-------------------------------------------------------------------------
Tue Aug 27 2024 12:37:40 GMT-0300 (Horário Padrão de Brasília)
/principal/13326574860.ewtgbeucoqjzpyjh.completas
-------------------------------------------------------------------------
Tue Aug 27 2024 12:37:41 GMT-0300 (Horário Padrão de Brasília)
GET
/principal/13326574860.ewtgbeucoqjzpyjh.pauta
-------------------------------------------------------------------------
Tue Aug 27 2024 12:37:42 GMT-0300 (Horário Padrão de Brasília)
POST
/pauta/diaria
Conectado ao Banco de Dados CEJUSC.
-------------------------------------------------------------------------
Tue Aug 27 2024 12:37:42 GMT-0300 (Horário Padrão de Brasília)
Consulta BD OK - rotapauta.js (sql)
-------------------------------------------------------------------------
Tue Aug 27 2024 12:37:42 GMT-0300 (Horário Padrão de Brasília)
Consulta BD OK - rotapauta.js (sql1)
-------------------------------------------------------------------------
Tue Aug 27 2024 12:37:42 GMT-0300 (Horário Padrão de Brasília)
Consulta BD OK - rotapauta.js (sql2)
-------------------------------------------------------------------------
Tue Aug 27 2024 12:37:42 GMT-0300 (Horário Padrão de Brasília)
Banco de Dados CEJUSC fechado.
-------------------------------------------------------------------------
Tue Aug 27 2024 12:37:42 GMT-0300 (Horário Padrão de Brasília)
-------------------------------------------------------------------------
Tue Aug 27 2024 13:34:12 GMT-0300 (Horário Padrão de Brasília)
GET
/principal/13326574860.ewtgbeucoqjzpyjh.conciliador
-------------------------------------------------------------------------
Tue Aug 27 2024 13:34:14 GMT-0300 (Horário Padrão de Brasília)
GET
/principal/13326574860.ewtgbeucoqjzpyjh.pauta
-------------------------------------------------------------------------
Tue Aug 27 2024 13:34:15 GMT-0300 (Horário Padrão de Brasília)
POST
/pauta/diaria
-------------------------------------------------------------------------
Tue Aug 27 2024 13:34:15 GMT-0300 (Horário Padrão de Brasília)
Conectado ao Banco de Dados CEJUSC.
Consulta BD OK - rotapauta.js (sql)
-------------------------------------------------------------------------
Tue Aug 27 2024 13:34:15 GMT-0300 (Horário Padrão de Brasília)
-------------------------------------------------------------------------
Tue Aug 27 2024 13:34:15 GMT-0300 (Horário Padrão de Brasília)
Consulta BD OK - rotapauta.js (sql1)
-------------------------------------------------------------------------
Tue Aug 27 2024 13:34:15 GMT-0300 (Horário Padrão de Brasília)
Consulta BD OK - rotapauta.js (sql2)
-------------------------------------------------------------------------
Tue Aug 27 2024 13:34:15 GMT-0300 (Horário Padrão de Brasília)
Banco de Dados CEJUSC fechado.
-------------------------------------------------------------------------
Tue Aug 27 2024 14:15:15 GMT-0300 (Horário Padrão de Brasília)
GET
/principal/13326574860.ewtgbeucoqjzpyjh.presenca
-------------------------------------------------------------------------
Tue Aug 27 2024 14:15:16 GMT-0300 (Horário Padrão de Brasília)
/principal/13326574860.ewtgbeucoqjzpyjh.pauta
GET
-------------------------------------------------------------------------
Tue Aug 27 2024 14:15:18 GMT-0300 (Horário Padrão de Brasília)
POST
/pauta/diaria
Conectado ao Banco de Dados CEJUSC.
-------------------------------------------------------------------------
Tue Aug 27 2024 14:15:18 GMT-0300 (Horário Padrão de Brasília)
-------------------------------------------------------------------------
Tue Aug 27 2024 14:15:18 GMT-0300 (Horário Padrão de Brasília)
Consulta BD OK - rotapauta.js (sql)
-------------------------------------------------------------------------
Tue Aug 27 2024 14:15:18 GMT-0300 (Horário Padrão de Brasília)
Consulta BD OK - rotapauta.js (sql1)
-------------------------------------------------------------------------
Tue Aug 27 2024 14:15:18 GMT-0300 (Horário Padrão de Brasília)
Consulta BD OK - rotapauta.js (sql2)
-------------------------------------------------------------------------
Tue Aug 27 2024 14:15:18 GMT-0300 (Horário Padrão de Brasília)
Banco de Dados CEJUSC fechado.
-------------------------------------------------------------------------
Tue Aug 27 2024 14:15:48 GMT-0300 (Horário Padrão de Brasília)
GET
/principal/13326574860.ewtgbeucoqjzpyjh.conciliador
GET
-------------------------------------------------------------------------
Tue Aug 27 2024 14:15:48 GMT-0300 (Horário Padrão de Brasília)
/principal/13326574860.ewtgbeucoqjzpyjh.pauta
-------------------------------------------------------------------------
Tue Aug 27 2024 14:15:50 GMT-0300 (Horário Padrão de Brasília)
POST
/pauta/diaria
-------------------------------------------------------------------------
Tue Aug 27 2024 14:15:50 GMT-0300 (Horário Padrão de Brasília)
Conectado ao Banco de Dados CEJUSC.
-------------------------------------------------------------------------
Tue Aug 27 2024 14:15:50 GMT-0300 (Horário Padrão de Brasília)
Consulta BD OK - rotapauta.js (sql)
-------------------------------------------------------------------------
Tue Aug 27 2024 14:15:50 GMT-0300 (Horário Padrão de Brasília)
Consulta BD OK - rotapauta.js (sql1)
-------------------------------------------------------------------------
Tue Aug 27 2024 14:15:50 GMT-0300 (Horário Padrão de Brasília)
Consulta BD OK - rotapauta.js (sql2)
-------------------------------------------------------------------------
Tue Aug 27 2024 14:15:50 GMT-0300 (Horário Padrão de Brasília)
Banco de Dados CEJUSC fechado.
GET
-------------------------------------------------------------------------
Tue Aug 27 2024 14:32:55 GMT-0300 (Horário Padrão de Brasília)
/principal/13326574860.ewtgbeucoqjzpyjh.completas
GET
-------------------------------------------------------------------------
Tue Aug 27 2024 14:32:56 GMT-0300 (Horário Padrão de Brasília)
/principal/13326574860.ewtgbeucoqjzpyjh.pauta
-------------------------------------------------------------------------
Tue Aug 27 2024 14:32:58 GMT-0300 (Horário Padrão de Brasília)
POST
/pauta/diaria
-------------------------------------------------------------------------
Tue Aug 27 2024 14:32:58 GMT-0300 (Horário Padrão de Brasília)
Conectado ao Banco de Dados CEJUSC.
-------------------------------------------------------------------------
Tue Aug 27 2024 14:32:58 GMT-0300 (Horário Padrão de Brasília)
Consulta BD OK - rotapauta.js (sql)
-------------------------------------------------------------------------
Tue Aug 27 2024 14:32:58 GMT-0300 (Horário Padrão de Brasília)
Consulta BD OK - rotapauta.js (sql1)
-------------------------------------------------------------------------
Tue Aug 27 2024 14:32:58 GMT-0300 (Horário Padrão de Brasília)
Consulta BD OK - rotapauta.js (sql2)
-------------------------------------------------------------------------
Tue Aug 27 2024 14:32:58 GMT-0300 (Horário Padrão de Brasília)
Banco de Dados CEJUSC fechado.
GET
-------------------------------------------------------------------------
Tue Aug 27 2024 14:40:44 GMT-0300 (Horário Padrão de Brasília)
/principal/13326574860.ewtgbeucoqjzpyjh.completas
-------------------------------------------------------------------------
Tue Aug 27 2024 14:40:45 GMT-0300 (Horário Padrão de Brasília)
/principal/13326574860.ewtgbeucoqjzpyjh.pauta
GET
-------------------------------------------------------------------------
Tue Aug 27 2024 14:40:47 GMT-0300 (Horário Padrão de Brasília)
POST
/pauta/diaria
-------------------------------------------------------------------------
Tue Aug 27 2024 14:40:47 GMT-0300 (Horário Padrão de Brasília)
Conectado ao Banco de Dados CEJUSC.
-------------------------------------------------------------------------
Tue Aug 27 2024 14:40:47 GMT-0300 (Horário Padrão de Brasília)
Consulta BD OK - rotapauta.js (sql)
-------------------------------------------------------------------------
Tue Aug 27 2024 14:40:47 GMT-0300 (Horário Padrão de Brasília)
Consulta BD OK - rotapauta.js (sql1)
-------------------------------------------------------------------------
Tue Aug 27 2024 14:40:47 GMT-0300 (Horário Padrão de Brasília)
Consulta BD OK - rotapauta.js (sql2)
-------------------------------------------------------------------------
Tue Aug 27 2024 14:40:47 GMT-0300 (Horário Padrão de Brasília)
Banco de Dados CEJUSC fechado.
/principal/13326574860.ewtgbeucoqjzpyjh.conciliador
-------------------------------------------------------------------------
Tue Aug 27 2024 14:42:50 GMT-0300 (Horário Padrão de Brasília)
GET
-------------------------------------------------------------------------
Tue Aug 27 2024 14:42:51 GMT-0300 (Horário Padrão de Brasília)
GET
/principal/13326574860.ewtgbeucoqjzpyjh.pauta
POST
/pauta/diaria
-------------------------------------------------------------------------
Tue Aug 27 2024 14:42:52 GMT-0300 (Horário Padrão de Brasília)
Conectado ao Banco de Dados CEJUSC.
-------------------------------------------------------------------------
Tue Aug 27 2024 14:42:52 GMT-0300 (Horário Padrão de Brasília)
-------------------------------------------------------------------------
Tue Aug 27 2024 14:42:52 GMT-0300 (Horário Padrão de Brasília)
Consulta BD OK - rotapauta.js (sql)
Consulta BD OK - rotapauta.js (sql1)
-------------------------------------------------------------------------
Tue Aug 27 2024 14:42:52 GMT-0300 (Horário Padrão de Brasília)
-------------------------------------------------------------------------
Tue Aug 27 2024 14:42:52 GMT-0300 (Horário Padrão de Brasília)
Banco de Dados CEJUSC fechado.
Consulta BD OK - rotapauta.js (sql2)
-------------------------------------------------------------------------
Tue Aug 27 2024 14:42:52 GMT-0300 (Horário Padrão de Brasília)
GET
-------------------------------------------------------------------------
Tue Aug 27 2024 14:44:41 GMT-0300 (Horário Padrão de Brasília)
/principal/13326574860.ewtgbeucoqjzpyjh.conciliador
-------------------------------------------------------------------------
Tue Aug 27 2024 14:44:42 GMT-0300 (Horário Padrão de Brasília)
GET
/principal/13326574860.ewtgbeucoqjzpyjh.pauta
-------------------------------------------------------------------------
Tue Aug 27 2024 14:44:43 GMT-0300 (Horário Padrão de Brasília)
POST
/pauta/diaria
Conectado ao Banco de Dados CEJUSC.
-------------------------------------------------------------------------
Tue Aug 27 2024 14:44:43 GMT-0300 (Horário Padrão de Brasília)
Consulta BD OK - rotapauta.js (sql)
-------------------------------------------------------------------------
Tue Aug 27 2024 14:44:43 GMT-0300 (Horário Padrão de Brasília)
-------------------------------------------------------------------------
Tue Aug 27 2024 14:44:43 GMT-0300 (Horário Padrão de Brasília)
Consulta BD OK - rotapauta.js (sql1)
-------------------------------------------------------------------------
Tue Aug 27 2024 14:44:43 GMT-0300 (Horário Padrão de Brasília)
Consulta BD OK - rotapauta.js (sql2)
-------------------------------------------------------------------------
Tue Aug 27 2024 14:44:43 GMT-0300 (Horário Padrão de Brasília)
Banco de Dados CEJUSC fechado.
-------------------------------------------------------------------------
Tue Aug 27 2024 14:49:15 GMT-0300 (Horário Padrão de Brasília)
POST
/pauta/diaria
-------------------------------------------------------------------------
Tue Aug 27 2024 14:49:15 GMT-0300 (Horário Padrão de Brasília)
Conectado ao Banco de Dados CEJUSC.
-------------------------------------------------------------------------
Tue Aug 27 2024 14:49:15 GMT-0300 (Horário Padrão de Brasília)
-------------------------------------------------------------------------
Tue Aug 27 2024 14:49:15 GMT-0300 (Horário Padrão de Brasília)
Consulta BD OK - rotapauta.js (sql1)
Consulta BD OK - rotapauta.js (sql)
-------------------------------------------------------------------------
Tue Aug 27 2024 14:49:15 GMT-0300 (Horário Padrão de Brasília)
Consulta BD OK - rotapauta.js (sql2)
-------------------------------------------------------------------------
Tue Aug 27 2024 14:49:15 GMT-0300 (Horário Padrão de Brasília)
Banco de Dados CEJUSC fechado.
GET
-------------------------------------------------------------------------
Tue Aug 27 2024 14:49:17 GMT-0300 (Horário Padrão de Brasília)
/principal/13326574860.ewtgbeucoqjzpyjh.conciliador
/principal/13326574860.ewtgbeucoqjzpyjh.pauta
-------------------------------------------------------------------------
Tue Aug 27 2024 14:49:18 GMT-0300 (Horário Padrão de Brasília)
GET
-------------------------------------------------------------------------
Tue Aug 27 2024 14:49:21 GMT-0300 (Horário Padrão de Brasília)
POST
/pauta/diaria
-------------------------------------------------------------------------
Tue Aug 27 2024 14:49:21 GMT-0300 (Horário Padrão de Brasília)
Conectado ao Banco de Dados CEJUSC.
-------------------------------------------------------------------------
Tue Aug 27 2024 14:49:21 GMT-0300 (Horário Padrão de Brasília)
Consulta BD OK - rotapauta.js (sql)
-------------------------------------------------------------------------
Tue Aug 27 2024 14:49:21 GMT-0300 (Horário Padrão de Brasília)
Consulta BD OK - rotapauta.js (sql1)
-------------------------------------------------------------------------
Tue Aug 27 2024 14:49:21 GMT-0300 (Horário Padrão de Brasília)
Consulta BD OK - rotapauta.js (sql2)
-------------------------------------------------------------------------
Tue Aug 27 2024 14:49:21 GMT-0300 (Horário Padrão de Brasília)
Banco de Dados CEJUSC fechado.
-------------------------------------------------------------------------
Tue Aug 27 2024 14:50:03 GMT-0300 (Horário Padrão de Brasília)
GET
/principal/13326574860.ewtgbeucoqjzpyjh.completas
-------------------------------------------------------------------------
Tue Aug 27 2024 14:50:04 GMT-0300 (Horário Padrão de Brasília)
GET
/principal/13326574860.ewtgbeucoqjzpyjh.pauta
/pauta/diaria
POST
-------------------------------------------------------------------------
Tue Aug 27 2024 14:50:06 GMT-0300 (Horário Padrão de Brasília)
Conectado ao Banco de Dados CEJUSC.
-------------------------------------------------------------------------
Tue Aug 27 2024 14:50:06 GMT-0300 (Horário Padrão de Brasília)
-------------------------------------------------------------------------
Tue Aug 27 2024 14:50:06 GMT-0300 (Horário Padrão de Brasília)
Consulta BD OK - rotapauta.js (sql)
-------------------------------------------------------------------------
Tue Aug 27 2024 14:50:06 GMT-0300 (Horário Padrão de Brasília)
Consulta BD OK - rotapauta.js (sql1)
-------------------------------------------------------------------------
Tue Aug 27 2024 14:50:06 GMT-0300 (Horário Padrão de Brasília)
Consulta BD OK - rotapauta.js (sql2)
-------------------------------------------------------------------------
Tue Aug 27 2024 14:50:06 GMT-0300 (Horário Padrão de Brasília)
Banco de Dados CEJUSC fechado.
-------------------------------------------------------------------------
Tue Aug 27 2024 14:52:22 GMT-0300 (Horário Padrão de Brasília)
GET
/principal/13326574860.ewtgbeucoqjzpyjh.conciliador
-------------------------------------------------------------------------
Tue Aug 27 2024 14:52:23 GMT-0300 (Horário Padrão de Brasília)
GET
/principal/13326574860.ewtgbeucoqjzpyjh.pauta
-------------------------------------------------------------------------
Tue Aug 27 2024 14:52:25 GMT-0300 (Horário Padrão de Brasília)
POST
/pauta/diaria
Conectado ao Banco de Dados CEJUSC.
-------------------------------------------------------------------------
Tue Aug 27 2024 14:52:25 GMT-0300 (Horário Padrão de Brasília)
Consulta BD OK - rotapauta.js (sql)
-------------------------------------------------------------------------
Tue Aug 27 2024 14:52:25 GMT-0300 (Horário Padrão de Brasília)
-------------------------------------------------------------------------
Tue Aug 27 2024 14:52:25 GMT-0300 (Horário Padrão de Brasília)
Consulta BD OK - rotapauta.js (sql1)
-------------------------------------------------------------------------
Tue Aug 27 2024 14:52:25 GMT-0300 (Horário Padrão de Brasília)
Consulta BD OK - rotapauta.js (sql2)
Banco de Dados CEJUSC fechado.
-------------------------------------------------------------------------
Tue Aug 27 2024 14:52:25 GMT-0300 (Horário Padrão de Brasília)
-------------------------------------------------------------------------
Tue Aug 27 2024 15:00:49 GMT-0300 (Horário Padrão de Brasília)
GET
/principal/13326574860.ewtgbeucoqjzpyjh.completas
-------------------------------------------------------------------------
Tue Aug 27 2024 15:00:50 GMT-0300 (Horário Padrão de Brasília)
GET
/principal/13326574860.ewtgbeucoqjzpyjh.pauta
-------------------------------------------------------------------------
Tue Aug 27 2024 15:00:52 GMT-0300 (Horário Padrão de Brasília)
POST
/pauta/diaria
-------------------------------------------------------------------------
Tue Aug 27 2024 15:00:52 GMT-0300 (Horário Padrão de Brasília)
Conectado ao Banco de Dados CEJUSC.
-------------------------------------------------------------------------
Tue Aug 27 2024 15:00:52 GMT-0300 (Horário Padrão de Brasília)
Consulta BD OK - rotapauta.js (sql)
-------------------------------------------------------------------------
Tue Aug 27 2024 15:00:52 GMT-0300 (Horário Padrão de Brasília)
Consulta BD OK - rotapauta.js (sql1)
-------------------------------------------------------------------------
Tue Aug 27 2024 15:00:52 GMT-0300 (Horário Padrão de Brasília)
Consulta BD OK - rotapauta.js (sql2)
-------------------------------------------------------------------------
Tue Aug 27 2024 15:00:52 GMT-0300 (Horário Padrão de Brasília)
Banco de Dados CEJUSC fechado.
-------------------------------------------------------------------------
Tue Aug 27 2024 15:01:22 GMT-0300 (Horário Padrão de Brasília)
GET
/principal/13326574860.ewtgbeucoqjzpyjh.presenca
-------------------------------------------------------------------------
Tue Aug 27 2024 15:01:28 GMT-0300 (Horário Padrão de Brasília)
POST
/presenca/processo
-------------------------------------------------------------------------
Tue Aug 27 2024 15:01:28 GMT-0300 (Horário Padrão de Brasília)
Conectado ao Banco de Dados CEJUSC.
-------------------------------------------------------------------------
Tue Aug 27 2024 15:01:28 GMT-0300 (Horário Padrão de Brasília)
Uma linha FOI encontrada. Processo: 1020538-09.2022
-------------------------------------------------------------------------
Tue Aug 27 2024 15:01:28 GMT-0300 (Horário Padrão de Brasília)
Banco de Dados CEJUSC fechado.
-------------------------------------------------------------------------
Tue Aug 27 2024 15:10:03 GMT-0300 (Horário Padrão de Brasília)
GET
/principal/13326574860.ewtgbeucoqjzpyjh.pauta
-------------------------------------------------------------------------
Tue Aug 27 2024 15:10:05 GMT-0300 (Horário Padrão de Brasília)
POST
/pauta/diaria
Conectado ao Banco de Dados CEJUSC.
-------------------------------------------------------------------------
Tue Aug 27 2024 15:10:05 GMT-0300 (Horário Padrão de Brasília)
-------------------------------------------------------------------------
Tue Aug 27 2024 15:10:05 GMT-0300 (Horário Padrão de Brasília)
Consulta BD OK - rotapauta.js (sql)
-------------------------------------------------------------------------
Tue Aug 27 2024 15:10:05 GMT-0300 (Horário Padrão de Brasília)
Consulta BD OK - rotapauta.js (sql1)
-------------------------------------------------------------------------
Tue Aug 27 2024 15:10:05 GMT-0300 (Horário Padrão de Brasília)
Consulta BD OK - rotapauta.js (sql2)
-------------------------------------------------------------------------
Tue Aug 27 2024 15:10:05 GMT-0300 (Horário Padrão de Brasília)
Banco de Dados CEJUSC fechado.
GET
-------------------------------------------------------------------------
Tue Aug 27 2024 15:18:03 GMT-0300 (Horário Padrão de Brasília)
/principal/13326574860.ewtgbeucoqjzpyjh.conciliador
-------------------------------------------------------------------------
Tue Aug 27 2024 15:18:04 GMT-0300 (Horário Padrão de Brasília)
GET
/principal/13326574860.ewtgbeucoqjzpyjh.pauta
-------------------------------------------------------------------------
Tue Aug 27 2024 15:18:06 GMT-0300 (Horário Padrão de Brasília)
POST
/pauta/diaria
-------------------------------------------------------------------------
Tue Aug 27 2024 15:18:06 GMT-0300 (Horário Padrão de Brasília)
Conectado ao Banco de Dados CEJUSC.
-------------------------------------------------------------------------
Tue Aug 27 2024 15:18:06 GMT-0300 (Horário Padrão de Brasília)
Consulta BD OK - rotapauta.js (sql)
-------------------------------------------------------------------------
Tue Aug 27 2024 15:18:06 GMT-0300 (Horário Padrão de Brasília)
Consulta BD OK - rotapauta.js (sql1)
-------------------------------------------------------------------------
Tue Aug 27 2024 15:18:06 GMT-0300 (Horário Padrão de Brasília)
Consulta BD OK - rotapauta.js (sql2)
-------------------------------------------------------------------------
Tue Aug 27 2024 15:18:06 GMT-0300 (Horário Padrão de Brasília)
Banco de Dados CEJUSC fechado.
-------------------------------------------------------------------------
Tue Aug 27 2024 15:18:42 GMT-0300 (Horário Padrão de Brasília)
GET
/principal/13326574860.ewtgbeucoqjzpyjh.presenca
-------------------------------------------------------------------------
Tue Aug 27 2024 15:18:48 GMT-0300 (Horário Padrão de Brasília)
POST
/presenca/processo
-------------------------------------------------------------------------
Tue Aug 27 2024 15:18:48 GMT-0300 (Horário Padrão de Brasília)
Conectado ao Banco de Dados CEJUSC.
Uma linha FOI encontrada. Processo: 1020438-20.2023
-------------------------------------------------------------------------
Tue Aug 27 2024 15:18:48 GMT-0300 (Horário Padrão de Brasília)
-------------------------------------------------------------------------
Tue Aug 27 2024 15:18:48 GMT-0300 (Horário Padrão de Brasília)
Banco de Dados CEJUSC fechado.
-------------------------------------------------------------------------
Tue Aug 27 2024 15:19:10 GMT-0300 (Horário Padrão de Brasília)
GET
/principal/13326574860.ewtgbeucoqjzpyjh.pauta
-------------------------------------------------------------------------
Tue Aug 27 2024 15:19:12 GMT-0300 (Horário Padrão de Brasília)
POST
/pauta/diaria
-------------------------------------------------------------------------
Tue Aug 27 2024 15:19:12 GMT-0300 (Horário Padrão de Brasília)
Conectado ao Banco de Dados CEJUSC.
-------------------------------------------------------------------------
Tue Aug 27 2024 15:19:12 GMT-0300 (Horário Padrão de Brasília)
Consulta BD OK - rotapauta.js (sql)
-------------------------------------------------------------------------
Tue Aug 27 2024 15:19:12 GMT-0300 (Horário Padrão de Brasília)
Consulta BD OK - rotapauta.js (sql2)
-------------------------------------------------------------------------
Tue Aug 27 2024 15:19:12 GMT-0300 (Horário Padrão de Brasília)
Banco de Dados CEJUSC fechado.
Consulta BD OK - rotapauta.js (sql1)
-------------------------------------------------------------------------
Tue Aug 27 2024 15:19:12 GMT-0300 (Horário Padrão de Brasília)
-------------------------------------------------------------------------
Tue Aug 27 2024 15:21:58 GMT-0300 (Horário Padrão de Brasília)
GET
/principal/13326574860.ewtgbeucoqjzpyjh.completas
-------------------------------------------------------------------------
Tue Aug 27 2024 15:21:58 GMT-0300 (Horário Padrão de Brasília)
/principal/13326574860.ewtgbeucoqjzpyjh.pauta
GET
-------------------------------------------------------------------------
Tue Aug 27 2024 15:22:00 GMT-0300 (Horário Padrão de Brasília)
POST
/pauta/diaria
-------------------------------------------------------------------------
Tue Aug 27 2024 15:22:00 GMT-0300 (Horário Padrão de Brasília)
Conectado ao Banco de Dados CEJUSC.
-------------------------------------------------------------------------
Tue Aug 27 2024 15:22:00 GMT-0300 (Horário Padrão de Brasília)
Consulta BD OK - rotapauta.js (sql)
-------------------------------------------------------------------------
Tue Aug 27 2024 15:22:00 GMT-0300 (Horário Padrão de Brasília)
Consulta BD OK - rotapauta.js (sql1)
Consulta BD OK - rotapauta.js (sql2)
-------------------------------------------------------------------------
Tue Aug 27 2024 15:22:00 GMT-0300 (Horário Padrão de Brasília)
-------------------------------------------------------------------------
Tue Aug 27 2024 15:22:00 GMT-0300 (Horário Padrão de Brasília)
Banco de Dados CEJUSC fechado.
-------------------------------------------------------------------------
Tue Aug 27 2024 15:22:21 GMT-0300 (Horário Padrão de Brasília)
GET
/principal/13326574860.ewtgbeucoqjzpyjh.presenca
-------------------------------------------------------------------------
Tue Aug 27 2024 15:22:26 GMT-0300 (Horário Padrão de Brasília)
/presenca/processo
POST
Conectado ao Banco de Dados CEJUSC.
-------------------------------------------------------------------------
Tue Aug 27 2024 15:22:26 GMT-0300 (Horário Padrão de Brasília)
-------------------------------------------------------------------------
Tue Aug 27 2024 15:22:26 GMT-0300 (Horário Padrão de Brasília)
Uma linha FOI encontrada. Processo: 1024755-61.2023
-------------------------------------------------------------------------
Tue Aug 27 2024 15:22:26 GMT-0300 (Horário Padrão de Brasília)
Banco de Dados CEJUSC fechado.
-------------------------------------------------------------------------
Tue Aug 27 2024 15:22:37 GMT-0300 (Horário Padrão de Brasília)
GET
/principal/13326574860.ewtgbeucoqjzpyjh.pauta
-------------------------------------------------------------------------
Tue Aug 27 2024 15:22:39 GMT-0300 (Horário Padrão de Brasília)
POST
/pauta/diaria
Conectado ao Banco de Dados CEJUSC.
-------------------------------------------------------------------------
Tue Aug 27 2024 15:22:39 GMT-0300 (Horário Padrão de Brasília)
-------------------------------------------------------------------------
Tue Aug 27 2024 15:22:39 GMT-0300 (Horário Padrão de Brasília)
Consulta BD OK - rotapauta.js (sql)
-------------------------------------------------------------------------
Tue Aug 27 2024 15:22:39 GMT-0300 (Horário Padrão de Brasília)
Consulta BD OK - rotapauta.js (sql1)
-------------------------------------------------------------------------
Tue Aug 27 2024 15:22:39 GMT-0300 (Horário Padrão de Brasília)
Consulta BD OK - rotapauta.js (sql2)
-------------------------------------------------------------------------
Tue Aug 27 2024 15:22:39 GMT-0300 (Horário Padrão de Brasília)
Banco de Dados CEJUSC fechado.
-------------------------------------------------------------------------
Tue Aug 27 2024 15:23:17 GMT-0300 (Horário Padrão de Brasília)
/pauta/diaria
POST
Conectado ao Banco de Dados CEJUSC.
-------------------------------------------------------------------------
Tue Aug 27 2024 15:23:17 GMT-0300 (Horário Padrão de Brasília)
Consulta BD OK - rotapauta.js (sql)
-------------------------------------------------------------------------
Tue Aug 27 2024 15:23:17 GMT-0300 (Horário Padrão de Brasília)
-------------------------------------------------------------------------
Tue Aug 27 2024 15:23:17 GMT-0300 (Horário Padrão de Brasília)
Consulta BD OK - rotapauta.js (sql1)
-------------------------------------------------------------------------
Tue Aug 27 2024 15:23:17 GMT-0300 (Horário Padrão de Brasília)
Consulta BD OK - rotapauta.js (sql2)
-------------------------------------------------------------------------
Tue Aug 27 2024 15:23:17 GMT-0300 (Horário Padrão de Brasília)
Banco de Dados CEJUSC fechado.
-------------------------------------------------------------------------
Tue Aug 27 2024 15:23:19 GMT-0300 (Horário Padrão de Brasília)
GET
/principal/13326574860.ewtgbeucoqjzpyjh.completas
GET
/principal/13326574860.ewtgbeucoqjzpyjh.pauta
-------------------------------------------------------------------------
Tue Aug 27 2024 15:23:20 GMT-0300 (Horário Padrão de Brasília)
-------------------------------------------------------------------------
Tue Aug 27 2024 15:23:22 GMT-0300 (Horário Padrão de Brasília)
POST
/pauta/diaria
-------------------------------------------------------------------------
Tue Aug 27 2024 15:23:22 GMT-0300 (Horário Padrão de Brasília)
Conectado ao Banco de Dados CEJUSC.
-------------------------------------------------------------------------
Tue Aug 27 2024 15:23:22 GMT-0300 (Horário Padrão de Brasília)
Consulta BD OK - rotapauta.js (sql)
-------------------------------------------------------------------------
Tue Aug 27 2024 15:23:22 GMT-0300 (Horário Padrão de Brasília)
Consulta BD OK - rotapauta.js (sql1)
-------------------------------------------------------------------------
Tue Aug 27 2024 15:23:22 GMT-0300 (Horário Padrão de Brasília)
Consulta BD OK - rotapauta.js (sql2)
-------------------------------------------------------------------------
Tue Aug 27 2024 15:23:22 GMT-0300 (Horário Padrão de Brasília)
Banco de Dados CEJUSC fechado.
-------------------------------------------------------------------------
Tue Aug 27 2024 15:48:59 GMT-0300 (Horário Padrão de Brasília)
Usuário 13326574860 DESLOGOU >>>
/logout/13326574860
GET
-------------------------------------------------------------------------
Tue Aug 27 2024 15:48:59 GMT-0300 (Horário Padrão de Brasília)
/
GET
-------------------------------------------------------------------------
Tue Aug 27 2024 19:36:03 GMT-0300 (Horário Padrão de Brasília)
GET
/
-------------------------------------------------------------------------
Tue Aug 27 2024 19:36:14 GMT-0300 (Horário Padrão de Brasília)
POST
/valida/api
Usuário: 13326574860
-------------------------------------------------------------------------
Tue Aug 27 2024 19:36:15 GMT-0300 (Horário Padrão de Brasília)
Conectado ao Banco de Dados CEJUSC.
Renato Ferreira >>>LOGOU
-------------------------------------------------------------------------
Tue Aug 27 2024 19:36:15 GMT-0300 (Horário Padrão de Brasília)
-------------------------------------------------------------------------
Tue Aug 27 2024 19:36:15 GMT-0300 (Horário Padrão de Brasília)
Banco de Dados CEJUSC fechado.
-------------------------------------------------------------------------
Tue Aug 27 2024 19:36:15 GMT-0300 (Horário Padrão de Brasília)
GET
/principal/13326574860.bigehunorrhulibn.presenca
-------------------------------------------------------------------------
Tue Aug 27 2024 19:36:17 GMT-0300 (Horário Padrão de Brasília)
GET
/principal/13326574860.bigehunorrhulibn.pauta
-------------------------------------------------------------------------
Tue Aug 27 2024 19:36:19 GMT-0300 (Horário Padrão de Brasília)
POST
/pauta/diaria
Conectado ao Banco de Dados CEJUSC.
-------------------------------------------------------------------------
Tue Aug 27 2024 19:36:19 GMT-0300 (Horário Padrão de Brasília)
Consulta BD OK - rotapauta.js (sql)
-------------------------------------------------------------------------
Tue Aug 27 2024 19:36:19 GMT-0300 (Horário Padrão de Brasília)
-------------------------------------------------------------------------
Tue Aug 27 2024 19:36:19 GMT-0300 (Horário Padrão de Brasília)
Consulta BD OK - rotapauta.js (sql1)
-------------------------------------------------------------------------
Tue Aug 27 2024 19:36:19 GMT-0300 (Horário Padrão de Brasília)
Consulta BD OK - rotapauta.js (sql2)
-------------------------------------------------------------------------
Tue Aug 27 2024 19:36:19 GMT-0300 (Horário Padrão de Brasília)
Banco de Dados CEJUSC fechado.
GET
-------------------------------------------------------------------------
Tue Aug 27 2024 20:00:21 GMT-0300 (Horário Padrão de Brasília)
/logout/13326574860
Usuário 13326574860 DESLOGOU >>>
-------------------------------------------------------------------------
Tue Aug 27 2024 20:00:21 GMT-0300 (Horário Padrão de Brasília)
/
GET
-------------------------------------------------------------------------
Tue Aug 27 2024 20:00:43 GMT-0300 (Horário Padrão de Brasília)
Usuário: 13326574860
/valida/api
POST
-------------------------------------------------------------------------
Tue Aug 27 2024 20:00:43 GMT-0300 (Horário Padrão de Brasília)
Conectado ao Banco de Dados CEJUSC.
Renato Ferreira >>>LOGOU
-------------------------------------------------------------------------
Tue Aug 27 2024 20:00:43 GMT-0300 (Horário Padrão de Brasília)
-------------------------------------------------------------------------
Tue Aug 27 2024 20:00:43 GMT-0300 (Horário Padrão de Brasília)
Banco de Dados CEJUSC fechado.
-------------------------------------------------------------------------
Tue Aug 27 2024 20:00:43 GMT-0300 (Horário Padrão de Brasília)
/principal/13326574860.sfuydevnnuxmtfqc.presenca
GET
-------------------------------------------------------------------------
Tue Aug 27 2024 20:00:45 GMT-0300 (Horário Padrão de Brasília)
GET
/principal/13326574860.sfuydevnnuxmtfqc.pauta
-------------------------------------------------------------------------
Tue Aug 27 2024 20:00:47 GMT-0300 (Horário Padrão de Brasília)
POST
/pauta/diaria
-------------------------------------------------------------------------
Tue Aug 27 2024 20:00:47 GMT-0300 (Horário Padrão de Brasília)
Conectado ao Banco de Dados CEJUSC.
-------------------------------------------------------------------------
Tue Aug 27 2024 20:00:47 GMT-0300 (Horário Padrão de Brasília)
Consulta BD OK - rotapauta.js (sql)
-------------------------------------------------------------------------
Tue Aug 27 2024 20:00:47 GMT-0300 (Horário Padrão de Brasília)
Consulta BD OK - rotapauta.js (sql1)
-------------------------------------------------------------------------
Tue Aug 27 2024 20:00:47 GMT-0300 (Horário Padrão de Brasília)
Consulta BD OK - rotapauta.js (sql2)
-------------------------------------------------------------------------
Tue Aug 27 2024 20:00:47 GMT-0300 (Horário Padrão de Brasília)
Banco de Dados CEJUSC fechado.
-------------------------------------------------------------------------
Tue Aug 27 2024 20:01:12 GMT-0300 (Horário Padrão de Brasília)
GET
/principal/13326574860.sfuydevnnuxmtfqc.completas
-------------------------------------------------------------------------
Tue Aug 27 2024 20:01:14 GMT-0300 (Horário Padrão de Brasília)
GET
/principal/13326574860.sfuydevnnuxmtfqc.pauta
-------------------------------------------------------------------------
Tue Aug 27 2024 20:02:43 GMT-0300 (Horário Padrão de Brasília)
GET
/principal/13326574860.sfuydevnnuxmtfqc.conciliador
-------------------------------------------------------------------------
Tue Aug 27 2024 20:02:44 GMT-0300 (Horário Padrão de Brasília)
GET
/principal/13326574860.sfuydevnnuxmtfqc.pauta
-------------------------------------------------------------------------
Tue Aug 27 2024 20:05:36 GMT-0300 (Horário Padrão de Brasília)
GET
/logout/13326574860
Usuário 13326574860 DESLOGOU >>>
-------------------------------------------------------------------------
Tue Aug 27 2024 20:05:36 GMT-0300 (Horário Padrão de Brasília)
/
GET
-------------------------------------------------------------------------
Tue Aug 27 2024 20:06:00 GMT-0300 (Horário Padrão de Brasília)
POST
Usuário: 13326574860
/valida/api
Conectado ao Banco de Dados CEJUSC.
-------------------------------------------------------------------------
Tue Aug 27 2024 20:06:00 GMT-0300 (Horário Padrão de Brasília)
-------------------------------------------------------------------------
Tue Aug 27 2024 20:06:00 GMT-0300 (Horário Padrão de Brasília)
Renato Ferreira >>>LOGOU
-------------------------------------------------------------------------
Tue Aug 27 2024 20:06:00 GMT-0300 (Horário Padrão de Brasília)
Banco de Dados CEJUSC fechado.
-------------------------------------------------------------------------
Tue Aug 27 2024 20:06:00 GMT-0300 (Horário Padrão de Brasília)
/principal/13326574860.alakxmknxdsxdgoj.presenca
GET
-------------------------------------------------------------------------
Tue Aug 27 2024 20:06:01 GMT-0300 (Horário Padrão de Brasília)
GET
/principal/13326574860.alakxmknxdsxdgoj.pauta
-------------------------------------------------------------------------
Tue Aug 27 2024 20:06:03 GMT-0300 (Horário Padrão de Brasília)
/pauta/diaria
POST
-------------------------------------------------------------------------
Tue Aug 27 2024 20:06:03 GMT-0300 (Horário Padrão de Brasília)
Conectado ao Banco de Dados CEJUSC.
-------------------------------------------------------------------------
Tue Aug 27 2024 20:06:03 GMT-0300 (Horário Padrão de Brasília)
Consulta BD OK - rotapauta.js (sql)
-------------------------------------------------------------------------
Tue Aug 27 2024 20:06:03 GMT-0300 (Horário Padrão de Brasília)
Consulta BD OK - rotapauta.js (sql1)
-------------------------------------------------------------------------
Tue Aug 27 2024 20:06:03 GMT-0300 (Horário Padrão de Brasília)
Consulta BD OK - rotapauta.js (sql2)
-------------------------------------------------------------------------
Tue Aug 27 2024 20:06:03 GMT-0300 (Horário Padrão de Brasília)
Banco de Dados CEJUSC fechado.
-------------------------------------------------------------------------
Tue Aug 27 2024 20:08:18 GMT-0300 (Horário Padrão de Brasília)
GET
/principal/13326574860.alakxmknxdsxdgoj.presenca
-------------------------------------------------------------------------
Tue Aug 27 2024 20:08:24 GMT-0300 (Horário Padrão de Brasília)
POST
/presenca/processo
-------------------------------------------------------------------------
Tue Aug 27 2024 20:08:24 GMT-0300 (Horário Padrão de Brasília)
Conectado ao Banco de Dados CEJUSC.
-------------------------------------------------------------------------
Tue Aug 27 2024 20:08:24 GMT-0300 (Horário Padrão de Brasília)
Uma linha FOI encontrada. Processo: 1001321-43.2023
Banco de Dados CEJUSC fechado.
-------------------------------------------------------------------------
Tue Aug 27 2024 20:08:24 GMT-0300 (Horário Padrão de Brasília)
-------------------------------------------------------------------------
Tue Aug 27 2024 20:08:53 GMT-0300 (Horário Padrão de Brasília)
GET
/principal/13326574860.alakxmknxdsxdgoj.pauta
-------------------------------------------------------------------------
Tue Aug 27 2024 20:08:56 GMT-0300 (Horário Padrão de Brasília)
POST
/pauta/diaria
-------------------------------------------------------------------------
Tue Aug 27 2024 20:08:56 GMT-0300 (Horário Padrão de Brasília)
Conectado ao Banco de Dados CEJUSC.
-------------------------------------------------------------------------
Tue Aug 27 2024 20:08:56 GMT-0300 (Horário Padrão de Brasília)
Consulta BD OK - rotapauta.js (sql)
-------------------------------------------------------------------------
Tue Aug 27 2024 20:08:56 GMT-0300 (Horário Padrão de Brasília)
Consulta BD OK - rotapauta.js (sql1)
-------------------------------------------------------------------------
Tue Aug 27 2024 20:08:56 GMT-0300 (Horário Padrão de Brasília)
Consulta BD OK - rotapauta.js (sql2)
-------------------------------------------------------------------------
Tue Aug 27 2024 20:08:56 GMT-0300 (Horário Padrão de Brasília)
Banco de Dados CEJUSC fechado.
-------------------------------------------------------------------------
Tue Aug 27 2024 20:20:14 GMT-0300 (Horário Padrão de Brasília)
/logout/13326574860
Usuário 13326574860 DESLOGOU >>>
GET
-------------------------------------------------------------------------
Tue Aug 27 2024 20:20:14 GMT-0300 (Horário Padrão de Brasília)
GET
/
