-------------------------------------------------------------------------
Fri Aug 30 2024 12:46:40 GMT-0300 (Horário Padrão de Brasília)
/
GET
POST
-------------------------------------------------------------------------
Fri Aug 30 2024 12:46:55 GMT-0300 (Horário Padrão de Brasília)
/valida/api
Usuário: 13326574860
-------------------------------------------------------------------------
Fri Aug 30 2024 12:46:55 GMT-0300 (Horário Padrão de Brasília)
Conectado ao Banco de Dados CEJUSC.
Renato Ferreira >>>LOGOU
-------------------------------------------------------------------------
Fri Aug 30 2024 12:46:55 GMT-0300 (Horário Padrão de Brasília)
-------------------------------------------------------------------------
Fri Aug 30 2024 12:46:55 GMT-0300 (Horário Padrão de Brasília)
Banco de Dados CEJUSC fechado.
-------------------------------------------------------------------------
Fri Aug 30 2024 12:46:55 GMT-0300 (Horário Padrão de Brasília)
GET
/principal/13326574860.tluvszjfdxemdnkm.presenca
-------------------------------------------------------------------------
Fri Aug 30 2024 12:46:57 GMT-0300 (Horário Padrão de Brasília)
GET
/principal/13326574860.tluvszjfdxemdnkm.pauta
-------------------------------------------------------------------------
Fri Aug 30 2024 12:47:01 GMT-0300 (Horário Padrão de Brasília)
POST
/pauta/diaria
-------------------------------------------------------------------------
Fri Aug 30 2024 12:47:01 GMT-0300 (Horário Padrão de Brasília)
Conectado ao Banco de Dados CEJUSC.
-------------------------------------------------------------------------
Fri Aug 30 2024 12:47:01 GMT-0300 (Horário Padrão de Brasília)
Consulta BD OK - rotapauta.js (sql)
-------------------------------------------------------------------------
Fri Aug 30 2024 12:47:01 GMT-0300 (Horário Padrão de Brasília)
Consulta BD OK - rotapauta.js (sql1)
-------------------------------------------------------------------------
Fri Aug 30 2024 12:47:01 GMT-0300 (Horário Padrão de Brasília)
Consulta BD OK - rotapauta.js (sql2)
-------------------------------------------------------------------------
Fri Aug 30 2024 12:47:01 GMT-0300 (Horário Padrão de Brasília)
Banco de Dados CEJUSC fechado.
-------------------------------------------------------------------------
Fri Aug 30 2024 12:47:13 GMT-0300 (Horário Padrão de Brasília)
POST
/pauta/diaria
-------------------------------------------------------------------------
Fri Aug 30 2024 12:47:13 GMT-0300 (Horário Padrão de Brasília)
Conectado ao Banco de Dados CEJUSC.
-------------------------------------------------------------------------
Fri Aug 30 2024 12:47:13 GMT-0300 (Horário Padrão de Brasília)
Consulta BD OK - rotapauta.js (sql1)
Consulta BD OK - rotapauta.js (sql)
-------------------------------------------------------------------------
Fri Aug 30 2024 12:47:13 GMT-0300 (Horário Padrão de Brasília)
-------------------------------------------------------------------------
Fri Aug 30 2024 12:47:13 GMT-0300 (Horário Padrão de Brasília)
Consulta BD OK - rotapauta.js (sql2)
-------------------------------------------------------------------------
Fri Aug 30 2024 12:47:13 GMT-0300 (Horário Padrão de Brasília)
Banco de Dados CEJUSC fechado.
-------------------------------------------------------------------------
Fri Aug 30 2024 12:47:29 GMT-0300 (Horário Padrão de Brasília)
POST
/pauta/diaria
-------------------------------------------------------------------------
Fri Aug 30 2024 12:47:29 GMT-0300 (Horário Padrão de Brasília)
Conectado ao Banco de Dados CEJUSC.
-------------------------------------------------------------------------
Fri Aug 30 2024 12:47:29 GMT-0300 (Horário Padrão de Brasília)
Consulta BD OK - rotapauta.js (sql)
-------------------------------------------------------------------------
Fri Aug 30 2024 12:47:29 GMT-0300 (Horário Padrão de Brasília)
Consulta BD OK - rotapauta.js (sql1)
-------------------------------------------------------------------------
Fri Aug 30 2024 12:47:29 GMT-0300 (Horário Padrão de Brasília)
Consulta BD OK - rotapauta.js (sql2)
-------------------------------------------------------------------------
Fri Aug 30 2024 12:47:29 GMT-0300 (Horário Padrão de Brasília)
Banco de Dados CEJUSC fechado.
-------------------------------------------------------------------------
Fri Aug 30 2024 12:47:43 GMT-0300 (Horário Padrão de Brasília)
GET
/principal/13326574860.tluvszjfdxemdnkm.conciliador
-------------------------------------------------------------------------
Fri Aug 30 2024 12:47:44 GMT-0300 (Horário Padrão de Brasília)
GET
/principal/13326574860.tluvszjfdxemdnkm.completas
-------------------------------------------------------------------------
Fri Aug 30 2024 12:47:45 GMT-0300 (Horário Padrão de Brasília)
GET
/principal/13326574860.tluvszjfdxemdnkm.presenca
-------------------------------------------------------------------------
Fri Aug 30 2024 12:47:48 GMT-0300 (Horário Padrão de Brasília)
GET
/principal/13326574860.tluvszjfdxemdnkm.pauta
-------------------------------------------------------------------------
Fri Aug 30 2024 12:47:54 GMT-0300 (Horário Padrão de Brasília)
GET
/principal/13326574860.tluvszjfdxemdnkm.presenca
-------------------------------------------------------------------------
Fri Aug 30 2024 12:48:07 GMT-0300 (Horário Padrão de Brasília)
POST
/presenca/processo
-------------------------------------------------------------------------
Fri Aug 30 2024 12:48:07 GMT-0300 (Horário Padrão de Brasília)
Conectado ao Banco de Dados CEJUSC.
-------------------------------------------------------------------------
Fri Aug 30 2024 12:48:07 GMT-0300 (Horário Padrão de Brasília)
Uma linha FOI encontrada. Processo: 0002949-21.2022
-------------------------------------------------------------------------
Fri Aug 30 2024 12:48:07 GMT-0300 (Horário Padrão de Brasília)
Banco de Dados CEJUSC fechado.
-------------------------------------------------------------------------
Fri Aug 30 2024 12:48:42 GMT-0300 (Horário Padrão de Brasília)
GET
/principal/13326574860.tluvszjfdxemdnkm.pauta
-------------------------------------------------------------------------
Fri Aug 30 2024 12:51:16 GMT-0300 (Horário Padrão de Brasília)
GET
/principal/13326574860.tluvszjfdxemdnkm.presenca
-------------------------------------------------------------------------
Fri Aug 30 2024 12:51:18 GMT-0300 (Horário Padrão de Brasília)
/principal/13326574860.tluvszjfdxemdnkm.completas
GET
-------------------------------------------------------------------------
Fri Aug 30 2024 12:51:20 GMT-0300 (Horário Padrão de Brasília)
GET
/principal/13326574860.tluvszjfdxemdnkm.pauta
POST
-------------------------------------------------------------------------
Fri Aug 30 2024 12:51:36 GMT-0300 (Horário Padrão de Brasília)
/pauta/diaria
-------------------------------------------------------------------------
Fri Aug 30 2024 12:51:36 GMT-0300 (Horário Padrão de Brasília)
Conectado ao Banco de Dados CEJUSC.
-------------------------------------------------------------------------
Fri Aug 30 2024 12:51:36 GMT-0300 (Horário Padrão de Brasília)
Consulta BD OK - rotapauta.js (sql)
-------------------------------------------------------------------------
Fri Aug 30 2024 12:51:36 GMT-0300 (Horário Padrão de Brasília)
Consulta BD OK - rotapauta.js (sql1)
-------------------------------------------------------------------------
Fri Aug 30 2024 12:51:36 GMT-0300 (Horário Padrão de Brasília)
Consulta BD OK - rotapauta.js (sql2)
-------------------------------------------------------------------------
Fri Aug 30 2024 12:51:36 GMT-0300 (Horário Padrão de Brasília)
Banco de Dados CEJUSC fechado.
-------------------------------------------------------------------------
Fri Aug 30 2024 12:51:53 GMT-0300 (Horário Padrão de Brasília)
/pauta/diaria
POST
-------------------------------------------------------------------------
Fri Aug 30 2024 12:51:53 GMT-0300 (Horário Padrão de Brasília)
Conectado ao Banco de Dados CEJUSC.
-------------------------------------------------------------------------
Fri Aug 30 2024 12:51:53 GMT-0300 (Horário Padrão de Brasília)
Consulta BD OK - rotapauta.js (sql)
Consulta BD OK - rotapauta.js (sql1)
-------------------------------------------------------------------------
Fri Aug 30 2024 12:51:53 GMT-0300 (Horário Padrão de Brasília)
-------------------------------------------------------------------------
Fri Aug 30 2024 12:51:53 GMT-0300 (Horário Padrão de Brasília)
Consulta BD OK - rotapauta.js (sql2)
-------------------------------------------------------------------------
Fri Aug 30 2024 12:51:53 GMT-0300 (Horário Padrão de Brasília)
Banco de Dados CEJUSC fechado.
-------------------------------------------------------------------------
Fri Aug 30 2024 12:52:17 GMT-0300 (Horário Padrão de Brasília)
/pauta/diaria
POST
-------------------------------------------------------------------------
Fri Aug 30 2024 12:52:17 GMT-0300 (Horário Padrão de Brasília)
Conectado ao Banco de Dados CEJUSC.
Consulta BD OK - rotapauta.js (sql)
-------------------------------------------------------------------------
Fri Aug 30 2024 12:52:17 GMT-0300 (Horário Padrão de Brasília)
-------------------------------------------------------------------------
Fri Aug 30 2024 12:52:17 GMT-0300 (Horário Padrão de Brasília)
Consulta BD OK - rotapauta.js (sql1)
-------------------------------------------------------------------------
Fri Aug 30 2024 12:52:17 GMT-0300 (Horário Padrão de Brasília)
Consulta BD OK - rotapauta.js (sql2)
Banco de Dados CEJUSC fechado.
-------------------------------------------------------------------------
Fri Aug 30 2024 12:52:17 GMT-0300 (Horário Padrão de Brasília)
GET
-------------------------------------------------------------------------
Fri Aug 30 2024 12:52:25 GMT-0300 (Horário Padrão de Brasília)
/principal/13326574860.tluvszjfdxemdnkm.conciliador
-------------------------------------------------------------------------
Fri Aug 30 2024 12:52:26 GMT-0300 (Horário Padrão de Brasília)
GET
/principal/13326574860.tluvszjfdxemdnkm.pauta
-------------------------------------------------------------------------
Fri Aug 30 2024 12:52:33 GMT-0300 (Horário Padrão de Brasília)
/pauta/diaria
POST
-------------------------------------------------------------------------
Fri Aug 30 2024 12:52:33 GMT-0300 (Horário Padrão de Brasília)
Conectado ao Banco de Dados CEJUSC.
-------------------------------------------------------------------------
Fri Aug 30 2024 12:52:33 GMT-0300 (Horário Padrão de Brasília)
Consulta BD OK - rotapauta.js (sql)
-------------------------------------------------------------------------
Fri Aug 30 2024 12:52:33 GMT-0300 (Horário Padrão de Brasília)
Consulta BD OK - rotapauta.js (sql1)
-------------------------------------------------------------------------
Fri Aug 30 2024 12:52:33 GMT-0300 (Horário Padrão de Brasília)
Consulta BD OK - rotapauta.js (sql2)
-------------------------------------------------------------------------
Fri Aug 30 2024 12:52:33 GMT-0300 (Horário Padrão de Brasília)
Banco de Dados CEJUSC fechado.
-------------------------------------------------------------------------
Fri Aug 30 2024 12:52:44 GMT-0300 (Horário Padrão de Brasília)
/pauta/diaria
POST
Conectado ao Banco de Dados CEJUSC.
-------------------------------------------------------------------------
Fri Aug 30 2024 12:52:44 GMT-0300 (Horário Padrão de Brasília)
-------------------------------------------------------------------------
Fri Aug 30 2024 12:52:44 GMT-0300 (Horário Padrão de Brasília)
Consulta BD OK - rotapauta.js (sql)
-------------------------------------------------------------------------
Fri Aug 30 2024 12:52:44 GMT-0300 (Horário Padrão de Brasília)
Consulta BD OK - rotapauta.js (sql1)
-------------------------------------------------------------------------
Fri Aug 30 2024 12:52:44 GMT-0300 (Horário Padrão de Brasília)
Consulta BD OK - rotapauta.js (sql2)
-------------------------------------------------------------------------
Fri Aug 30 2024 12:52:44 GMT-0300 (Horário Padrão de Brasília)
Banco de Dados CEJUSC fechado.
-------------------------------------------------------------------------
Fri Aug 30 2024 13:01:24 GMT-0300 (Horário Padrão de Brasília)
GET
Usuário 13326574860 DESLOGOU >>>
/logout/13326574860
-------------------------------------------------------------------------
Fri Aug 30 2024 13:01:24 GMT-0300 (Horário Padrão de Brasília)
/
GET
-------------------------------------------------------------------------
Fri Aug 30 2024 13:01:30 GMT-0300 (Horário Padrão de Brasília)
/valida/api
Usuário: 13326574860
POST
-------------------------------------------------------------------------
Fri Aug 30 2024 13:01:30 GMT-0300 (Horário Padrão de Brasília)
Conectado ao Banco de Dados CEJUSC.
-------------------------------------------------------------------------
Fri Aug 30 2024 13:01:30 GMT-0300 (Horário Padrão de Brasília)
Renato Ferreira >>>LOGOU
-------------------------------------------------------------------------
Fri Aug 30 2024 13:01:30 GMT-0300 (Horário Padrão de Brasília)
Banco de Dados CEJUSC fechado.
-------------------------------------------------------------------------
Fri Aug 30 2024 13:01:30 GMT-0300 (Horário Padrão de Brasília)
GET
/principal/13326574860.kzupxvfvgdkjmgsz.presenca
-------------------------------------------------------------------------
Fri Aug 30 2024 13:01:31 GMT-0300 (Horário Padrão de Brasília)
GET
/principal/13326574860.kzupxvfvgdkjmgsz.pauta
/pauta/diaria
-------------------------------------------------------------------------
Fri Aug 30 2024 13:01:37 GMT-0300 (Horário Padrão de Brasília)
POST
-------------------------------------------------------------------------
Fri Aug 30 2024 13:01:37 GMT-0300 (Horário Padrão de Brasília)
Conectado ao Banco de Dados CEJUSC.
-------------------------------------------------------------------------
Fri Aug 30 2024 13:01:37 GMT-0300 (Horário Padrão de Brasília)
Consulta BD OK - rotapauta.js (sql)
-------------------------------------------------------------------------
Fri Aug 30 2024 13:01:37 GMT-0300 (Horário Padrão de Brasília)
Consulta BD OK - rotapauta.js (sql1)
-------------------------------------------------------------------------
Fri Aug 30 2024 13:01:37 GMT-0300 (Horário Padrão de Brasília)
Consulta BD OK - rotapauta.js (sql2)
-------------------------------------------------------------------------
Fri Aug 30 2024 13:01:37 GMT-0300 (Horário Padrão de Brasília)
Banco de Dados CEJUSC fechado.
-------------------------------------------------------------------------
Fri Aug 30 2024 13:01:56 GMT-0300 (Horário Padrão de Brasília)
/pauta/diaria
POST
Conectado ao Banco de Dados CEJUSC.
-------------------------------------------------------------------------
Fri Aug 30 2024 13:01:56 GMT-0300 (Horário Padrão de Brasília)
-------------------------------------------------------------------------
Fri Aug 30 2024 13:01:56 GMT-0300 (Horário Padrão de Brasília)
Consulta BD OK - rotapauta.js (sql)
-------------------------------------------------------------------------
Fri Aug 30 2024 13:01:56 GMT-0300 (Horário Padrão de Brasília)
Consulta BD OK - rotapauta.js (sql1)
-------------------------------------------------------------------------
Fri Aug 30 2024 13:01:56 GMT-0300 (Horário Padrão de Brasília)
Consulta BD OK - rotapauta.js (sql2)
Banco de Dados CEJUSC fechado.
-------------------------------------------------------------------------
Fri Aug 30 2024 13:01:56 GMT-0300 (Horário Padrão de Brasília)
-------------------------------------------------------------------------
Fri Aug 30 2024 13:05:33 GMT-0300 (Horário Padrão de Brasília)
GET
/principal/13326574860.kzupxvfvgdkjmgsz.presenca
-------------------------------------------------------------------------
Fri Aug 30 2024 13:05:35 GMT-0300 (Horário Padrão de Brasília)
GET
/principal/13326574860.kzupxvfvgdkjmgsz.pauta
-------------------------------------------------------------------------
Fri Aug 30 2024 13:51:57 GMT-0300 (Horário Padrão de Brasília)
/principal/13326574860.kzupxvfvgdkjmgsz.completas
GET
-------------------------------------------------------------------------
Fri Aug 30 2024 13:51:58 GMT-0300 (Horário Padrão de Brasília)
GET
/principal/13326574860.kzupxvfvgdkjmgsz.pauta
GET
-------------------------------------------------------------------------
Fri Aug 30 2024 13:52:32 GMT-0300 (Horário Padrão de Brasília)
/principal/13326574860.kzupxvfvgdkjmgsz.presenca
-------------------------------------------------------------------------
Fri Aug 30 2024 13:52:33 GMT-0300 (Horário Padrão de Brasília)
GET
/principal/13326574860.kzupxvfvgdkjmgsz.pauta
-------------------------------------------------------------------------
Fri Aug 30 2024 13:53:06 GMT-0300 (Horário Padrão de Brasília)
GET
/logout/13326574860
Usuário 13326574860 DESLOGOU >>>
GET
-------------------------------------------------------------------------
Fri Aug 30 2024 13:53:06 GMT-0300 (Horário Padrão de Brasília)
/
-------------------------------------------------------------------------
Fri Aug 30 2024 13:53:16 GMT-0300 (Horário Padrão de Brasília)
POST
/valida/api
Usuário: 13326574860
-------------------------------------------------------------------------
Fri Aug 30 2024 13:53:16 GMT-0300 (Horário Padrão de Brasília)
Conectado ao Banco de Dados CEJUSC.
-------------------------------------------------------------------------
Fri Aug 30 2024 13:53:16 GMT-0300 (Horário Padrão de Brasília)
Renato Ferreira >>>LOGOU
-------------------------------------------------------------------------
Fri Aug 30 2024 13:53:16 GMT-0300 (Horário Padrão de Brasília)
Banco de Dados CEJUSC fechado.
-------------------------------------------------------------------------
Fri Aug 30 2024 13:53:16 GMT-0300 (Horário Padrão de Brasília)
GET
/principal/13326574860.dqcriodnpumgkyxt.presenca
-------------------------------------------------------------------------
Fri Aug 30 2024 13:53:18 GMT-0300 (Horário Padrão de Brasília)
GET
/principal/13326574860.dqcriodnpumgkyxt.pauta
-------------------------------------------------------------------------
Fri Aug 30 2024 15:36:11 GMT-0300 (Horário Padrão de Brasília)
/
GET
POST
/valida/api
-------------------------------------------------------------------------
Fri Aug 30 2024 15:36:17 GMT-0300 (Horário Padrão de Brasília)
Usuário: 13326574860
-------------------------------------------------------------------------
Fri Aug 30 2024 15:36:17 GMT-0300 (Horário Padrão de Brasília)
Conectado ao Banco de Dados CEJUSC.
-------------------------------------------------------------------------
Fri Aug 30 2024 15:36:17 GMT-0300 (Horário Padrão de Brasília)
Renato Ferreira >>>LOGOU
-------------------------------------------------------------------------
Fri Aug 30 2024 15:36:17 GMT-0300 (Horário Padrão de Brasília)
Banco de Dados CEJUSC fechado.
GET
-------------------------------------------------------------------------
Fri Aug 30 2024 15:36:17 GMT-0300 (Horário Padrão de Brasília)
/principal/13326574860.ytvqbywgjmbmlxqx.presenca
-------------------------------------------------------------------------
Fri Aug 30 2024 15:36:19 GMT-0300 (Horário Padrão de Brasília)
GET
/principal/13326574860.ytvqbywgjmbmlxqx.pauta
GET
-------------------------------------------------------------------------
Fri Aug 30 2024 15:41:04 GMT-0300 (Horário Padrão de Brasília)
Usuário 13326574860 DESLOGOU >>>
/logout/13326574860
-------------------------------------------------------------------------
Fri Aug 30 2024 15:41:04 GMT-0300 (Horário Padrão de Brasília)
/
GET
-------------------------------------------------------------------------
Fri Aug 30 2024 15:41:09 GMT-0300 (Horário Padrão de Brasília)
POST
/valida/api
Usuário: 13326574860
-------------------------------------------------------------------------
Fri Aug 30 2024 15:41:09 GMT-0300 (Horário Padrão de Brasília)
Conectado ao Banco de Dados CEJUSC.
-------------------------------------------------------------------------
Fri Aug 30 2024 15:41:09 GMT-0300 (Horário Padrão de Brasília)
Renato Ferreira >>>LOGOU
-------------------------------------------------------------------------
Fri Aug 30 2024 15:41:09 GMT-0300 (Horário Padrão de Brasília)
Banco de Dados CEJUSC fechado.
GET
-------------------------------------------------------------------------
Fri Aug 30 2024 15:41:09 GMT-0300 (Horário Padrão de Brasília)
/principal/13326574860.uvtapjjdxdjqtssb.presenca
GET
-------------------------------------------------------------------------
Fri Aug 30 2024 15:41:10 GMT-0300 (Horário Padrão de Brasília)
/principal/13326574860.uvtapjjdxdjqtssb.pauta
-------------------------------------------------------------------------
Fri Aug 30 2024 15:41:12 GMT-0300 (Horário Padrão de Brasília)
POST
/pauta/diaria
-------------------------------------------------------------------------
Fri Aug 30 2024 15:41:12 GMT-0300 (Horário Padrão de Brasília)
Conectado ao Banco de Dados CEJUSC.
-------------------------------------------------------------------------
Fri Aug 30 2024 15:41:12 GMT-0300 (Horário Padrão de Brasília)
Consulta BD OK - rotapauta.js (sql)
-------------------------------------------------------------------------
Fri Aug 30 2024 15:41:12 GMT-0300 (Horário Padrão de Brasília)
Consulta BD OK - rotapauta.js (sql1)
-------------------------------------------------------------------------
Fri Aug 30 2024 15:41:12 GMT-0300 (Horário Padrão de Brasília)
Consulta BD OK - rotapauta.js (sql2)
-------------------------------------------------------------------------
Fri Aug 30 2024 15:41:12 GMT-0300 (Horário Padrão de Brasília)
Banco de Dados CEJUSC fechado.
-------------------------------------------------------------------------
Fri Aug 30 2024 15:41:17 GMT-0300 (Horário Padrão de Brasília)
GET
/principal/13326574860.uvtapjjdxdjqtssb.completas
-------------------------------------------------------------------------
Fri Aug 30 2024 15:45:56 GMT-0300 (Horário Padrão de Brasília)
GET
/principal/13326574860.uvtapjjdxdjqtssb.conciliador
-------------------------------------------------------------------------
Fri Aug 30 2024 15:45:57 GMT-0300 (Horário Padrão de Brasília)
/principal/13326574860.uvtapjjdxdjqtssb.pauta
GET
-------------------------------------------------------------------------
Fri Aug 30 2024 15:46:04 GMT-0300 (Horário Padrão de Brasília)
POST
/pauta/diaria
-------------------------------------------------------------------------
Fri Aug 30 2024 15:46:04 GMT-0300 (Horário Padrão de Brasília)
Conectado ao Banco de Dados CEJUSC.
-------------------------------------------------------------------------
Fri Aug 30 2024 15:46:04 GMT-0300 (Horário Padrão de Brasília)
Consulta BD OK - rotapauta.js (sql)
-------------------------------------------------------------------------
Fri Aug 30 2024 15:46:04 GMT-0300 (Horário Padrão de Brasília)
Consulta BD OK - rotapauta.js (sql1)
-------------------------------------------------------------------------
Fri Aug 30 2024 15:46:04 GMT-0300 (Horário Padrão de Brasília)
Consulta BD OK - rotapauta.js (sql2)
-------------------------------------------------------------------------
Fri Aug 30 2024 15:46:04 GMT-0300 (Horário Padrão de Brasília)
Banco de Dados CEJUSC fechado.
/pauta/diaria
POST
-------------------------------------------------------------------------
Fri Aug 30 2024 15:46:09 GMT-0300 (Horário Padrão de Brasília)
Conectado ao Banco de Dados CEJUSC.
-------------------------------------------------------------------------
Fri Aug 30 2024 15:46:09 GMT-0300 (Horário Padrão de Brasília)
-------------------------------------------------------------------------
Fri Aug 30 2024 15:46:09 GMT-0300 (Horário Padrão de Brasília)
Consulta BD OK - rotapauta.js (sql)
Consulta BD OK - rotapauta.js (sql1)
-------------------------------------------------------------------------
Fri Aug 30 2024 15:46:09 GMT-0300 (Horário Padrão de Brasília)
-------------------------------------------------------------------------
Fri Aug 30 2024 15:46:09 GMT-0300 (Horário Padrão de Brasília)
Consulta BD OK - rotapauta.js (sql2)
-------------------------------------------------------------------------
Fri Aug 30 2024 15:46:09 GMT-0300 (Horário Padrão de Brasília)
Banco de Dados CEJUSC fechado.
-------------------------------------------------------------------------
Fri Aug 30 2024 15:46:26 GMT-0300 (Horário Padrão de Brasília)
POST
/pauta/diaria
Conectado ao Banco de Dados CEJUSC.
-------------------------------------------------------------------------
Fri Aug 30 2024 15:46:26 GMT-0300 (Horário Padrão de Brasília)
-------------------------------------------------------------------------
Fri Aug 30 2024 15:46:26 GMT-0300 (Horário Padrão de Brasília)
Consulta BD OK - rotapauta.js (sql)
-------------------------------------------------------------------------
Fri Aug 30 2024 15:46:26 GMT-0300 (Horário Padrão de Brasília)
Consulta BD OK - rotapauta.js (sql1)
-------------------------------------------------------------------------
Fri Aug 30 2024 15:46:26 GMT-0300 (Horário Padrão de Brasília)
Consulta BD OK - rotapauta.js (sql2)
Banco de Dados CEJUSC fechado.
-------------------------------------------------------------------------
Fri Aug 30 2024 15:46:26 GMT-0300 (Horário Padrão de Brasília)
POST
-------------------------------------------------------------------------
Fri Aug 30 2024 15:46:39 GMT-0300 (Horário Padrão de Brasília)
/pauta/diaria
-------------------------------------------------------------------------
Fri Aug 30 2024 15:46:39 GMT-0300 (Horário Padrão de Brasília)
Conectado ao Banco de Dados CEJUSC.
-------------------------------------------------------------------------
Fri Aug 30 2024 15:46:39 GMT-0300 (Horário Padrão de Brasília)
Consulta BD OK - rotapauta.js (sql)
Consulta BD OK - rotapauta.js (sql1)
-------------------------------------------------------------------------
Fri Aug 30 2024 15:46:39 GMT-0300 (Horário Padrão de Brasília)
-------------------------------------------------------------------------
Fri Aug 30 2024 15:46:39 GMT-0300 (Horário Padrão de Brasília)
Consulta BD OK - rotapauta.js (sql2)
-------------------------------------------------------------------------
Fri Aug 30 2024 15:46:39 GMT-0300 (Horário Padrão de Brasília)
Banco de Dados CEJUSC fechado.
/principal/13326574860.uvtapjjdxdjqtssb.conciliador
GET
-------------------------------------------------------------------------
Fri Aug 30 2024 16:00:54 GMT-0300 (Horário Padrão de Brasília)
-------------------------------------------------------------------------
Fri Aug 30 2024 16:00:55 GMT-0300 (Horário Padrão de Brasília)
GET
/principal/13326574860.uvtapjjdxdjqtssb.pauta
-------------------------------------------------------------------------
Fri Aug 30 2024 16:03:11 GMT-0300 (Horário Padrão de Brasília)
/principal/13326574860.uvtapjjdxdjqtssb.conciliador
GET
-------------------------------------------------------------------------
Fri Aug 30 2024 16:03:12 GMT-0300 (Horário Padrão de Brasília)
GET
/principal/13326574860.uvtapjjdxdjqtssb.pauta
-------------------------------------------------------------------------
Fri Aug 30 2024 16:06:06 GMT-0300 (Horário Padrão de Brasília)
GET
/principal/13326574860.uvtapjjdxdjqtssb.conciliador
-------------------------------------------------------------------------
Fri Aug 30 2024 16:06:07 GMT-0300 (Horário Padrão de Brasília)
GET
/principal/13326574860.uvtapjjdxdjqtssb.pauta
-------------------------------------------------------------------------
Fri Aug 30 2024 16:11:49 GMT-0300 (Horário Padrão de Brasília)
GET
/principal/13326574860.uvtapjjdxdjqtssb.conciliador
-------------------------------------------------------------------------
Fri Aug 30 2024 16:11:50 GMT-0300 (Horário Padrão de Brasília)
GET
/principal/13326574860.uvtapjjdxdjqtssb.pauta
GET
/principal/13326574860.uvtapjjdxdjqtssb.completas
-------------------------------------------------------------------------
Fri Aug 30 2024 16:31:07 GMT-0300 (Horário Padrão de Brasília)
GET
-------------------------------------------------------------------------
Fri Aug 30 2024 16:31:08 GMT-0300 (Horário Padrão de Brasília)
/principal/13326574860.uvtapjjdxdjqtssb.pauta
-------------------------------------------------------------------------
Fri Aug 30 2024 16:31:24 GMT-0300 (Horário Padrão de Brasília)
GET
/logout/13326574860
Usuário 13326574860 DESLOGOU >>>
GET
-------------------------------------------------------------------------
Fri Aug 30 2024 16:31:24 GMT-0300 (Horário Padrão de Brasília)
/
