-------------------------------------------------------------------------
Wed Sep 04 2024 14:34:02 GMT-0300 (Horário Padrão de Brasília)
POST
/valida/api
Usuário: 13326574860
-------------------------------------------------------------------------
Wed Sep 04 2024 14:34:02 GMT-0300 (Horário Padrão de Brasília)
Conectado ao Banco de Dados CEJUSC.
-------------------------------------------------------------------------
Wed Sep 04 2024 14:34:02 GMT-0300 (Horário Padrão de Brasília)
Renato Ferreira >>>LOGOU
-------------------------------------------------------------------------
Wed Sep 04 2024 14:34:02 GMT-0300 (Horário Padrão de Brasília)
Banco de Dados CEJUSC fechado.
GET
-------------------------------------------------------------------------
Wed Sep 04 2024 14:34:02 GMT-0300 (Horário Padrão de Brasília)
/principal/13326574860.ljrocszwixhtqcee.presenca
-------------------------------------------------------------------------
Wed Sep 04 2024 14:34:04 GMT-0300 (Horário Padrão de Brasília)
GET
/principal/13326574860.ljrocszwixhtqcee.pauta
-------------------------------------------------------------------------
Wed Sep 04 2024 14:34:06 GMT-0300 (Horário Padrão de Brasília)
POST
/pauta/diaria
-------------------------------------------------------------------------
Wed Sep 04 2024 14:34:06 GMT-0300 (Horário Padrão de Brasília)
Conectado ao Banco de Dados CEJUSC.
-------------------------------------------------------------------------
Wed Sep 04 2024 14:34:06 GMT-0300 (Horário Padrão de Brasília)
Consulta BD OK - rotapauta.js (sql)
-------------------------------------------------------------------------
Wed Sep 04 2024 14:34:06 GMT-0300 (Horário Padrão de Brasília)
Consulta BD OK - rotapauta.js (sql1)
-------------------------------------------------------------------------
Wed Sep 04 2024 14:34:06 GMT-0300 (Horário Padrão de Brasília)
Consulta BD OK - rotapauta.js (sql2)
Banco de Dados CEJUSC fechado.
-------------------------------------------------------------------------
Wed Sep 04 2024 14:34:06 GMT-0300 (Horário Padrão de Brasília)
POST
-------------------------------------------------------------------------
Wed Sep 04 2024 14:34:19 GMT-0300 (Horário Padrão de Brasília)
/pauta/diaria
-------------------------------------------------------------------------
Wed Sep 04 2024 14:34:19 GMT-0300 (Horário Padrão de Brasília)
Conectado ao Banco de Dados CEJUSC.
-------------------------------------------------------------------------
Wed Sep 04 2024 14:34:19 GMT-0300 (Horário Padrão de Brasília)
Consulta BD OK - rotapauta.js (sql)
-------------------------------------------------------------------------
Wed Sep 04 2024 14:34:19 GMT-0300 (Horário Padrão de Brasília)
Consulta BD OK - rotapauta.js (sql1)
-------------------------------------------------------------------------
Wed Sep 04 2024 14:34:19 GMT-0300 (Horário Padrão de Brasília)
Consulta BD OK - rotapauta.js (sql2)
-------------------------------------------------------------------------
Wed Sep 04 2024 14:34:19 GMT-0300 (Horário Padrão de Brasília)
Banco de Dados CEJUSC fechado.
-------------------------------------------------------------------------
Wed Sep 04 2024 14:34:32 GMT-0300 (Horário Padrão de Brasília)
POST
/pauta/diaria
-------------------------------------------------------------------------
Wed Sep 04 2024 14:34:32 GMT-0300 (Horário Padrão de Brasília)
Conectado ao Banco de Dados CEJUSC.
-------------------------------------------------------------------------
Wed Sep 04 2024 14:34:32 GMT-0300 (Horário Padrão de Brasília)
Consulta BD OK - rotapauta.js (sql)
-------------------------------------------------------------------------
Wed Sep 04 2024 14:34:32 GMT-0300 (Horário Padrão de Brasília)
Consulta BD OK - rotapauta.js (sql1)
-------------------------------------------------------------------------
Wed Sep 04 2024 14:34:32 GMT-0300 (Horário Padrão de Brasília)
Consulta BD OK - rotapauta.js (sql2)
Banco de Dados CEJUSC fechado.
-------------------------------------------------------------------------
Wed Sep 04 2024 14:34:32 GMT-0300 (Horário Padrão de Brasília)
-------------------------------------------------------------------------
Wed Sep 04 2024 14:34:58 GMT-0300 (Horário Padrão de Brasília)
GET
/principal/13326574860.ljrocszwixhtqcee.conciliador
-------------------------------------------------------------------------
Wed Sep 04 2024 14:34:59 GMT-0300 (Horário Padrão de Brasília)
/principal/13326574860.ljrocszwixhtqcee.pauta
GET
-------------------------------------------------------------------------
Wed Sep 04 2024 14:37:23 GMT-0300 (Horário Padrão de Brasília)
GET
/logout/13326574860
Usuário 13326574860 DESLOGOU >>>
-------------------------------------------------------------------------
Wed Sep 04 2024 14:37:23 GMT-0300 (Horário Padrão de Brasília)
/
GET
-------------------------------------------------------------------------
Wed Sep 04 2024 14:37:28 GMT-0300 (Horário Padrão de Brasília)
POST
/valida/api
Usuário: 13326574860
-------------------------------------------------------------------------
Wed Sep 04 2024 14:37:28 GMT-0300 (Horário Padrão de Brasília)
Conectado ao Banco de Dados CEJUSC.
-------------------------------------------------------------------------
Wed Sep 04 2024 14:37:28 GMT-0300 (Horário Padrão de Brasília)
Renato Ferreira >>>LOGOU
-------------------------------------------------------------------------
Wed Sep 04 2024 14:37:28 GMT-0300 (Horário Padrão de Brasília)
Banco de Dados CEJUSC fechado.
-------------------------------------------------------------------------
Wed Sep 04 2024 14:37:28 GMT-0300 (Horário Padrão de Brasília)
GET
/principal/13326574860.sgthpifjkkxddfcl.presenca
-------------------------------------------------------------------------
Wed Sep 04 2024 14:37:29 GMT-0300 (Horário Padrão de Brasília)
GET
/principal/13326574860.sgthpifjkkxddfcl.pauta
-------------------------------------------------------------------------
Wed Sep 04 2024 14:37:38 GMT-0300 (Horário Padrão de Brasília)
POST
/pauta/diaria
-------------------------------------------------------------------------
Wed Sep 04 2024 14:37:39 GMT-0300 (Horário Padrão de Brasília)
Conectado ao Banco de Dados CEJUSC.
-------------------------------------------------------------------------
Wed Sep 04 2024 14:37:39 GMT-0300 (Horário Padrão de Brasília)
Consulta BD OK - rotapauta.js (sql)
-------------------------------------------------------------------------
Wed Sep 04 2024 14:37:39 GMT-0300 (Horário Padrão de Brasília)
Consulta BD OK - rotapauta.js (sql1)
-------------------------------------------------------------------------
Wed Sep 04 2024 14:37:39 GMT-0300 (Horário Padrão de Brasília)
Consulta BD OK - rotapauta.js (sql2)
-------------------------------------------------------------------------
Wed Sep 04 2024 14:37:39 GMT-0300 (Horário Padrão de Brasília)
Banco de Dados CEJUSC fechado.
-------------------------------------------------------------------------
Wed Sep 04 2024 14:52:39 GMT-0300 (Horário Padrão de Brasília)
GET
/principal/13326574860.sgthpifjkkxddfcl.completas
-------------------------------------------------------------------------
Wed Sep 04 2024 14:52:40 GMT-0300 (Horário Padrão de Brasília)
GET
/principal/13326574860.sgthpifjkkxddfcl.pauta
-------------------------------------------------------------------------
Wed Sep 04 2024 14:52:49 GMT-0300 (Horário Padrão de Brasília)
/pauta/diaria
POST
Conectado ao Banco de Dados CEJUSC.
-------------------------------------------------------------------------
Wed Sep 04 2024 14:52:49 GMT-0300 (Horário Padrão de Brasília)
-------------------------------------------------------------------------
Wed Sep 04 2024 14:52:49 GMT-0300 (Horário Padrão de Brasília)
Consulta BD OK - rotapauta.js (sql)
-------------------------------------------------------------------------
Wed Sep 04 2024 14:52:49 GMT-0300 (Horário Padrão de Brasília)
Consulta BD OK - rotapauta.js (sql1)
-------------------------------------------------------------------------
Wed Sep 04 2024 14:52:49 GMT-0300 (Horário Padrão de Brasília)
Consulta BD OK - rotapauta.js (sql2)
Banco de Dados CEJUSC fechado.
-------------------------------------------------------------------------
Wed Sep 04 2024 14:52:49 GMT-0300 (Horário Padrão de Brasília)
-------------------------------------------------------------------------
Wed Sep 04 2024 14:52:55 GMT-0300 (Horário Padrão de Brasília)
GET
/principal/13326574860.sgthpifjkkxddfcl.completas
-------------------------------------------------------------------------
Wed Sep 04 2024 14:52:55 GMT-0300 (Horário Padrão de Brasília)
GET
/principal/13326574860.sgthpifjkkxddfcl.pauta
-------------------------------------------------------------------------
Wed Sep 04 2024 14:53:03 GMT-0300 (Horário Padrão de Brasília)
POST
/pauta/diaria
Conectado ao Banco de Dados CEJUSC.
-------------------------------------------------------------------------
Wed Sep 04 2024 14:53:03 GMT-0300 (Horário Padrão de Brasília)
-------------------------------------------------------------------------
Wed Sep 04 2024 14:53:03 GMT-0300 (Horário Padrão de Brasília)
Consulta BD OK - rotapauta.js (sql)
-------------------------------------------------------------------------
Wed Sep 04 2024 14:53:03 GMT-0300 (Horário Padrão de Brasília)
Consulta BD OK - rotapauta.js (sql2)
-------------------------------------------------------------------------
Wed Sep 04 2024 14:53:03 GMT-0300 (Horário Padrão de Brasília)
Consulta BD OK - rotapauta.js (sql1)
-------------------------------------------------------------------------
Wed Sep 04 2024 14:53:03 GMT-0300 (Horário Padrão de Brasília)
Banco de Dados CEJUSC fechado.
POST
-------------------------------------------------------------------------
Wed Sep 04 2024 14:53:13 GMT-0300 (Horário Padrão de Brasília)
/pauta/diaria
Conectado ao Banco de Dados CEJUSC.
-------------------------------------------------------------------------
Wed Sep 04 2024 14:53:13 GMT-0300 (Horário Padrão de Brasília)
-------------------------------------------------------------------------
Wed Sep 04 2024 14:53:13 GMT-0300 (Horário Padrão de Brasília)
Consulta BD OK - rotapauta.js (sql)
Consulta BD OK - rotapauta.js (sql1)
-------------------------------------------------------------------------
Wed Sep 04 2024 14:53:13 GMT-0300 (Horário Padrão de Brasília)
-------------------------------------------------------------------------
Wed Sep 04 2024 14:53:13 GMT-0300 (Horário Padrão de Brasília)
Consulta BD OK - rotapauta.js (sql2)
-------------------------------------------------------------------------
Wed Sep 04 2024 14:53:13 GMT-0300 (Horário Padrão de Brasília)
Banco de Dados CEJUSC fechado.
/pauta/diaria
-------------------------------------------------------------------------
Wed Sep 04 2024 14:55:27 GMT-0300 (Horário Padrão de Brasília)
POST
Conectado ao Banco de Dados CEJUSC.
-------------------------------------------------------------------------
Wed Sep 04 2024 14:55:27 GMT-0300 (Horário Padrão de Brasília)
-------------------------------------------------------------------------
Wed Sep 04 2024 14:55:27 GMT-0300 (Horário Padrão de Brasília)
Consulta BD OK - rotapauta.js (sql)
-------------------------------------------------------------------------
Wed Sep 04 2024 14:55:27 GMT-0300 (Horário Padrão de Brasília)
Consulta BD OK - rotapauta.js (sql1)
-------------------------------------------------------------------------
Wed Sep 04 2024 14:55:27 GMT-0300 (Horário Padrão de Brasília)
Consulta BD OK - rotapauta.js (sql2)
-------------------------------------------------------------------------
Wed Sep 04 2024 14:55:27 GMT-0300 (Horário Padrão de Brasília)
Banco de Dados CEJUSC fechado.
POST
-------------------------------------------------------------------------
Wed Sep 04 2024 14:55:44 GMT-0300 (Horário Padrão de Brasília)
/pauta/diaria
Conectado ao Banco de Dados CEJUSC.
-------------------------------------------------------------------------
Wed Sep 04 2024 14:55:44 GMT-0300 (Horário Padrão de Brasília)
Consulta BD OK - rotapauta.js (sql)
-------------------------------------------------------------------------
Wed Sep 04 2024 14:55:44 GMT-0300 (Horário Padrão de Brasília)
-------------------------------------------------------------------------
Wed Sep 04 2024 14:55:44 GMT-0300 (Horário Padrão de Brasília)
Consulta BD OK - rotapauta.js (sql1)
-------------------------------------------------------------------------
Wed Sep 04 2024 14:55:44 GMT-0300 (Horário Padrão de Brasília)
Consulta BD OK - rotapauta.js (sql2)
Banco de Dados CEJUSC fechado.
-------------------------------------------------------------------------
Wed Sep 04 2024 14:55:44 GMT-0300 (Horário Padrão de Brasília)
-------------------------------------------------------------------------
Wed Sep 04 2024 15:08:54 GMT-0300 (Horário Padrão de Brasília)
GET
/principal/13326574860.sgthpifjkkxddfcl.conciliador
-------------------------------------------------------------------------
Wed Sep 04 2024 15:08:55 GMT-0300 (Horário Padrão de Brasília)
/principal/13326574860.sgthpifjkkxddfcl.pauta
GET
/pauta/diaria
-------------------------------------------------------------------------
Wed Sep 04 2024 15:09:03 GMT-0300 (Horário Padrão de Brasília)
POST
Conectado ao Banco de Dados CEJUSC.
-------------------------------------------------------------------------
Wed Sep 04 2024 15:09:03 GMT-0300 (Horário Padrão de Brasília)
-------------------------------------------------------------------------
Wed Sep 04 2024 15:09:03 GMT-0300 (Horário Padrão de Brasília)
Consulta BD OK - rotapauta.js (sql)
-------------------------------------------------------------------------
Wed Sep 04 2024 15:09:03 GMT-0300 (Horário Padrão de Brasília)
Consulta BD OK - rotapauta.js (sql1)
-------------------------------------------------------------------------
Wed Sep 04 2024 15:09:03 GMT-0300 (Horário Padrão de Brasília)
Consulta BD OK - rotapauta.js (sql2)
Banco de Dados CEJUSC fechado.
-------------------------------------------------------------------------
Wed Sep 04 2024 15:09:03 GMT-0300 (Horário Padrão de Brasília)
-------------------------------------------------------------------------
Wed Sep 04 2024 15:10:36 GMT-0300 (Horário Padrão de Brasília)
GET
/principal/13326574860.sgthpifjkkxddfcl.conciliador
-------------------------------------------------------------------------
Wed Sep 04 2024 15:10:37 GMT-0300 (Horário Padrão de Brasília)
GET
/principal/13326574860.sgthpifjkkxddfcl.pauta
POST
-------------------------------------------------------------------------
Wed Sep 04 2024 15:10:44 GMT-0300 (Horário Padrão de Brasília)
/pauta/diaria
-------------------------------------------------------------------------
Wed Sep 04 2024 15:10:44 GMT-0300 (Horário Padrão de Brasília)
Conectado ao Banco de Dados CEJUSC.
-------------------------------------------------------------------------
Wed Sep 04 2024 15:10:44 GMT-0300 (Horário Padrão de Brasília)
Consulta BD OK - rotapauta.js (sql)
-------------------------------------------------------------------------
Wed Sep 04 2024 15:10:44 GMT-0300 (Horário Padrão de Brasília)
Consulta BD OK - rotapauta.js (sql1)
-------------------------------------------------------------------------
Wed Sep 04 2024 15:10:44 GMT-0300 (Horário Padrão de Brasília)
Consulta BD OK - rotapauta.js (sql2)
-------------------------------------------------------------------------
Wed Sep 04 2024 15:10:44 GMT-0300 (Horário Padrão de Brasília)
Banco de Dados CEJUSC fechado.
POST
-------------------------------------------------------------------------
Wed Sep 04 2024 15:10:54 GMT-0300 (Horário Padrão de Brasília)
/pauta/diaria
-------------------------------------------------------------------------
Wed Sep 04 2024 15:10:54 GMT-0300 (Horário Padrão de Brasília)
Conectado ao Banco de Dados CEJUSC.
-------------------------------------------------------------------------
Wed Sep 04 2024 15:10:54 GMT-0300 (Horário Padrão de Brasília)
/pauta/diaria
POST
-------------------------------------------------------------------------
Wed Sep 04 2024 15:10:54 GMT-0300 (Horário Padrão de Brasília)
Conectado ao Banco de Dados CEJUSC.
-------------------------------------------------------------------------
Wed Sep 04 2024 15:10:54 GMT-0300 (Horário Padrão de Brasília)
Consulta BD OK - rotapauta.js (sql)
Consulta BD OK - rotapauta.js (sql1)
-------------------------------------------------------------------------
Wed Sep 04 2024 15:10:54 GMT-0300 (Horário Padrão de Brasília)
-------------------------------------------------------------------------
Wed Sep 04 2024 15:10:54 GMT-0300 (Horário Padrão de Brasília)
Consulta BD OK - rotapauta.js (sql)
-------------------------------------------------------------------------
Wed Sep 04 2024 15:10:54 GMT-0300 (Horário Padrão de Brasília)
Consulta BD OK - rotapauta.js (sql2)
-------------------------------------------------------------------------
Wed Sep 04 2024 15:10:54 GMT-0300 (Horário Padrão de Brasília)
Consulta BD OK - rotapauta.js (sql1)
-------------------------------------------------------------------------
Wed Sep 04 2024 15:10:54 GMT-0300 (Horário Padrão de Brasília)
Banco de Dados CEJUSC fechado.
Consulta BD OK - rotapauta.js (sql2)
-------------------------------------------------------------------------
Wed Sep 04 2024 15:10:54 GMT-0300 (Horário Padrão de Brasília)
-------------------------------------------------------------------------
Wed Sep 04 2024 15:10:54 GMT-0300 (Horário Padrão de Brasília)
Banco de Dados CEJUSC fechado.
-------------------------------------------------------------------------
Wed Sep 04 2024 15:13:52 GMT-0300 (Horário Padrão de Brasília)
POST
/pauta/diaria
Conectado ao Banco de Dados CEJUSC.
Consulta BD OK - rotapauta.js (sql)
-------------------------------------------------------------------------
Wed Sep 04 2024 15:13:52 GMT-0300 (Horário Padrão de Brasília)
-------------------------------------------------------------------------
Wed Sep 04 2024 15:13:52 GMT-0300 (Horário Padrão de Brasília)
Consulta BD OK - rotapauta.js (sql1)
-------------------------------------------------------------------------
Wed Sep 04 2024 15:13:52 GMT-0300 (Horário Padrão de Brasília)
Consulta BD OK - rotapauta.js (sql2)
-------------------------------------------------------------------------
Wed Sep 04 2024 15:13:52 GMT-0300 (Horário Padrão de Brasília)
Banco de Dados CEJUSC fechado.
-------------------------------------------------------------------------
Wed Sep 04 2024 15:13:52 GMT-0300 (Horário Padrão de Brasília)
-------------------------------------------------------------------------
Wed Sep 04 2024 15:13:55 GMT-0300 (Horário Padrão de Brasília)
GET
/principal/13326574860.sgthpifjkkxddfcl.completas
-------------------------------------------------------------------------
Wed Sep 04 2024 15:16:17 GMT-0300 (Horário Padrão de Brasília)
GET
/principal/13326574860.sgthpifjkkxddfcl.pauta
POST
/pauta/diaria
-------------------------------------------------------------------------
Wed Sep 04 2024 15:16:19 GMT-0300 (Horário Padrão de Brasília)
-------------------------------------------------------------------------
Wed Sep 04 2024 15:16:19 GMT-0300 (Horário Padrão de Brasília)
Conectado ao Banco de Dados CEJUSC.
Consulta BD OK - rotapauta.js (sql)
-------------------------------------------------------------------------
Wed Sep 04 2024 15:16:19 GMT-0300 (Horário Padrão de Brasília)
-------------------------------------------------------------------------
Wed Sep 04 2024 15:16:19 GMT-0300 (Horário Padrão de Brasília)
Consulta BD OK - rotapauta.js (sql1)
-------------------------------------------------------------------------
Wed Sep 04 2024 15:16:19 GMT-0300 (Horário Padrão de Brasília)
Consulta BD OK - rotapauta.js (sql2)
-------------------------------------------------------------------------
Wed Sep 04 2024 15:16:19 GMT-0300 (Horário Padrão de Brasília)
Banco de Dados CEJUSC fechado.
-------------------------------------------------------------------------
Wed Sep 04 2024 15:18:14 GMT-0300 (Horário Padrão de Brasília)
GET
/principal/13326574860.sgthpifjkkxddfcl.completas
-------------------------------------------------------------------------
Wed Sep 04 2024 15:18:15 GMT-0300 (Horário Padrão de Brasília)
GET
/principal/13326574860.sgthpifjkkxddfcl.pauta
-------------------------------------------------------------------------
Wed Sep 04 2024 15:18:16 GMT-0300 (Horário Padrão de Brasília)
POST
/pauta/diaria
Conectado ao Banco de Dados CEJUSC.
-------------------------------------------------------------------------
Wed Sep 04 2024 15:18:16 GMT-0300 (Horário Padrão de Brasília)
-------------------------------------------------------------------------
Wed Sep 04 2024 15:18:16 GMT-0300 (Horário Padrão de Brasília)
Consulta BD OK - rotapauta.js (sql)
-------------------------------------------------------------------------
Wed Sep 04 2024 15:18:16 GMT-0300 (Horário Padrão de Brasília)
Consulta BD OK - rotapauta.js (sql1)
-------------------------------------------------------------------------
Wed Sep 04 2024 15:18:16 GMT-0300 (Horário Padrão de Brasília)
Consulta BD OK - rotapauta.js (sql2)
-------------------------------------------------------------------------
Wed Sep 04 2024 15:18:16 GMT-0300 (Horário Padrão de Brasília)
Banco de Dados CEJUSC fechado.
-------------------------------------------------------------------------
Wed Sep 04 2024 15:20:37 GMT-0300 (Horário Padrão de Brasília)
GET
/principal/13326574860.sgthpifjkkxddfcl.completas
GET
-------------------------------------------------------------------------
Wed Sep 04 2024 15:20:38 GMT-0300 (Horário Padrão de Brasília)
/principal/13326574860.sgthpifjkkxddfcl.pauta
-------------------------------------------------------------------------
Wed Sep 04 2024 15:20:39 GMT-0300 (Horário Padrão de Brasília)
POST
/pauta/diaria
-------------------------------------------------------------------------
Wed Sep 04 2024 15:20:39 GMT-0300 (Horário Padrão de Brasília)
Conectado ao Banco de Dados CEJUSC.
-------------------------------------------------------------------------
Wed Sep 04 2024 15:20:39 GMT-0300 (Horário Padrão de Brasília)
Consulta BD OK - rotapauta.js (sql)
Consulta BD OK - rotapauta.js (sql1)
-------------------------------------------------------------------------
Wed Sep 04 2024 15:20:39 GMT-0300 (Horário Padrão de Brasília)
-------------------------------------------------------------------------
Wed Sep 04 2024 15:20:39 GMT-0300 (Horário Padrão de Brasília)
Consulta BD OK - rotapauta.js (sql2)
-------------------------------------------------------------------------
Wed Sep 04 2024 15:20:39 GMT-0300 (Horário Padrão de Brasília)
Banco de Dados CEJUSC fechado.
-------------------------------------------------------------------------
Wed Sep 04 2024 15:25:28 GMT-0300 (Horário Padrão de Brasília)
GET
/principal/13326574860.sgthpifjkkxddfcl.completas
-------------------------------------------------------------------------
Wed Sep 04 2024 15:25:29 GMT-0300 (Horário Padrão de Brasília)
GET
/principal/13326574860.sgthpifjkkxddfcl.pauta
-------------------------------------------------------------------------
Wed Sep 04 2024 15:25:30 GMT-0300 (Horário Padrão de Brasília)
POST
/pauta/diaria
-------------------------------------------------------------------------
Wed Sep 04 2024 15:25:30 GMT-0300 (Horário Padrão de Brasília)
Conectado ao Banco de Dados CEJUSC.
-------------------------------------------------------------------------
Wed Sep 04 2024 15:25:30 GMT-0300 (Horário Padrão de Brasília)
Consulta BD OK - rotapauta.js (sql)
-------------------------------------------------------------------------
Wed Sep 04 2024 15:25:30 GMT-0300 (Horário Padrão de Brasília)
Consulta BD OK - rotapauta.js (sql1)
-------------------------------------------------------------------------
Wed Sep 04 2024 15:25:30 GMT-0300 (Horário Padrão de Brasília)
Consulta BD OK - rotapauta.js (sql2)
-------------------------------------------------------------------------
Wed Sep 04 2024 15:25:30 GMT-0300 (Horário Padrão de Brasília)
Banco de Dados CEJUSC fechado.
-------------------------------------------------------------------------
Wed Sep 04 2024 15:28:34 GMT-0300 (Horário Padrão de Brasília)
GET
/principal/13326574860.sgthpifjkkxddfcl.completas
-------------------------------------------------------------------------
Wed Sep 04 2024 15:28:35 GMT-0300 (Horário Padrão de Brasília)
/principal/13326574860.sgthpifjkkxddfcl.pauta
GET
-------------------------------------------------------------------------
Wed Sep 04 2024 15:28:36 GMT-0300 (Horário Padrão de Brasília)
POST
/pauta/diaria
-------------------------------------------------------------------------
Wed Sep 04 2024 15:28:36 GMT-0300 (Horário Padrão de Brasília)
Conectado ao Banco de Dados CEJUSC.
Consulta BD OK - rotapauta.js (sql)
-------------------------------------------------------------------------
Wed Sep 04 2024 15:28:36 GMT-0300 (Horário Padrão de Brasília)
-------------------------------------------------------------------------
Wed Sep 04 2024 15:28:36 GMT-0300 (Horário Padrão de Brasília)
Consulta BD OK - rotapauta.js (sql1)
-------------------------------------------------------------------------
Wed Sep 04 2024 15:28:36 GMT-0300 (Horário Padrão de Brasília)
Consulta BD OK - rotapauta.js (sql2)
-------------------------------------------------------------------------
Wed Sep 04 2024 15:28:36 GMT-0300 (Horário Padrão de Brasília)
Banco de Dados CEJUSC fechado.
-------------------------------------------------------------------------
Wed Sep 04 2024 15:36:42 GMT-0300 (Horário Padrão de Brasília)
GET
/principal/13326574860.sgthpifjkkxddfcl.completas
-------------------------------------------------------------------------
Wed Sep 04 2024 15:36:43 GMT-0300 (Horário Padrão de Brasília)
GET
/principal/13326574860.sgthpifjkkxddfcl.pauta
-------------------------------------------------------------------------
Wed Sep 04 2024 15:36:45 GMT-0300 (Horário Padrão de Brasília)
POST
/pauta/diaria
Conectado ao Banco de Dados CEJUSC.
-------------------------------------------------------------------------
Wed Sep 04 2024 15:36:45 GMT-0300 (Horário Padrão de Brasília)
-------------------------------------------------------------------------
Wed Sep 04 2024 15:36:45 GMT-0300 (Horário Padrão de Brasília)
Consulta BD OK - rotapauta.js (sql)
-------------------------------------------------------------------------
Wed Sep 04 2024 15:36:45 GMT-0300 (Horário Padrão de Brasília)
Consulta BD OK - rotapauta.js (sql1)
-------------------------------------------------------------------------
Wed Sep 04 2024 15:36:45 GMT-0300 (Horário Padrão de Brasília)
Consulta BD OK - rotapauta.js (sql2)
-------------------------------------------------------------------------
Wed Sep 04 2024 15:36:45 GMT-0300 (Horário Padrão de Brasília)
Banco de Dados CEJUSC fechado.
-------------------------------------------------------------------------
Wed Sep 04 2024 15:41:29 GMT-0300 (Horário Padrão de Brasília)
GET
/principal/13326574860.sgthpifjkkxddfcl.conciliador
-------------------------------------------------------------------------
Wed Sep 04 2024 15:41:30 GMT-0300 (Horário Padrão de Brasília)
/principal/13326574860.sgthpifjkkxddfcl.pauta
GET
-------------------------------------------------------------------------
Wed Sep 04 2024 15:41:32 GMT-0300 (Horário Padrão de Brasília)
POST
/pauta/diaria
Conectado ao Banco de Dados CEJUSC.
-------------------------------------------------------------------------
Wed Sep 04 2024 15:41:32 GMT-0300 (Horário Padrão de Brasília)
-------------------------------------------------------------------------
Wed Sep 04 2024 15:41:32 GMT-0300 (Horário Padrão de Brasília)
Consulta BD OK - rotapauta.js (sql)
-------------------------------------------------------------------------
Wed Sep 04 2024 15:41:32 GMT-0300 (Horário Padrão de Brasília)
Consulta BD OK - rotapauta.js (sql1)
-------------------------------------------------------------------------
Wed Sep 04 2024 15:41:32 GMT-0300 (Horário Padrão de Brasília)
Consulta BD OK - rotapauta.js (sql2)
Banco de Dados CEJUSC fechado.
-------------------------------------------------------------------------
Wed Sep 04 2024 15:41:32 GMT-0300 (Horário Padrão de Brasília)
-------------------------------------------------------------------------
Wed Sep 04 2024 15:42:40 GMT-0300 (Horário Padrão de Brasília)
GET
/principal/13326574860.sgthpifjkkxddfcl.completas
-------------------------------------------------------------------------
Wed Sep 04 2024 15:42:41 GMT-0300 (Horário Padrão de Brasília)
GET
/principal/13326574860.sgthpifjkkxddfcl.pauta
POST
-------------------------------------------------------------------------
Wed Sep 04 2024 15:42:42 GMT-0300 (Horário Padrão de Brasília)
/pauta/diaria
-------------------------------------------------------------------------
Wed Sep 04 2024 15:42:42 GMT-0300 (Horário Padrão de Brasília)
Conectado ao Banco de Dados CEJUSC.
-------------------------------------------------------------------------
Wed Sep 04 2024 15:42:42 GMT-0300 (Horário Padrão de Brasília)
Consulta BD OK - rotapauta.js (sql)
-------------------------------------------------------------------------
Wed Sep 04 2024 15:42:42 GMT-0300 (Horário Padrão de Brasília)
Consulta BD OK - rotapauta.js (sql1)
-------------------------------------------------------------------------
Wed Sep 04 2024 15:42:42 GMT-0300 (Horário Padrão de Brasília)
Consulta BD OK - rotapauta.js (sql2)
-------------------------------------------------------------------------
Wed Sep 04 2024 15:42:42 GMT-0300 (Horário Padrão de Brasília)
Banco de Dados CEJUSC fechado.
-------------------------------------------------------------------------
Wed Sep 04 2024 16:00:47 GMT-0300 (Horário Padrão de Brasília)
GET
/principal/13326574860.sgthpifjkkxddfcl.conciliador
-------------------------------------------------------------------------
Wed Sep 04 2024 16:00:47 GMT-0300 (Horário Padrão de Brasília)
/principal/13326574860.sgthpifjkkxddfcl.pauta
GET
-------------------------------------------------------------------------
Wed Sep 04 2024 16:01:03 GMT-0300 (Horário Padrão de Brasília)
POST
/pauta/diaria
-------------------------------------------------------------------------
Wed Sep 04 2024 16:01:03 GMT-0300 (Horário Padrão de Brasília)
Conectado ao Banco de Dados CEJUSC.
-------------------------------------------------------------------------
Wed Sep 04 2024 16:01:03 GMT-0300 (Horário Padrão de Brasília)
Consulta BD OK - rotapauta.js (sql)
-------------------------------------------------------------------------
Wed Sep 04 2024 16:01:03 GMT-0300 (Horário Padrão de Brasília)
Consulta BD OK - rotapauta.js (sql1)
-------------------------------------------------------------------------
Wed Sep 04 2024 16:01:03 GMT-0300 (Horário Padrão de Brasília)
Consulta BD OK - rotapauta.js (sql2)
-------------------------------------------------------------------------
Wed Sep 04 2024 16:01:03 GMT-0300 (Horário Padrão de Brasília)
Banco de Dados CEJUSC fechado.
-------------------------------------------------------------------------
Wed Sep 04 2024 16:23:39 GMT-0300 (Horário Padrão de Brasília)
GET
/principal/13326574860.sgthpifjkkxddfcl.conciliador
-------------------------------------------------------------------------
Wed Sep 04 2024 16:23:39 GMT-0300 (Horário Padrão de Brasília)
GET
/principal/13326574860.sgthpifjkkxddfcl.pauta
-------------------------------------------------------------------------
Wed Sep 04 2024 16:23:41 GMT-0300 (Horário Padrão de Brasília)
/pauta/diaria
POST
-------------------------------------------------------------------------
Wed Sep 04 2024 16:23:41 GMT-0300 (Horário Padrão de Brasília)
Conectado ao Banco de Dados CEJUSC.
-------------------------------------------------------------------------
Wed Sep 04 2024 16:23:41 GMT-0300 (Horário Padrão de Brasília)
Consulta BD OK - rotapauta.js (sql)
-------------------------------------------------------------------------
Wed Sep 04 2024 16:23:41 GMT-0300 (Horário Padrão de Brasília)
Consulta BD OK - rotapauta.js (sql1)
-------------------------------------------------------------------------
Wed Sep 04 2024 16:23:41 GMT-0300 (Horário Padrão de Brasília)
Consulta BD OK - rotapauta.js (sql2)
-------------------------------------------------------------------------
Wed Sep 04 2024 16:23:41 GMT-0300 (Horário Padrão de Brasília)
Banco de Dados CEJUSC fechado.
-------------------------------------------------------------------------
Wed Sep 04 2024 16:23:49 GMT-0300 (Horário Padrão de Brasília)
POST
/pauta/diaria
-------------------------------------------------------------------------
Wed Sep 04 2024 16:23:49 GMT-0300 (Horário Padrão de Brasília)
Conectado ao Banco de Dados CEJUSC.
-------------------------------------------------------------------------
Wed Sep 04 2024 16:23:49 GMT-0300 (Horário Padrão de Brasília)
Consulta BD OK - rotapauta.js (sql)
-------------------------------------------------------------------------
Wed Sep 04 2024 16:23:49 GMT-0300 (Horário Padrão de Brasília)
Consulta BD OK - rotapauta.js (sql1)
-------------------------------------------------------------------------
Wed Sep 04 2024 16:23:49 GMT-0300 (Horário Padrão de Brasília)
Consulta BD OK - rotapauta.js (sql2)
Banco de Dados CEJUSC fechado.
-------------------------------------------------------------------------
Wed Sep 04 2024 16:23:49 GMT-0300 (Horário Padrão de Brasília)
-------------------------------------------------------------------------
Wed Sep 04 2024 16:24:07 GMT-0300 (Horário Padrão de Brasília)
/pauta/diaria
POST
-------------------------------------------------------------------------
Wed Sep 04 2024 16:24:07 GMT-0300 (Horário Padrão de Brasília)
Conectado ao Banco de Dados CEJUSC.
-------------------------------------------------------------------------
Wed Sep 04 2024 16:24:07 GMT-0300 (Horário Padrão de Brasília)
Consulta BD OK - rotapauta.js (sql)
-------------------------------------------------------------------------
Wed Sep 04 2024 16:24:07 GMT-0300 (Horário Padrão de Brasília)
Consulta BD OK - rotapauta.js (sql1)
Consulta BD OK - rotapauta.js (sql2)
-------------------------------------------------------------------------
Wed Sep 04 2024 16:24:07 GMT-0300 (Horário Padrão de Brasília)
-------------------------------------------------------------------------
Wed Sep 04 2024 16:24:07 GMT-0300 (Horário Padrão de Brasília)
Banco de Dados CEJUSC fechado.
-------------------------------------------------------------------------
Wed Sep 04 2024 16:24:52 GMT-0300 (Horário Padrão de Brasília)
POST
/pauta/diaria
-------------------------------------------------------------------------
Wed Sep 04 2024 16:24:52 GMT-0300 (Horário Padrão de Brasília)
-------------------------------------------------------------------------
Wed Sep 04 2024 16:24:52 GMT-0300 (Horário Padrão de Brasília)
Conectado ao Banco de Dados CEJUSC.
POST
/pauta/diaria
-------------------------------------------------------------------------
Wed Sep 04 2024 16:24:52 GMT-0300 (Horário Padrão de Brasília)
Conectado ao Banco de Dados CEJUSC.
-------------------------------------------------------------------------
Wed Sep 04 2024 16:24:52 GMT-0300 (Horário Padrão de Brasília)
Consulta BD OK - rotapauta.js (sql)
-------------------------------------------------------------------------
Wed Sep 04 2024 16:24:52 GMT-0300 (Horário Padrão de Brasília)
Consulta BD OK - rotapauta.js (sql)
-------------------------------------------------------------------------
Wed Sep 04 2024 16:24:52 GMT-0300 (Horário Padrão de Brasília)
-------------------------------------------------------------------------
Wed Sep 04 2024 16:24:52 GMT-0300 (Horário Padrão de Brasília)
Consulta BD OK - rotapauta.js (sql1)
-------------------------------------------------------------------------
Wed Sep 04 2024 16:24:52 GMT-0300 (Horário Padrão de Brasília)
Consulta BD OK - rotapauta.js (sql2)
Banco de Dados CEJUSC fechado.
Consulta BD OK - rotapauta.js (sql2)
-------------------------------------------------------------------------
Wed Sep 04 2024 16:24:52 GMT-0300 (Horário Padrão de Brasília)
-------------------------------------------------------------------------
Wed Sep 04 2024 16:24:52 GMT-0300 (Horário Padrão de Brasília)
-------------------------------------------------------------------------
Wed Sep 04 2024 16:24:52 GMT-0300 (Horário Padrão de Brasília)
Banco de Dados CEJUSC fechado.
Consulta BD OK - rotapauta.js (sql1)
-------------------------------------------------------------------------
Wed Sep 04 2024 16:25:04 GMT-0300 (Horário Padrão de Brasília)
/pauta/diaria
POST
Conectado ao Banco de Dados CEJUSC.
-------------------------------------------------------------------------
Wed Sep 04 2024 16:25:04 GMT-0300 (Horário Padrão de Brasília)
POST
POST
/pauta/diaria
-------------------------------------------------------------------------
Wed Sep 04 2024 16:25:04 GMT-0300 (Horário Padrão de Brasília)
-------------------------------------------------------------------------
Wed Sep 04 2024 16:25:04 GMT-0300 (Horário Padrão de Brasília)
/pauta/diaria
-------------------------------------------------------------------------
Wed Sep 04 2024 16:25:04 GMT-0300 (Horário Padrão de Brasília)
Conectado ao Banco de Dados CEJUSC.
-------------------------------------------------------------------------
Wed Sep 04 2024 16:25:04 GMT-0300 (Horário Padrão de Brasília)
Conectado ao Banco de Dados CEJUSC.
-------------------------------------------------------------------------
Wed Sep 04 2024 16:25:04 GMT-0300 (Horário Padrão de Brasília)
Consulta BD OK - rotapauta.js (sql)
-------------------------------------------------------------------------
Wed Sep 04 2024 16:25:04 GMT-0300 (Horário Padrão de Brasília)
Consulta BD OK - rotapauta.js (sql)
-------------------------------------------------------------------------
Wed Sep 04 2024 16:25:04 GMT-0300 (Horário Padrão de Brasília)
Consulta BD OK - rotapauta.js (sql1)
Consulta BD OK - rotapauta.js (sql)
Consulta BD OK - rotapauta.js (sql1)
-------------------------------------------------------------------------
Wed Sep 04 2024 16:25:04 GMT-0300 (Horário Padrão de Brasília)
-------------------------------------------------------------------------
Wed Sep 04 2024 16:25:04 GMT-0300 (Horário Padrão de Brasília)
Consulta BD OK - rotapauta.js (sql1)
-------------------------------------------------------------------------
Wed Sep 04 2024 16:25:04 GMT-0300 (Horário Padrão de Brasília)
Consulta BD OK - rotapauta.js (sql2)
-------------------------------------------------------------------------
Wed Sep 04 2024 16:25:04 GMT-0300 (Horário Padrão de Brasília)
Banco de Dados CEJUSC fechado.
-------------------------------------------------------------------------
Wed Sep 04 2024 16:25:04 GMT-0300 (Horário Padrão de Brasília)
Consulta BD OK - rotapauta.js (sql2)
-------------------------------------------------------------------------
Wed Sep 04 2024 16:25:04 GMT-0300 (Horário Padrão de Brasília)
-------------------------------------------------------------------------
Wed Sep 04 2024 16:25:04 GMT-0300 (Horário Padrão de Brasília)
Consulta BD OK - rotapauta.js (sql2)
-------------------------------------------------------------------------
Wed Sep 04 2024 16:25:04 GMT-0300 (Horário Padrão de Brasília)
Banco de Dados CEJUSC fechado.
-------------------------------------------------------------------------
Wed Sep 04 2024 16:25:04 GMT-0300 (Horário Padrão de Brasília)
Banco de Dados CEJUSC fechado.
-------------------------------------------------------------------------
Wed Sep 04 2024 16:25:06 GMT-0300 (Horário Padrão de Brasília)
GET
/principal/13326574860.sgthpifjkkxddfcl.completas
-------------------------------------------------------------------------
Wed Sep 04 2024 16:25:17 GMT-0300 (Horário Padrão de Brasília)
GET
/logout/13326574860
Usuário 13326574860 DESLOGOU >>>
-------------------------------------------------------------------------
Wed Sep 04 2024 16:25:17 GMT-0300 (Horário Padrão de Brasília)
/
GET
-------------------------------------------------------------------------
Wed Sep 04 2024 16:28:23 GMT-0300 (Horário Padrão de Brasília)
/valida/api
Usuário: 13326574860
POST
-------------------------------------------------------------------------
Wed Sep 04 2024 16:28:23 GMT-0300 (Horário Padrão de Brasília)
Conectado ao Banco de Dados CEJUSC.
-------------------------------------------------------------------------
Wed Sep 04 2024 16:28:23 GMT-0300 (Horário Padrão de Brasília)
Renato Ferreira >>>LOGOU
-------------------------------------------------------------------------
Wed Sep 04 2024 16:28:23 GMT-0300 (Horário Padrão de Brasília)
Banco de Dados CEJUSC fechado.
GET
-------------------------------------------------------------------------
Wed Sep 04 2024 16:28:23 GMT-0300 (Horário Padrão de Brasília)
/principal/13326574860.auebjbsdwhpgyrxb.presenca
GET
-------------------------------------------------------------------------
Wed Sep 04 2024 16:28:27 GMT-0300 (Horário Padrão de Brasília)
/principal/13326574860.auebjbsdwhpgyrxb.pauta
-------------------------------------------------------------------------
Wed Sep 04 2024 16:28:30 GMT-0300 (Horário Padrão de Brasília)
POST
/pauta/diaria
-------------------------------------------------------------------------
Wed Sep 04 2024 16:28:30 GMT-0300 (Horário Padrão de Brasília)
Conectado ao Banco de Dados CEJUSC.
-------------------------------------------------------------------------
Wed Sep 04 2024 16:28:30 GMT-0300 (Horário Padrão de Brasília)
Consulta BD OK - rotapauta.js (sql)
-------------------------------------------------------------------------
Wed Sep 04 2024 16:28:30 GMT-0300 (Horário Padrão de Brasília)
Consulta BD OK - rotapauta.js (sql1)
-------------------------------------------------------------------------
Wed Sep 04 2024 16:28:30 GMT-0300 (Horário Padrão de Brasília)
Consulta BD OK - rotapauta.js (sql2)
-------------------------------------------------------------------------
Wed Sep 04 2024 16:28:30 GMT-0300 (Horário Padrão de Brasília)
Banco de Dados CEJUSC fechado.
-------------------------------------------------------------------------
Wed Sep 04 2024 16:28:36 GMT-0300 (Horário Padrão de Brasília)
GET
/principal/13326574860.auebjbsdwhpgyrxb.completas
-------------------------------------------------------------------------
Wed Sep 04 2024 16:28:37 GMT-0300 (Horário Padrão de Brasília)
GET
/principal/13326574860.auebjbsdwhpgyrxb.conciliador
-------------------------------------------------------------------------
Wed Sep 04 2024 16:28:38 GMT-0300 (Horário Padrão de Brasília)
GET
/principal/13326574860.auebjbsdwhpgyrxb.presenca
GET
-------------------------------------------------------------------------
Wed Sep 04 2024 16:28:42 GMT-0300 (Horário Padrão de Brasília)
/principal/13326574860.auebjbsdwhpgyrxb.pauta
POST
-------------------------------------------------------------------------
Wed Sep 04 2024 16:28:54 GMT-0300 (Horário Padrão de Brasília)
/pauta/diaria
Conectado ao Banco de Dados CEJUSC.
-------------------------------------------------------------------------
Wed Sep 04 2024 16:28:54 GMT-0300 (Horário Padrão de Brasília)
-------------------------------------------------------------------------
Wed Sep 04 2024 16:28:54 GMT-0300 (Horário Padrão de Brasília)
Consulta BD OK - rotapauta.js (sql)
-------------------------------------------------------------------------
Wed Sep 04 2024 16:28:54 GMT-0300 (Horário Padrão de Brasília)
Consulta BD OK - rotapauta.js (sql1)
Consulta BD OK - rotapauta.js (sql2)
-------------------------------------------------------------------------
Wed Sep 04 2024 16:28:54 GMT-0300 (Horário Padrão de Brasília)
-------------------------------------------------------------------------
Wed Sep 04 2024 16:28:54 GMT-0300 (Horário Padrão de Brasília)
Banco de Dados CEJUSC fechado.
-------------------------------------------------------------------------
Wed Sep 04 2024 16:29:04 GMT-0300 (Horário Padrão de Brasília)
/pauta/diaria
POST
-------------------------------------------------------------------------
Wed Sep 04 2024 16:29:04 GMT-0300 (Horário Padrão de Brasília)
Conectado ao Banco de Dados CEJUSC.
-------------------------------------------------------------------------
Wed Sep 04 2024 16:29:04 GMT-0300 (Horário Padrão de Brasília)
POST
/pauta/diaria
-------------------------------------------------------------------------
Wed Sep 04 2024 16:29:04 GMT-0300 (Horário Padrão de Brasília)
Conectado ao Banco de Dados CEJUSC.
-------------------------------------------------------------------------
Wed Sep 04 2024 16:29:04 GMT-0300 (Horário Padrão de Brasília)
Consulta BD OK - rotapauta.js (sql)
Consulta BD OK - rotapauta.js (sql)
-------------------------------------------------------------------------
Wed Sep 04 2024 16:29:04 GMT-0300 (Horário Padrão de Brasília)
-------------------------------------------------------------------------
Wed Sep 04 2024 16:29:04 GMT-0300 (Horário Padrão de Brasília)
Consulta BD OK - rotapauta.js (sql1)
-------------------------------------------------------------------------
Wed Sep 04 2024 16:29:04 GMT-0300 (Horário Padrão de Brasília)
Consulta BD OK - rotapauta.js (sql1)
-------------------------------------------------------------------------
Wed Sep 04 2024 16:29:04 GMT-0300 (Horário Padrão de Brasília)
Consulta BD OK - rotapauta.js (sql2)
-------------------------------------------------------------------------
Wed Sep 04 2024 16:29:04 GMT-0300 (Horário Padrão de Brasília)
Banco de Dados CEJUSC fechado.
Consulta BD OK - rotapauta.js (sql2)
-------------------------------------------------------------------------
Wed Sep 04 2024 16:29:04 GMT-0300 (Horário Padrão de Brasília)
-------------------------------------------------------------------------
Wed Sep 04 2024 16:29:04 GMT-0300 (Horário Padrão de Brasília)
Banco de Dados CEJUSC fechado.
-------------------------------------------------------------------------
Wed Sep 04 2024 16:29:15 GMT-0300 (Horário Padrão de Brasília)
GET
/principal/13326574860.auebjbsdwhpgyrxb.presenca
-------------------------------------------------------------------------
Wed Sep 04 2024 16:29:20 GMT-0300 (Horário Padrão de Brasília)
/presenca/processo
POST
-------------------------------------------------------------------------
Wed Sep 04 2024 16:29:20 GMT-0300 (Horário Padrão de Brasília)
Conectado ao Banco de Dados CEJUSC.
Uma linha FOI encontrada. Processo: 1021436-85.2023
-------------------------------------------------------------------------
Wed Sep 04 2024 16:29:20 GMT-0300 (Horário Padrão de Brasília)
-------------------------------------------------------------------------
Wed Sep 04 2024 16:29:20 GMT-0300 (Horário Padrão de Brasília)
Banco de Dados CEJUSC fechado.
-------------------------------------------------------------------------
Wed Sep 04 2024 16:38:07 GMT-0300 (Horário Padrão de Brasília)
/logout/13326574860
Usuário 13326574860 DESLOGOU >>>
GET
-------------------------------------------------------------------------
Wed Sep 04 2024 16:38:07 GMT-0300 (Horário Padrão de Brasília)
GET
/
