-------------------------------------------------------------------------
Thu Sep 05 2024 11:08:52 GMT-0300 (Horário Padrão de Brasília)
POST
/valida/api
Usuário: 13326574860
-------------------------------------------------------------------------
Thu Sep 05 2024 11:08:52 GMT-0300 (Horário Padrão de Brasília)
Conectado ao Banco de Dados CEJUSC.
-------------------------------------------------------------------------
Thu Sep 05 2024 11:08:52 GMT-0300 (Horário Padrão de Brasília)
Renato Ferreira >>>LOGOU
Banco de Dados CEJUSC fechado.
-------------------------------------------------------------------------
Thu Sep 05 2024 11:08:52 GMT-0300 (Horário Padrão de Brasília)
GET
-------------------------------------------------------------------------
Thu Sep 05 2024 11:08:52 GMT-0300 (Horário Padrão de Brasília)
/principal/13326574860.zeviuueshgkoahmm.presenca
-------------------------------------------------------------------------
Thu Sep 05 2024 11:08:53 GMT-0300 (Horário Padrão de Brasília)
GET
/principal/13326574860.zeviuueshgkoahmm.presenca
-------------------------------------------------------------------------
Thu Sep 05 2024 11:08:59 GMT-0300 (Horário Padrão de Brasília)
POST
/presenca/processo
Conectado ao Banco de Dados CEJUSC.
-------------------------------------------------------------------------
Thu Sep 05 2024 11:08:59 GMT-0300 (Horário Padrão de Brasília)
-------------------------------------------------------------------------
Thu Sep 05 2024 11:08:59 GMT-0300 (Horário Padrão de Brasília)
Uma linha FOI encontrada. Processo: 0002949-21.2022
-------------------------------------------------------------------------
Thu Sep 05 2024 11:08:59 GMT-0300 (Horário Padrão de Brasília)
Banco de Dados CEJUSC fechado.
-------------------------------------------------------------------------
Thu Sep 05 2024 11:09:12 GMT-0300 (Horário Padrão de Brasília)
GET
/principal/13326574860.zeviuueshgkoahmm.pauta
/pauta/diaria
POST
-------------------------------------------------------------------------
Thu Sep 05 2024 11:09:25 GMT-0300 (Horário Padrão de Brasília)
Conectado ao Banco de Dados CEJUSC.
-------------------------------------------------------------------------
Thu Sep 05 2024 11:09:25 GMT-0300 (Horário Padrão de Brasília)
-------------------------------------------------------------------------
Thu Sep 05 2024 11:09:25 GMT-0300 (Horário Padrão de Brasília)
Consulta BD OK - rotapauta.js (sql)
Consulta BD OK - rotapauta.js (sql1)
-------------------------------------------------------------------------
Thu Sep 05 2024 11:09:25 GMT-0300 (Horário Padrão de Brasília)
-------------------------------------------------------------------------
Thu Sep 05 2024 11:09:25 GMT-0300 (Horário Padrão de Brasília)
Consulta BD OK - rotapauta.js (sql2)
-------------------------------------------------------------------------
Thu Sep 05 2024 11:09:25 GMT-0300 (Horário Padrão de Brasília)
Banco de Dados CEJUSC fechado.
-------------------------------------------------------------------------
Thu Sep 05 2024 11:09:47 GMT-0300 (Horário Padrão de Brasília)
GET
/principal/13326574860.zeviuueshgkoahmm.presenca
-------------------------------------------------------------------------
Thu Sep 05 2024 11:09:52 GMT-0300 (Horário Padrão de Brasília)
/presenca/processo
POST
-------------------------------------------------------------------------
Thu Sep 05 2024 11:09:52 GMT-0300 (Horário Padrão de Brasília)
Conectado ao Banco de Dados CEJUSC.
-------------------------------------------------------------------------
Thu Sep 05 2024 11:09:52 GMT-0300 (Horário Padrão de Brasília)
Uma linha FOI encontrada. Processo: 0001808-93.2024
-------------------------------------------------------------------------
Thu Sep 05 2024 11:09:52 GMT-0300 (Horário Padrão de Brasília)
Banco de Dados CEJUSC fechado.
-------------------------------------------------------------------------
Thu Sep 05 2024 11:13:41 GMT-0300 (Horário Padrão de Brasília)
GET
/principal/13326574860.zeviuueshgkoahmm.conciliador
-------------------------------------------------------------------------
Thu Sep 05 2024 11:13:42 GMT-0300 (Horário Padrão de Brasília)
GET
/principal/13326574860.zeviuueshgkoahmm.presenca
/presenca/processo
POST
-------------------------------------------------------------------------
Thu Sep 05 2024 11:13:47 GMT-0300 (Horário Padrão de Brasília)
Conectado ao Banco de Dados CEJUSC.
-------------------------------------------------------------------------
Thu Sep 05 2024 11:13:47 GMT-0300 (Horário Padrão de Brasília)
-------------------------------------------------------------------------
Thu Sep 05 2024 11:13:47 GMT-0300 (Horário Padrão de Brasília)
Uma linha FOI encontrada. Processo: 0001808-93.2024
-------------------------------------------------------------------------
Thu Sep 05 2024 11:13:47 GMT-0300 (Horário Padrão de Brasília)
Banco de Dados CEJUSC fechado.
GET
-------------------------------------------------------------------------
Thu Sep 05 2024 11:27:41 GMT-0300 (Horário Padrão de Brasília)
/principal/13326574860.zeviuueshgkoahmm.conciliador
-------------------------------------------------------------------------
Thu Sep 05 2024 11:27:42 GMT-0300 (Horário Padrão de Brasília)
/principal/13326574860.zeviuueshgkoahmm.presenca
GET
/presenca/processo
-------------------------------------------------------------------------
Thu Sep 05 2024 11:27:47 GMT-0300 (Horário Padrão de Brasília)
POST
-------------------------------------------------------------------------
Thu Sep 05 2024 11:27:47 GMT-0300 (Horário Padrão de Brasília)
Conectado ao Banco de Dados CEJUSC.
-------------------------------------------------------------------------
Thu Sep 05 2024 11:27:47 GMT-0300 (Horário Padrão de Brasília)
Uma linha FOI encontrada. Processo: 0001808-93.2024
Banco de Dados CEJUSC fechado.
-------------------------------------------------------------------------
Thu Sep 05 2024 11:27:47 GMT-0300 (Horário Padrão de Brasília)
-------------------------------------------------------------------------
Thu Sep 05 2024 11:46:00 GMT-0300 (Horário Padrão de Brasília)
GET
/principal/13326574860.zeviuueshgkoahmm.completas
GET
-------------------------------------------------------------------------
Thu Sep 05 2024 11:46:01 GMT-0300 (Horário Padrão de Brasília)
/principal/13326574860.zeviuueshgkoahmm.presenca
/presenca/processo
-------------------------------------------------------------------------
Thu Sep 05 2024 11:46:05 GMT-0300 (Horário Padrão de Brasília)
POST
-------------------------------------------------------------------------
Thu Sep 05 2024 11:46:05 GMT-0300 (Horário Padrão de Brasília)
Conectado ao Banco de Dados CEJUSC.
Uma linha FOI encontrada. Processo: 0001808-93.2024
-------------------------------------------------------------------------
Thu Sep 05 2024 11:46:05 GMT-0300 (Horário Padrão de Brasília)
-------------------------------------------------------------------------
Thu Sep 05 2024 11:46:05 GMT-0300 (Horário Padrão de Brasília)
Banco de Dados CEJUSC fechado.
-------------------------------------------------------------------------
Thu Sep 05 2024 12:08:32 GMT-0300 (Horário Padrão de Brasília)
GET
/principal/13326574860.zeviuueshgkoahmm.conciliador
-------------------------------------------------------------------------
Thu Sep 05 2024 12:08:34 GMT-0300 (Horário Padrão de Brasília)
GET
/principal/13326574860.zeviuueshgkoahmm.presenca
/presenca/processo
-------------------------------------------------------------------------
Thu Sep 05 2024 12:08:38 GMT-0300 (Horário Padrão de Brasília)
POST
-------------------------------------------------------------------------
Thu Sep 05 2024 12:08:38 GMT-0300 (Horário Padrão de Brasília)
Conectado ao Banco de Dados CEJUSC.
-------------------------------------------------------------------------
Thu Sep 05 2024 12:08:38 GMT-0300 (Horário Padrão de Brasília)
Uma linha FOI encontrada. Processo: 0001808-93.2024
-------------------------------------------------------------------------
Thu Sep 05 2024 12:08:38 GMT-0300 (Horário Padrão de Brasília)
Banco de Dados CEJUSC fechado.
-------------------------------------------------------------------------
Thu Sep 05 2024 12:09:00 GMT-0300 (Horário Padrão de Brasília)
GET
/
POST
-------------------------------------------------------------------------
Thu Sep 05 2024 12:09:06 GMT-0300 (Horário Padrão de Brasília)
/valida/api
Usuário: 13326574860
-------------------------------------------------------------------------
Thu Sep 05 2024 12:09:06 GMT-0300 (Horário Padrão de Brasília)
Conectado ao Banco de Dados CEJUSC.
-------------------------------------------------------------------------
Thu Sep 05 2024 12:09:06 GMT-0300 (Horário Padrão de Brasília)
Renato Ferreira >>>LOGOU
-------------------------------------------------------------------------
Thu Sep 05 2024 12:09:06 GMT-0300 (Horário Padrão de Brasília)
Banco de Dados CEJUSC fechado.
-------------------------------------------------------------------------
Thu Sep 05 2024 12:09:06 GMT-0300 (Horário Padrão de Brasília)
GET
/principal/13326574860.cvrzdhitbfdcetzr.presenca
-------------------------------------------------------------------------
Thu Sep 05 2024 12:10:00 GMT-0300 (Horário Padrão de Brasília)
POST
/presenca/processo
-------------------------------------------------------------------------
Thu Sep 05 2024 12:10:00 GMT-0300 (Horário Padrão de Brasília)
Conectado ao Banco de Dados CEJUSC.
-------------------------------------------------------------------------
Thu Sep 05 2024 12:10:00 GMT-0300 (Horário Padrão de Brasília)
Uma linha FOI encontrada. Processo: 0001808-93.2024
-------------------------------------------------------------------------
Thu Sep 05 2024 12:10:00 GMT-0300 (Horário Padrão de Brasília)
Banco de Dados CEJUSC fechado.
-------------------------------------------------------------------------
Thu Sep 05 2024 12:10:20 GMT-0300 (Horário Padrão de Brasília)
GET
Usuário 13326574860 DESLOGOU >>>
/logout/13326574860
-------------------------------------------------------------------------
Thu Sep 05 2024 12:10:20 GMT-0300 (Horário Padrão de Brasília)
GET
/
-------------------------------------------------------------------------
Thu Sep 05 2024 12:17:14 GMT-0300 (Horário Padrão de Brasília)
/valida/api
Usuário: 13326574860
POST
-------------------------------------------------------------------------
Thu Sep 05 2024 12:17:14 GMT-0300 (Horário Padrão de Brasília)
Conectado ao Banco de Dados CEJUSC.
-------------------------------------------------------------------------
Thu Sep 05 2024 12:17:14 GMT-0300 (Horário Padrão de Brasília)
Renato Ferreira >>>LOGOU
-------------------------------------------------------------------------
Thu Sep 05 2024 12:17:14 GMT-0300 (Horário Padrão de Brasília)
Banco de Dados CEJUSC fechado.
-------------------------------------------------------------------------
Thu Sep 05 2024 12:17:14 GMT-0300 (Horário Padrão de Brasília)
GET
/principal/13326574860.sllwkxajycisqabo.presenca
-------------------------------------------------------------------------
Thu Sep 05 2024 12:17:20 GMT-0300 (Horário Padrão de Brasília)
/presenca/processo
POST
Conectado ao Banco de Dados CEJUSC.
-------------------------------------------------------------------------
Thu Sep 05 2024 12:17:20 GMT-0300 (Horário Padrão de Brasília)
-------------------------------------------------------------------------
Thu Sep 05 2024 12:17:20 GMT-0300 (Horário Padrão de Brasília)
Uma linha FOI encontrada. Processo: 0001808-93.2024
-------------------------------------------------------------------------
Thu Sep 05 2024 12:17:20 GMT-0300 (Horário Padrão de Brasília)
Banco de Dados CEJUSC fechado.
GET
-------------------------------------------------------------------------
Thu Sep 05 2024 12:28:37 GMT-0300 (Horário Padrão de Brasília)
/principal/13326574860.sllwkxajycisqabo.completas
GET
/principal/13326574860.sllwkxajycisqabo.presenca
-------------------------------------------------------------------------
Thu Sep 05 2024 12:28:38 GMT-0300 (Horário Padrão de Brasília)
/presenca/processo
-------------------------------------------------------------------------
Thu Sep 05 2024 12:28:42 GMT-0300 (Horário Padrão de Brasília)
POST
-------------------------------------------------------------------------
Thu Sep 05 2024 12:28:42 GMT-0300 (Horário Padrão de Brasília)
Conectado ao Banco de Dados CEJUSC.
Uma linha FOI encontrada. Processo: 0001808-93.2024
-------------------------------------------------------------------------
Thu Sep 05 2024 12:28:42 GMT-0300 (Horário Padrão de Brasília)
-------------------------------------------------------------------------
Thu Sep 05 2024 12:28:42 GMT-0300 (Horário Padrão de Brasília)
Banco de Dados CEJUSC fechado.
-------------------------------------------------------------------------
Thu Sep 05 2024 12:32:03 GMT-0300 (Horário Padrão de Brasília)
/principal/13326574860.sllwkxajycisqabo.completas
GET
-------------------------------------------------------------------------
Thu Sep 05 2024 12:32:03 GMT-0300 (Horário Padrão de Brasília)
GET
/principal/13326574860.sllwkxajycisqabo.presenca
-------------------------------------------------------------------------
Thu Sep 05 2024 12:32:07 GMT-0300 (Horário Padrão de Brasília)
/presenca/processo
POST
-------------------------------------------------------------------------
Thu Sep 05 2024 12:32:07 GMT-0300 (Horário Padrão de Brasília)
Conectado ao Banco de Dados CEJUSC.
-------------------------------------------------------------------------
Thu Sep 05 2024 12:32:07 GMT-0300 (Horário Padrão de Brasília)
Uma linha FOI encontrada. Processo: 0001808-93.2024
Banco de Dados CEJUSC fechado.
-------------------------------------------------------------------------
Thu Sep 05 2024 12:32:07 GMT-0300 (Horário Padrão de Brasília)
GET
/logout/13326574860
Usuário 13326574860 DESLOGOU >>>
-------------------------------------------------------------------------
Thu Sep 05 2024 12:42:00 GMT-0300 (Horário Padrão de Brasília)
-------------------------------------------------------------------------
Thu Sep 05 2024 12:42:00 GMT-0300 (Horário Padrão de Brasília)
GET
/
-------------------------------------------------------------------------
Thu Sep 05 2024 12:42:04 GMT-0300 (Horário Padrão de Brasília)
POST
/valida/api
Usuário: 13326574860
-------------------------------------------------------------------------
Thu Sep 05 2024 12:42:04 GMT-0300 (Horário Padrão de Brasília)
Conectado ao Banco de Dados CEJUSC.
-------------------------------------------------------------------------
Thu Sep 05 2024 12:42:04 GMT-0300 (Horário Padrão de Brasília)
Renato Ferreira >>>LOGOU
-------------------------------------------------------------------------
Thu Sep 05 2024 12:42:04 GMT-0300 (Horário Padrão de Brasília)
Banco de Dados CEJUSC fechado.
-------------------------------------------------------------------------
Thu Sep 05 2024 12:42:04 GMT-0300 (Horário Padrão de Brasília)
/principal/13326574860.dvcnynvqodskvqta.presenca
GET
-------------------------------------------------------------------------
Thu Sep 05 2024 12:46:00 GMT-0300 (Horário Padrão de Brasília)
POST
/presenca/processo
-------------------------------------------------------------------------
Thu Sep 05 2024 12:46:00 GMT-0300 (Horário Padrão de Brasília)
Conectado ao Banco de Dados CEJUSC.
-------------------------------------------------------------------------
Thu Sep 05 2024 12:46:00 GMT-0300 (Horário Padrão de Brasília)
Uma linha FOI encontrada. Processo: 0001808-93.2024
-------------------------------------------------------------------------
Thu Sep 05 2024 12:46:00 GMT-0300 (Horário Padrão de Brasília)
Banco de Dados CEJUSC fechado.
-------------------------------------------------------------------------
Thu Sep 05 2024 13:01:14 GMT-0300 (Horário Padrão de Brasília)
GET
/logout/13326574860
Usuário 13326574860 DESLOGOU >>>
-------------------------------------------------------------------------
Thu Sep 05 2024 13:01:14 GMT-0300 (Horário Padrão de Brasília)
/
GET
POST
-------------------------------------------------------------------------
Thu Sep 05 2024 13:01:20 GMT-0300 (Horário Padrão de Brasília)
/valida/api
Usuário: 13326574860
Conectado ao Banco de Dados CEJUSC.
-------------------------------------------------------------------------
Thu Sep 05 2024 13:01:20 GMT-0300 (Horário Padrão de Brasília)
-------------------------------------------------------------------------
Thu Sep 05 2024 13:01:20 GMT-0300 (Horário Padrão de Brasília)
Renato Ferreira >>>LOGOU
Banco de Dados CEJUSC fechado.
-------------------------------------------------------------------------
Thu Sep 05 2024 13:01:20 GMT-0300 (Horário Padrão de Brasília)
-------------------------------------------------------------------------
Thu Sep 05 2024 13:01:20 GMT-0300 (Horário Padrão de Brasília)
GET
/principal/13326574860.qtjzvobspmdqoipb.presenca
-------------------------------------------------------------------------
Thu Sep 05 2024 13:01:28 GMT-0300 (Horário Padrão de Brasília)
POST
/presenca/processo
Conectado ao Banco de Dados CEJUSC.
-------------------------------------------------------------------------
Thu Sep 05 2024 13:01:28 GMT-0300 (Horário Padrão de Brasília)
Uma linha FOI encontrada. Processo: 0001808-93.2024
-------------------------------------------------------------------------
Thu Sep 05 2024 13:01:28 GMT-0300 (Horário Padrão de Brasília)
Banco de Dados CEJUSC fechado.
-------------------------------------------------------------------------
Thu Sep 05 2024 13:01:28 GMT-0300 (Horário Padrão de Brasília)
-------------------------------------------------------------------------
Thu Sep 05 2024 13:32:34 GMT-0300 (Horário Padrão de Brasília)
GET
/principal/13326574860.qtjzvobspmdqoipb.pauta
GET
/logout/13326574860
Usuário 13326574860 DESLOGOU >>>
-------------------------------------------------------------------------
Thu Sep 05 2024 13:32:37 GMT-0300 (Horário Padrão de Brasília)
-------------------------------------------------------------------------
Thu Sep 05 2024 13:32:37 GMT-0300 (Horário Padrão de Brasília)
GET
/
/valida/api
Usuário: 13326574860
-------------------------------------------------------------------------
Thu Sep 05 2024 13:32:42 GMT-0300 (Horário Padrão de Brasília)
Conectado ao Banco de Dados CEJUSC.
POST
-------------------------------------------------------------------------
Thu Sep 05 2024 13:32:42 GMT-0300 (Horário Padrão de Brasília)
-------------------------------------------------------------------------
Thu Sep 05 2024 13:32:42 GMT-0300 (Horário Padrão de Brasília)
Renato Ferreira >>>LOGOU
-------------------------------------------------------------------------
Thu Sep 05 2024 13:32:42 GMT-0300 (Horário Padrão de Brasília)
Banco de Dados CEJUSC fechado.
GET
-------------------------------------------------------------------------
Thu Sep 05 2024 13:32:42 GMT-0300 (Horário Padrão de Brasília)
/principal/13326574860.rxurjecqjyyccydn.presenca
POST
-------------------------------------------------------------------------
Thu Sep 05 2024 13:32:47 GMT-0300 (Horário Padrão de Brasília)
/presenca/processo
-------------------------------------------------------------------------
Thu Sep 05 2024 13:32:47 GMT-0300 (Horário Padrão de Brasília)
Conectado ao Banco de Dados CEJUSC.
-------------------------------------------------------------------------
Thu Sep 05 2024 13:32:47 GMT-0300 (Horário Padrão de Brasília)
Uma linha FOI encontrada. Processo: 0001808-93.2024
-------------------------------------------------------------------------
Thu Sep 05 2024 13:32:47 GMT-0300 (Horário Padrão de Brasília)
Banco de Dados CEJUSC fechado.
-------------------------------------------------------------------------
Thu Sep 05 2024 13:34:55 GMT-0300 (Horário Padrão de Brasília)
GET
/principal/13326574860.rxurjecqjyyccydn.pauta
-------------------------------------------------------------------------
Thu Sep 05 2024 13:34:57 GMT-0300 (Horário Padrão de Brasília)
POST
/pauta/diaria
-------------------------------------------------------------------------
Thu Sep 05 2024 13:34:57 GMT-0300 (Horário Padrão de Brasília)
Conectado ao Banco de Dados CEJUSC.
Consulta BD OK - rotapauta.js (sql)
-------------------------------------------------------------------------
Thu Sep 05 2024 13:34:57 GMT-0300 (Horário Padrão de Brasília)
Consulta BD OK - rotapauta.js (sql1)
-------------------------------------------------------------------------
Thu Sep 05 2024 13:34:57 GMT-0300 (Horário Padrão de Brasília)
-------------------------------------------------------------------------
Thu Sep 05 2024 13:34:57 GMT-0300 (Horário Padrão de Brasília)
Consulta BD OK - rotapauta.js (sql2)
-------------------------------------------------------------------------
Thu Sep 05 2024 13:34:57 GMT-0300 (Horário Padrão de Brasília)
Banco de Dados CEJUSC fechado.
-------------------------------------------------------------------------
Thu Sep 05 2024 13:35:05 GMT-0300 (Horário Padrão de Brasília)
POST
/pauta/diaria
Conectado ao Banco de Dados CEJUSC.
-------------------------------------------------------------------------
Thu Sep 05 2024 13:35:05 GMT-0300 (Horário Padrão de Brasília)
-------------------------------------------------------------------------
Thu Sep 05 2024 13:35:05 GMT-0300 (Horário Padrão de Brasília)
-------------------------------------------------------------------------
Thu Sep 05 2024 13:35:05 GMT-0300 (Horário Padrão de Brasília)
Consulta BD OK - rotapauta.js (sql)
Consulta BD OK - rotapauta.js (sql1)
-------------------------------------------------------------------------
Thu Sep 05 2024 13:35:05 GMT-0300 (Horário Padrão de Brasília)
Consulta BD OK - rotapauta.js (sql2)
Banco de Dados CEJUSC fechado.
-------------------------------------------------------------------------
Thu Sep 05 2024 13:35:05 GMT-0300 (Horário Padrão de Brasília)
-------------------------------------------------------------------------
Thu Sep 05 2024 13:35:24 GMT-0300 (Horário Padrão de Brasília)
POST
/pauta/diaria
Conectado ao Banco de Dados CEJUSC.
-------------------------------------------------------------------------
Thu Sep 05 2024 13:35:24 GMT-0300 (Horário Padrão de Brasília)
Consulta BD OK - rotapauta.js (sql)
-------------------------------------------------------------------------
Thu Sep 05 2024 13:35:24 GMT-0300 (Horário Padrão de Brasília)
-------------------------------------------------------------------------
Thu Sep 05 2024 13:35:24 GMT-0300 (Horário Padrão de Brasília)
Consulta BD OK - rotapauta.js (sql1)
-------------------------------------------------------------------------
Thu Sep 05 2024 13:35:24 GMT-0300 (Horário Padrão de Brasília)
Consulta BD OK - rotapauta.js (sql2)
-------------------------------------------------------------------------
Thu Sep 05 2024 13:35:24 GMT-0300 (Horário Padrão de Brasília)
Banco de Dados CEJUSC fechado.
-------------------------------------------------------------------------
Thu Sep 05 2024 13:35:37 GMT-0300 (Horário Padrão de Brasília)
POST
/pauta/diaria
-------------------------------------------------------------------------
Thu Sep 05 2024 13:35:37 GMT-0300 (Horário Padrão de Brasília)
Conectado ao Banco de Dados CEJUSC.
-------------------------------------------------------------------------
Thu Sep 05 2024 13:35:37 GMT-0300 (Horário Padrão de Brasília)
Consulta BD OK - rotapauta.js (sql)
-------------------------------------------------------------------------
Thu Sep 05 2024 13:35:37 GMT-0300 (Horário Padrão de Brasília)
Consulta BD OK - rotapauta.js (sql1)
-------------------------------------------------------------------------
Thu Sep 05 2024 13:35:37 GMT-0300 (Horário Padrão de Brasília)
Consulta BD OK - rotapauta.js (sql2)
-------------------------------------------------------------------------
Thu Sep 05 2024 13:35:37 GMT-0300 (Horário Padrão de Brasília)
Banco de Dados CEJUSC fechado.
-------------------------------------------------------------------------
Thu Sep 05 2024 13:35:50 GMT-0300 (Horário Padrão de Brasília)
/pauta/diaria
POST
-------------------------------------------------------------------------
Thu Sep 05 2024 13:35:50 GMT-0300 (Horário Padrão de Brasília)
Conectado ao Banco de Dados CEJUSC.
-------------------------------------------------------------------------
Thu Sep 05 2024 13:35:50 GMT-0300 (Horário Padrão de Brasília)
Consulta BD OK - rotapauta.js (sql)
-------------------------------------------------------------------------
Thu Sep 05 2024 13:35:50 GMT-0300 (Horário Padrão de Brasília)
Consulta BD OK - rotapauta.js (sql1)
-------------------------------------------------------------------------
Thu Sep 05 2024 13:35:50 GMT-0300 (Horário Padrão de Brasília)
Consulta BD OK - rotapauta.js (sql2)
-------------------------------------------------------------------------
Thu Sep 05 2024 13:35:50 GMT-0300 (Horário Padrão de Brasília)
Banco de Dados CEJUSC fechado.
POST
-------------------------------------------------------------------------
Thu Sep 05 2024 13:35:55 GMT-0300 (Horário Padrão de Brasília)
/pauta/diaria
Conectado ao Banco de Dados CEJUSC.
-------------------------------------------------------------------------
Thu Sep 05 2024 13:35:55 GMT-0300 (Horário Padrão de Brasília)
Consulta BD OK - rotapauta.js (sql)
-------------------------------------------------------------------------
Thu Sep 05 2024 13:35:55 GMT-0300 (Horário Padrão de Brasília)
-------------------------------------------------------------------------
Thu Sep 05 2024 13:35:55 GMT-0300 (Horário Padrão de Brasília)
Consulta BD OK - rotapauta.js (sql1)
Consulta BD OK - rotapauta.js (sql2)
-------------------------------------------------------------------------
Thu Sep 05 2024 13:35:55 GMT-0300 (Horário Padrão de Brasília)
Banco de Dados CEJUSC fechado.
-------------------------------------------------------------------------
Thu Sep 05 2024 13:35:55 GMT-0300 (Horário Padrão de Brasília)
-------------------------------------------------------------------------
Thu Sep 05 2024 13:36:15 GMT-0300 (Horário Padrão de Brasília)
POST
/pauta/diaria
-------------------------------------------------------------------------
Thu Sep 05 2024 13:36:15 GMT-0300 (Horário Padrão de Brasília)
Conectado ao Banco de Dados CEJUSC.
-------------------------------------------------------------------------
Thu Sep 05 2024 13:36:15 GMT-0300 (Horário Padrão de Brasília)
Consulta BD OK - rotapauta.js (sql)
-------------------------------------------------------------------------
Thu Sep 05 2024 13:36:15 GMT-0300 (Horário Padrão de Brasília)
Consulta BD OK - rotapauta.js (sql1)
-------------------------------------------------------------------------
Thu Sep 05 2024 13:36:15 GMT-0300 (Horário Padrão de Brasília)
Consulta BD OK - rotapauta.js (sql2)
-------------------------------------------------------------------------
Thu Sep 05 2024 13:36:15 GMT-0300 (Horário Padrão de Brasília)
Banco de Dados CEJUSC fechado.
-------------------------------------------------------------------------
Thu Sep 05 2024 13:50:54 GMT-0300 (Horário Padrão de Brasília)
POST
/pauta/diaria
-------------------------------------------------------------------------
Thu Sep 05 2024 13:50:54 GMT-0300 (Horário Padrão de Brasília)
Conectado ao Banco de Dados CEJUSC.
-------------------------------------------------------------------------
Thu Sep 05 2024 13:50:54 GMT-0300 (Horário Padrão de Brasília)
Consulta BD OK - rotapauta.js (sql)
-------------------------------------------------------------------------
Thu Sep 05 2024 13:50:54 GMT-0300 (Horário Padrão de Brasília)
Consulta BD OK - rotapauta.js (sql1)
-------------------------------------------------------------------------
Thu Sep 05 2024 13:50:54 GMT-0300 (Horário Padrão de Brasília)
Consulta BD OK - rotapauta.js (sql2)
Banco de Dados CEJUSC fechado.
-------------------------------------------------------------------------
Thu Sep 05 2024 13:50:54 GMT-0300 (Horário Padrão de Brasília)
-------------------------------------------------------------------------
Thu Sep 05 2024 13:51:00 GMT-0300 (Horário Padrão de Brasília)
GET
/principal/13326574860.rxurjecqjyyccydn.presenca
POST
-------------------------------------------------------------------------
Thu Sep 05 2024 13:51:05 GMT-0300 (Horário Padrão de Brasília)
/presenca/processo
Conectado ao Banco de Dados CEJUSC.
-------------------------------------------------------------------------
Thu Sep 05 2024 13:51:05 GMT-0300 (Horário Padrão de Brasília)
Uma linha FOI encontrada. Processo: 0001808-93.2024
-------------------------------------------------------------------------
Thu Sep 05 2024 13:51:05 GMT-0300 (Horário Padrão de Brasília)
-------------------------------------------------------------------------
Thu Sep 05 2024 13:51:05 GMT-0300 (Horário Padrão de Brasília)
Banco de Dados CEJUSC fechado.
-------------------------------------------------------------------------
Thu Sep 05 2024 13:51:59 GMT-0300 (Horário Padrão de Brasília)
/logout/13326574860
GET
Usuário 13326574860 DESLOGOU >>>
-------------------------------------------------------------------------
Thu Sep 05 2024 13:51:59 GMT-0300 (Horário Padrão de Brasília)
GET
/
-------------------------------------------------------------------------
Thu Sep 05 2024 13:52:18 GMT-0300 (Horário Padrão de Brasília)
POST
/valida/api
Usuário: 13326574860
-------------------------------------------------------------------------
Thu Sep 05 2024 13:52:18 GMT-0300 (Horário Padrão de Brasília)
Conectado ao Banco de Dados CEJUSC.
-------------------------------------------------------------------------
Thu Sep 05 2024 13:52:18 GMT-0300 (Horário Padrão de Brasília)
Renato Ferreira >>>LOGOU
-------------------------------------------------------------------------
Thu Sep 05 2024 13:52:18 GMT-0300 (Horário Padrão de Brasília)
Banco de Dados CEJUSC fechado.
-------------------------------------------------------------------------
Thu Sep 05 2024 13:52:18 GMT-0300 (Horário Padrão de Brasília)
/principal/13326574860.mfjxhlitujcwfnfk.presenca
GET
-------------------------------------------------------------------------
Thu Sep 05 2024 14:54:01 GMT-0300 (Horário Padrão de Brasília)
GET
/logout/13326574860
Usuário 13326574860 DESLOGOU >>>
-------------------------------------------------------------------------
Thu Sep 05 2024 14:54:01 GMT-0300 (Horário Padrão de Brasília)
GET
/
-------------------------------------------------------------------------
Thu Sep 05 2024 14:54:08 GMT-0300 (Horário Padrão de Brasília)
/valida/api
POST
Usuário: 13326574860
-------------------------------------------------------------------------
Thu Sep 05 2024 14:54:08 GMT-0300 (Horário Padrão de Brasília)
Conectado ao Banco de Dados CEJUSC.
-------------------------------------------------------------------------
Thu Sep 05 2024 14:54:08 GMT-0300 (Horário Padrão de Brasília)
Renato Ferreira >>>LOGOU
-------------------------------------------------------------------------
Thu Sep 05 2024 14:54:08 GMT-0300 (Horário Padrão de Brasília)
Banco de Dados CEJUSC fechado.
-------------------------------------------------------------------------
Thu Sep 05 2024 14:54:08 GMT-0300 (Horário Padrão de Brasília)
GET
/principal/13326574860.kikgpselmofrzpan.presenca
-------------------------------------------------------------------------
Thu Sep 05 2024 14:54:10 GMT-0300 (Horário Padrão de Brasília)
GET
/principal/13326574860.kikgpselmofrzpan.pauta
-------------------------------------------------------------------------
Thu Sep 05 2024 14:54:12 GMT-0300 (Horário Padrão de Brasília)
POST
/pauta/diaria
-------------------------------------------------------------------------
Thu Sep 05 2024 14:54:12 GMT-0300 (Horário Padrão de Brasília)
Conectado ao Banco de Dados CEJUSC.
Consulta BD OK - rotapauta.js (sql)
-------------------------------------------------------------------------
Thu Sep 05 2024 14:54:12 GMT-0300 (Horário Padrão de Brasília)
-------------------------------------------------------------------------
Thu Sep 05 2024 14:54:12 GMT-0300 (Horário Padrão de Brasília)
Consulta BD OK - rotapauta.js (sql1)
-------------------------------------------------------------------------
Thu Sep 05 2024 14:54:12 GMT-0300 (Horário Padrão de Brasília)
Consulta BD OK - rotapauta.js (sql2)
-------------------------------------------------------------------------
Thu Sep 05 2024 14:54:12 GMT-0300 (Horário Padrão de Brasília)
Banco de Dados CEJUSC fechado.
GET
/principal/13326574860.kikgpselmofrzpan.conciliador
-------------------------------------------------------------------------
Thu Sep 05 2024 14:55:18 GMT-0300 (Horário Padrão de Brasília)
-------------------------------------------------------------------------
Thu Sep 05 2024 14:55:19 GMT-0300 (Horário Padrão de Brasília)
/principal/13326574860.kikgpselmofrzpan.pauta
GET
-------------------------------------------------------------------------
Thu Sep 05 2024 14:55:21 GMT-0300 (Horário Padrão de Brasília)
POST
/pauta/diaria
-------------------------------------------------------------------------
Thu Sep 05 2024 14:55:21 GMT-0300 (Horário Padrão de Brasília)
Conectado ao Banco de Dados CEJUSC.
-------------------------------------------------------------------------
Thu Sep 05 2024 14:55:21 GMT-0300 (Horário Padrão de Brasília)
Consulta BD OK - rotapauta.js (sql)
-------------------------------------------------------------------------
Thu Sep 05 2024 14:55:21 GMT-0300 (Horário Padrão de Brasília)
Consulta BD OK - rotapauta.js (sql1)
-------------------------------------------------------------------------
Thu Sep 05 2024 14:55:21 GMT-0300 (Horário Padrão de Brasília)
Consulta BD OK - rotapauta.js (sql2)
-------------------------------------------------------------------------
Thu Sep 05 2024 14:55:21 GMT-0300 (Horário Padrão de Brasília)
Banco de Dados CEJUSC fechado.
-------------------------------------------------------------------------
Thu Sep 05 2024 14:59:59 GMT-0300 (Horário Padrão de Brasília)
GET
/logout/13326574860
Usuário 13326574860 DESLOGOU >>>
-------------------------------------------------------------------------
Thu Sep 05 2024 14:59:59 GMT-0300 (Horário Padrão de Brasília)
/
GET
POST
-------------------------------------------------------------------------
Thu Sep 05 2024 15:00:04 GMT-0300 (Horário Padrão de Brasília)
/valida/api
Usuário: 13326574860
-------------------------------------------------------------------------
Thu Sep 05 2024 15:00:04 GMT-0300 (Horário Padrão de Brasília)
Renato Ferreira >>>LOGOU
Conectado ao Banco de Dados CEJUSC.
Banco de Dados CEJUSC fechado.
-------------------------------------------------------------------------
Thu Sep 05 2024 15:00:04 GMT-0300 (Horário Padrão de Brasília)
-------------------------------------------------------------------------
Thu Sep 05 2024 15:00:04 GMT-0300 (Horário Padrão de Brasília)
-------------------------------------------------------------------------
Thu Sep 05 2024 15:00:04 GMT-0300 (Horário Padrão de Brasília)
GET
/principal/13326574860.hddddjbljohdrcdp.presenca
GET
-------------------------------------------------------------------------
Thu Sep 05 2024 15:00:06 GMT-0300 (Horário Padrão de Brasília)
/principal/13326574860.hddddjbljohdrcdp.pauta
-------------------------------------------------------------------------
Thu Sep 05 2024 15:00:08 GMT-0300 (Horário Padrão de Brasília)
POST
/pauta/diaria
-------------------------------------------------------------------------
Thu Sep 05 2024 15:00:08 GMT-0300 (Horário Padrão de Brasília)
Conectado ao Banco de Dados CEJUSC.
-------------------------------------------------------------------------
Thu Sep 05 2024 15:00:08 GMT-0300 (Horário Padrão de Brasília)
Consulta BD OK - rotapauta.js (sql)
-------------------------------------------------------------------------
Thu Sep 05 2024 15:00:08 GMT-0300 (Horário Padrão de Brasília)
Consulta BD OK - rotapauta.js (sql1)
-------------------------------------------------------------------------
Thu Sep 05 2024 15:00:08 GMT-0300 (Horário Padrão de Brasília)
Consulta BD OK - rotapauta.js (sql2)
-------------------------------------------------------------------------
Thu Sep 05 2024 15:00:08 GMT-0300 (Horário Padrão de Brasília)
Banco de Dados CEJUSC fechado.
-------------------------------------------------------------------------
Thu Sep 05 2024 15:01:18 GMT-0300 (Horário Padrão de Brasília)
GET
/logout/13326574860
Usuário 13326574860 DESLOGOU >>>
-------------------------------------------------------------------------
Thu Sep 05 2024 15:01:18 GMT-0300 (Horário Padrão de Brasília)
GET
/
-------------------------------------------------------------------------
Thu Sep 05 2024 15:01:22 GMT-0300 (Horário Padrão de Brasília)
/valida/api
Usuário: 13326574860
POST
-------------------------------------------------------------------------
Thu Sep 05 2024 15:01:22 GMT-0300 (Horário Padrão de Brasília)
Conectado ao Banco de Dados CEJUSC.
-------------------------------------------------------------------------
Thu Sep 05 2024 15:01:22 GMT-0300 (Horário Padrão de Brasília)
Renato Ferreira >>>LOGOU
-------------------------------------------------------------------------
Thu Sep 05 2024 15:01:22 GMT-0300 (Horário Padrão de Brasília)
Banco de Dados CEJUSC fechado.
GET
-------------------------------------------------------------------------
Thu Sep 05 2024 15:01:22 GMT-0300 (Horário Padrão de Brasília)
/principal/13326574860.lukjrpnglqduvuma.presenca
-------------------------------------------------------------------------
Thu Sep 05 2024 15:01:24 GMT-0300 (Horário Padrão de Brasília)
GET
/principal/13326574860.lukjrpnglqduvuma.pauta
-------------------------------------------------------------------------
Thu Sep 05 2024 15:02:12 GMT-0300 (Horário Padrão de Brasília)
GET
/logout/13326574860
Usuário 13326574860 DESLOGOU >>>
GET
-------------------------------------------------------------------------
Thu Sep 05 2024 15:02:12 GMT-0300 (Horário Padrão de Brasília)
/
-------------------------------------------------------------------------
Thu Sep 05 2024 15:02:17 GMT-0300 (Horário Padrão de Brasília)
/valida/api
POST
Usuário: 13326574860
Conectado ao Banco de Dados CEJUSC.
-------------------------------------------------------------------------
Thu Sep 05 2024 15:02:17 GMT-0300 (Horário Padrão de Brasília)
-------------------------------------------------------------------------
Thu Sep 05 2024 15:02:17 GMT-0300 (Horário Padrão de Brasília)
Renato Ferreira >>>LOGOU
-------------------------------------------------------------------------
Thu Sep 05 2024 15:02:17 GMT-0300 (Horário Padrão de Brasília)
Banco de Dados CEJUSC fechado.
-------------------------------------------------------------------------
Thu Sep 05 2024 15:02:17 GMT-0300 (Horário Padrão de Brasília)
GET
/principal/13326574860.qbrgpelunlpxbxlo.presenca
GET
-------------------------------------------------------------------------
Thu Sep 05 2024 15:02:18 GMT-0300 (Horário Padrão de Brasília)
/principal/13326574860.qbrgpelunlpxbxlo.pauta
-------------------------------------------------------------------------
Thu Sep 05 2024 15:02:19 GMT-0300 (Horário Padrão de Brasília)
/pauta/diaria
POST
-------------------------------------------------------------------------
Thu Sep 05 2024 15:02:19 GMT-0300 (Horário Padrão de Brasília)
Conectado ao Banco de Dados CEJUSC.
-------------------------------------------------------------------------
Thu Sep 05 2024 15:02:19 GMT-0300 (Horário Padrão de Brasília)
Consulta BD OK - rotapauta.js (sql)
-------------------------------------------------------------------------
Thu Sep 05 2024 15:02:19 GMT-0300 (Horário Padrão de Brasília)
Consulta BD OK - rotapauta.js (sql1)
-------------------------------------------------------------------------
Thu Sep 05 2024 15:02:19 GMT-0300 (Horário Padrão de Brasília)
Consulta BD OK - rotapauta.js (sql2)
-------------------------------------------------------------------------
Thu Sep 05 2024 15:02:19 GMT-0300 (Horário Padrão de Brasília)
Banco de Dados CEJUSC fechado.
-------------------------------------------------------------------------
Thu Sep 05 2024 15:04:09 GMT-0300 (Horário Padrão de Brasília)
GET
/logout/13326574860
Usuário 13326574860 DESLOGOU >>>
-------------------------------------------------------------------------
Thu Sep 05 2024 15:04:09 GMT-0300 (Horário Padrão de Brasília)
GET
/
-------------------------------------------------------------------------
Thu Sep 05 2024 15:04:34 GMT-0300 (Horário Padrão de Brasília)
POST
/valida/api
Usuário: 13326574860
-------------------------------------------------------------------------
Thu Sep 05 2024 15:04:34 GMT-0300 (Horário Padrão de Brasília)
Conectado ao Banco de Dados CEJUSC.
-------------------------------------------------------------------------
Thu Sep 05 2024 15:04:34 GMT-0300 (Horário Padrão de Brasília)
Renato Ferreira >>>LOGOU
-------------------------------------------------------------------------
Thu Sep 05 2024 15:04:34 GMT-0300 (Horário Padrão de Brasília)
Banco de Dados CEJUSC fechado.
-------------------------------------------------------------------------
Thu Sep 05 2024 15:04:34 GMT-0300 (Horário Padrão de Brasília)
/principal/13326574860.aoaikrryxblxeqak.presenca
GET
GET
-------------------------------------------------------------------------
Thu Sep 05 2024 15:04:36 GMT-0300 (Horário Padrão de Brasília)
/principal/13326574860.aoaikrryxblxeqak.pauta
POST
-------------------------------------------------------------------------
Thu Sep 05 2024 15:04:38 GMT-0300 (Horário Padrão de Brasília)
/pauta/diaria
Conectado ao Banco de Dados CEJUSC.
-------------------------------------------------------------------------
Thu Sep 05 2024 15:04:38 GMT-0300 (Horário Padrão de Brasília)
-------------------------------------------------------------------------
Thu Sep 05 2024 15:04:38 GMT-0300 (Horário Padrão de Brasília)
Consulta BD OK - rotapauta.js (sql)
-------------------------------------------------------------------------
Thu Sep 05 2024 15:04:38 GMT-0300 (Horário Padrão de Brasília)
Consulta BD OK - rotapauta.js (sql1)
-------------------------------------------------------------------------
Thu Sep 05 2024 15:04:38 GMT-0300 (Horário Padrão de Brasília)
Consulta BD OK - rotapauta.js (sql2)
-------------------------------------------------------------------------
Thu Sep 05 2024 15:04:38 GMT-0300 (Horário Padrão de Brasília)
Banco de Dados CEJUSC fechado.
-------------------------------------------------------------------------
Thu Sep 05 2024 15:05:31 GMT-0300 (Horário Padrão de Brasília)
GET
/principal/13326574860.aoaikrryxblxeqak.completas
GET
-------------------------------------------------------------------------
Thu Sep 05 2024 15:05:32 GMT-0300 (Horário Padrão de Brasília)
/principal/13326574860.aoaikrryxblxeqak.pauta
-------------------------------------------------------------------------
Thu Sep 05 2024 15:05:34 GMT-0300 (Horário Padrão de Brasília)
POST
/pauta/diaria
-------------------------------------------------------------------------
Thu Sep 05 2024 15:05:34 GMT-0300 (Horário Padrão de Brasília)
Conectado ao Banco de Dados CEJUSC.
-------------------------------------------------------------------------
Thu Sep 05 2024 15:05:34 GMT-0300 (Horário Padrão de Brasília)
Consulta BD OK - rotapauta.js (sql)
-------------------------------------------------------------------------
Thu Sep 05 2024 15:05:34 GMT-0300 (Horário Padrão de Brasília)
Consulta BD OK - rotapauta.js (sql1)
-------------------------------------------------------------------------
Thu Sep 05 2024 15:05:34 GMT-0300 (Horário Padrão de Brasília)
Consulta BD OK - rotapauta.js (sql2)
-------------------------------------------------------------------------
Thu Sep 05 2024 15:05:34 GMT-0300 (Horário Padrão de Brasília)
Banco de Dados CEJUSC fechado.
GET
/logout/13326574860
Usuário 13326574860 DESLOGOU >>>
-------------------------------------------------------------------------
Thu Sep 05 2024 15:26:29 GMT-0300 (Horário Padrão de Brasília)
GET
-------------------------------------------------------------------------
Thu Sep 05 2024 15:26:29 GMT-0300 (Horário Padrão de Brasília)
/
-------------------------------------------------------------------------
Thu Sep 05 2024 15:26:35 GMT-0300 (Horário Padrão de Brasília)
POST
/valida/api
Usuário: 13326574860
-------------------------------------------------------------------------
Thu Sep 05 2024 15:26:35 GMT-0300 (Horário Padrão de Brasília)
Conectado ao Banco de Dados CEJUSC.
-------------------------------------------------------------------------
Thu Sep 05 2024 15:26:35 GMT-0300 (Horário Padrão de Brasília)
Renato Ferreira >>>LOGOU
-------------------------------------------------------------------------
Thu Sep 05 2024 15:26:35 GMT-0300 (Horário Padrão de Brasília)
Banco de Dados CEJUSC fechado.
-------------------------------------------------------------------------
Thu Sep 05 2024 15:26:35 GMT-0300 (Horário Padrão de Brasília)
GET
/principal/13326574860.qjhfeumqhdizfnit.presenca
/presenca/processo
-------------------------------------------------------------------------
Thu Sep 05 2024 15:26:42 GMT-0300 (Horário Padrão de Brasília)
POST
-------------------------------------------------------------------------
Thu Sep 05 2024 15:26:42 GMT-0300 (Horário Padrão de Brasília)
Conectado ao Banco de Dados CEJUSC.
-------------------------------------------------------------------------
Thu Sep 05 2024 15:26:42 GMT-0300 (Horário Padrão de Brasília)
Uma linha FOI encontrada. Processo: 0001808-93.2024
-------------------------------------------------------------------------
Thu Sep 05 2024 15:26:42 GMT-0300 (Horário Padrão de Brasília)
Banco de Dados CEJUSC fechado.
-------------------------------------------------------------------------
Thu Sep 05 2024 15:26:54 GMT-0300 (Horário Padrão de Brasília)
/presenca/check
POST
-------------------------------------------------------------------------
Thu Sep 05 2024 15:26:54 GMT-0300 (Horário Padrão de Brasília)
Conectado ao Banco de Dados CEJUSC.
-------------------------------------------------------------------------
Thu Sep 05 2024 15:26:54 GMT-0300 (Horário Padrão de Brasília)
POST
/presenca/processo
-------------------------------------------------------------------------
Thu Sep 05 2024 15:26:54 GMT-0300 (Horário Padrão de Brasília)
Conectado ao Banco de Dados CEJUSC.
-------------------------------------------------------------------------
Thu Sep 05 2024 15:26:55 GMT-0300 (Horário Padrão de Brasília)
Uma linha foi atualizada. UPDATE: 1
-------------------------------------------------------------------------
Thu Sep 05 2024 15:26:55 GMT-0300 (Horário Padrão de Brasília)
Banco de Dados CEJUSC fechado.
-------------------------------------------------------------------------
Thu Sep 05 2024 15:26:55 GMT-0300 (Horário Padrão de Brasília)
Uma linha FOI encontrada. Processo: 0001808-93.2024
-------------------------------------------------------------------------
Thu Sep 05 2024 15:26:55 GMT-0300 (Horário Padrão de Brasília)
Banco de Dados CEJUSC fechado.
-------------------------------------------------------------------------
Thu Sep 05 2024 15:27:04 GMT-0300 (Horário Padrão de Brasília)
POST
/presenca/check
Conectado ao Banco de Dados CEJUSC.
-------------------------------------------------------------------------
Thu Sep 05 2024 15:27:04 GMT-0300 (Horário Padrão de Brasília)
-------------------------------------------------------------------------
Thu Sep 05 2024 15:27:04 GMT-0300 (Horário Padrão de Brasília)
POST
/presenca/processo
-------------------------------------------------------------------------
Thu Sep 05 2024 15:27:04 GMT-0300 (Horário Padrão de Brasília)
Conectado ao Banco de Dados CEJUSC.
-------------------------------------------------------------------------
Thu Sep 05 2024 15:27:04 GMT-0300 (Horário Padrão de Brasília)
Uma linha foi atualizada. UPDATE: 1
Banco de Dados CEJUSC fechado.
-------------------------------------------------------------------------
Thu Sep 05 2024 15:27:04 GMT-0300 (Horário Padrão de Brasília)
-------------------------------------------------------------------------
Thu Sep 05 2024 15:27:05 GMT-0300 (Horário Padrão de Brasília)
Uma linha FOI encontrada. Processo: 0001808-93.2024
-------------------------------------------------------------------------
Thu Sep 05 2024 15:27:05 GMT-0300 (Horário Padrão de Brasília)
Banco de Dados CEJUSC fechado.
/principal/13326574860.qjhfeumqhdizfnit.pauta
GET
-------------------------------------------------------------------------
Thu Sep 05 2024 15:32:49 GMT-0300 (Horário Padrão de Brasília)
-------------------------------------------------------------------------
Thu Sep 05 2024 15:32:51 GMT-0300 (Horário Padrão de Brasília)
POST
/pauta/diaria
-------------------------------------------------------------------------
Thu Sep 05 2024 15:32:51 GMT-0300 (Horário Padrão de Brasília)
Conectado ao Banco de Dados CEJUSC.
-------------------------------------------------------------------------
Thu Sep 05 2024 15:32:51 GMT-0300 (Horário Padrão de Brasília)
Consulta BD OK - rotapauta.js (sql)
-------------------------------------------------------------------------
Thu Sep 05 2024 15:32:51 GMT-0300 (Horário Padrão de Brasília)
Consulta BD OK - rotapauta.js (sql1)
-------------------------------------------------------------------------
Thu Sep 05 2024 15:32:51 GMT-0300 (Horário Padrão de Brasília)
Consulta BD OK - rotapauta.js (sql2)
-------------------------------------------------------------------------
Thu Sep 05 2024 15:32:51 GMT-0300 (Horário Padrão de Brasília)
Banco de Dados CEJUSC fechado.
POST
-------------------------------------------------------------------------
Thu Sep 05 2024 15:32:57 GMT-0300 (Horário Padrão de Brasília)
/pauta/diaria
-------------------------------------------------------------------------
Thu Sep 05 2024 15:32:57 GMT-0300 (Horário Padrão de Brasília)
Conectado ao Banco de Dados CEJUSC.
-------------------------------------------------------------------------
Thu Sep 05 2024 15:32:57 GMT-0300 (Horário Padrão de Brasília)
Consulta BD OK - rotapauta.js (sql)
-------------------------------------------------------------------------
Thu Sep 05 2024 15:32:57 GMT-0300 (Horário Padrão de Brasília)
Consulta BD OK - rotapauta.js (sql1)
-------------------------------------------------------------------------
Thu Sep 05 2024 15:32:57 GMT-0300 (Horário Padrão de Brasília)
Consulta BD OK - rotapauta.js (sql2)
-------------------------------------------------------------------------
Thu Sep 05 2024 15:32:57 GMT-0300 (Horário Padrão de Brasília)
Banco de Dados CEJUSC fechado.
POST
-------------------------------------------------------------------------
Thu Sep 05 2024 15:33:20 GMT-0300 (Horário Padrão de Brasília)
/pauta/diaria
Conectado ao Banco de Dados CEJUSC.
-------------------------------------------------------------------------
Thu Sep 05 2024 15:33:20 GMT-0300 (Horário Padrão de Brasília)
-------------------------------------------------------------------------
Thu Sep 05 2024 15:33:20 GMT-0300 (Horário Padrão de Brasília)
Consulta BD OK - rotapauta.js (sql)
-------------------------------------------------------------------------
Thu Sep 05 2024 15:33:20 GMT-0300 (Horário Padrão de Brasília)
Consulta BD OK - rotapauta.js (sql1)
-------------------------------------------------------------------------
Thu Sep 05 2024 15:33:20 GMT-0300 (Horário Padrão de Brasília)
Consulta BD OK - rotapauta.js (sql2)
-------------------------------------------------------------------------
Thu Sep 05 2024 15:33:20 GMT-0300 (Horário Padrão de Brasília)
Banco de Dados CEJUSC fechado.
-------------------------------------------------------------------------
Thu Sep 05 2024 15:33:43 GMT-0300 (Horário Padrão de Brasília)
POST
/pauta/diaria
Conectado ao Banco de Dados CEJUSC.
-------------------------------------------------------------------------
Thu Sep 05 2024 15:33:43 GMT-0300 (Horário Padrão de Brasília)
-------------------------------------------------------------------------
Thu Sep 05 2024 15:33:43 GMT-0300 (Horário Padrão de Brasília)
Consulta BD OK - rotapauta.js (sql)
-------------------------------------------------------------------------
Thu Sep 05 2024 15:33:43 GMT-0300 (Horário Padrão de Brasília)
Consulta BD OK - rotapauta.js (sql1)
-------------------------------------------------------------------------
Thu Sep 05 2024 15:33:43 GMT-0300 (Horário Padrão de Brasília)
Consulta BD OK - rotapauta.js (sql2)
-------------------------------------------------------------------------
Thu Sep 05 2024 15:33:43 GMT-0300 (Horário Padrão de Brasília)
Banco de Dados CEJUSC fechado.
-------------------------------------------------------------------------
Thu Sep 05 2024 15:34:08 GMT-0300 (Horário Padrão de Brasília)
GET
/principal/13326574860.qjhfeumqhdizfnit.presenca
-------------------------------------------------------------------------
Thu Sep 05 2024 15:34:09 GMT-0300 (Horário Padrão de Brasília)
GET
/principal/13326574860.qjhfeumqhdizfnit.pauta
POST
/pauta/diaria
-------------------------------------------------------------------------
Thu Sep 05 2024 15:34:14 GMT-0300 (Horário Padrão de Brasília)
-------------------------------------------------------------------------
Thu Sep 05 2024 15:34:14 GMT-0300 (Horário Padrão de Brasília)
Conectado ao Banco de Dados CEJUSC.
-------------------------------------------------------------------------
Thu Sep 05 2024 15:34:14 GMT-0300 (Horário Padrão de Brasília)
Consulta BD OK - rotapauta.js (sql)
-------------------------------------------------------------------------
Thu Sep 05 2024 15:34:14 GMT-0300 (Horário Padrão de Brasília)
Consulta BD OK - rotapauta.js (sql1)
-------------------------------------------------------------------------
Thu Sep 05 2024 15:34:14 GMT-0300 (Horário Padrão de Brasília)
Consulta BD OK - rotapauta.js (sql2)
-------------------------------------------------------------------------
Thu Sep 05 2024 15:34:14 GMT-0300 (Horário Padrão de Brasília)
Banco de Dados CEJUSC fechado.
GET
-------------------------------------------------------------------------
Thu Sep 05 2024 15:34:18 GMT-0300 (Horário Padrão de Brasília)
/principal/13326574860.qjhfeumqhdizfnit.conciliador
-------------------------------------------------------------------------
Thu Sep 05 2024 15:34:19 GMT-0300 (Horário Padrão de Brasília)
GET
/principal/13326574860.qjhfeumqhdizfnit.completas
-------------------------------------------------------------------------
Thu Sep 05 2024 16:20:38 GMT-0300 (Horário Padrão de Brasília)
/principal/13326574860.qjhfeumqhdizfnit.pauta
GET
-------------------------------------------------------------------------
Thu Sep 05 2024 16:20:39 GMT-0300 (Horário Padrão de Brasília)
GET
/principal/13326574860.qjhfeumqhdizfnit.presenca
-------------------------------------------------------------------------
Thu Sep 05 2024 16:20:40 GMT-0300 (Horário Padrão de Brasília)
GET
/principal/13326574860.qjhfeumqhdizfnit.conciliador
-------------------------------------------------------------------------
Thu Sep 05 2024 16:20:43 GMT-0300 (Horário Padrão de Brasília)
GET
Usuário 13326574860 DESLOGOU >>>
/logout/13326574860
-------------------------------------------------------------------------
Thu Sep 05 2024 16:20:43 GMT-0300 (Horário Padrão de Brasília)
GET
/
