-------------------------------------------------------------------------
Tue Aug 06 2024 14:23:05 GMT-0300 (Horário Padrão de Brasília)
/valida/api
Usuário: 13326574860
POST
Conectado ao Banco de Dados CEJUSC.
-------------------------------------------------------------------------
Tue Aug 06 2024 14:23:05 GMT-0300 (Horário Padrão de Brasília)
-------------------------------------------------------------------------
Tue Aug 06 2024 14:23:05 GMT-0300 (Horário Padrão de Brasília)
Renato Ferreira >>>LOGOU
-------------------------------------------------------------------------
Tue Aug 06 2024 14:23:05 GMT-0300 (Horário Padrão de Brasília)
Banco de Dados CEJUSC fechado.
-------------------------------------------------------------------------
Tue Aug 06 2024 14:23:05 GMT-0300 (Horário Padrão de Brasília)
GET
/principal/13326574860.qzpsdchdslwtsmcc.presenca
-------------------------------------------------------------------------
Tue Aug 06 2024 14:23:10 GMT-0300 (Horário Padrão de Brasília)
POST
/presenca/processo
-------------------------------------------------------------------------
Tue Aug 06 2024 14:23:10 GMT-0300 (Horário Padrão de Brasília)
Conectado ao Banco de Dados CEJUSC.
-------------------------------------------------------------------------
Tue Aug 06 2024 14:23:10 GMT-0300 (Horário Padrão de Brasília)
Uma linha FOI encontrada. Processo: 1019872-71.2023
-------------------------------------------------------------------------
Tue Aug 06 2024 14:23:10 GMT-0300 (Horário Padrão de Brasília)
Banco de Dados CEJUSC fechado.
-------------------------------------------------------------------------
Tue Aug 06 2024 14:32:49 GMT-0300 (Horário Padrão de Brasília)
GET
Usuário 13326574860 DESLOGOU >>>
/logout/13326574860
-------------------------------------------------------------------------
Tue Aug 06 2024 14:32:49 GMT-0300 (Horário Padrão de Brasília)
GET
/
-------------------------------------------------------------------------
Tue Aug 06 2024 14:33:03 GMT-0300 (Horário Padrão de Brasília)
POST
/valida/api
Usuário: 13326574860
-------------------------------------------------------------------------
Tue Aug 06 2024 14:33:03 GMT-0300 (Horário Padrão de Brasília)
Conectado ao Banco de Dados CEJUSC.
-------------------------------------------------------------------------
Tue Aug 06 2024 14:33:03 GMT-0300 (Horário Padrão de Brasília)
Renato Ferreira >>>LOGOU
-------------------------------------------------------------------------
Tue Aug 06 2024 14:33:03 GMT-0300 (Horário Padrão de Brasília)
Banco de Dados CEJUSC fechado.
-------------------------------------------------------------------------
Tue Aug 06 2024 14:33:03 GMT-0300 (Horário Padrão de Brasília)
GET
/principal/13326574860.ngyuqzgytbdxvmda.presenca
POST
-------------------------------------------------------------------------
Tue Aug 06 2024 14:33:10 GMT-0300 (Horário Padrão de Brasília)
/presenca/processo
-------------------------------------------------------------------------
Tue Aug 06 2024 14:33:10 GMT-0300 (Horário Padrão de Brasília)
Conectado ao Banco de Dados CEJUSC.
-------------------------------------------------------------------------
Tue Aug 06 2024 14:33:10 GMT-0300 (Horário Padrão de Brasília)
Uma linha FOI encontrada. Processo: 1002546-64.2024
-------------------------------------------------------------------------
Tue Aug 06 2024 14:33:10 GMT-0300 (Horário Padrão de Brasília)
Banco de Dados CEJUSC fechado.
/presenca/processo
-------------------------------------------------------------------------
Tue Aug 06 2024 14:33:29 GMT-0300 (Horário Padrão de Brasília)
POST
-------------------------------------------------------------------------
Tue Aug 06 2024 14:33:29 GMT-0300 (Horário Padrão de Brasília)
Conectado ao Banco de Dados CEJUSC.
-------------------------------------------------------------------------
Tue Aug 06 2024 14:33:29 GMT-0300 (Horário Padrão de Brasília)
Uma linha FOI encontrada. Processo: 1020438-20.2023
-------------------------------------------------------------------------
Tue Aug 06 2024 14:33:29 GMT-0300 (Horário Padrão de Brasília)
Banco de Dados CEJUSC fechado.
-------------------------------------------------------------------------
Tue Aug 06 2024 14:35:25 GMT-0300 (Horário Padrão de Brasília)
GET
/logout/13326574860
Usuário 13326574860 DESLOGOU >>>
-------------------------------------------------------------------------
Tue Aug 06 2024 14:35:25 GMT-0300 (Horário Padrão de Brasília)
GET
/
-------------------------------------------------------------------------
Tue Aug 06 2024 14:35:31 GMT-0300 (Horário Padrão de Brasília)
POST
/valida/api
Usuário: 13326574860
-------------------------------------------------------------------------
Tue Aug 06 2024 14:35:31 GMT-0300 (Horário Padrão de Brasília)
-------------------------------------------------------------------------
Tue Aug 06 2024 14:35:31 GMT-0300 (Horário Padrão de Brasília)
Renato Ferreira >>>LOGOU
Conectado ao Banco de Dados CEJUSC.
-------------------------------------------------------------------------
Tue Aug 06 2024 14:35:31 GMT-0300 (Horário Padrão de Brasília)
Banco de Dados CEJUSC fechado.
-------------------------------------------------------------------------
Tue Aug 06 2024 14:35:31 GMT-0300 (Horário Padrão de Brasília)
GET
/principal/13326574860.grpztndwrvpeaydf.presenca
POST
-------------------------------------------------------------------------
Tue Aug 06 2024 14:35:48 GMT-0300 (Horário Padrão de Brasília)
/presenca/processo
Conectado ao Banco de Dados CEJUSC.
-------------------------------------------------------------------------
Tue Aug 06 2024 14:35:48 GMT-0300 (Horário Padrão de Brasília)
-------------------------------------------------------------------------
Tue Aug 06 2024 14:35:48 GMT-0300 (Horário Padrão de Brasília)
Uma linha FOI encontrada. Processo: 1020438-20.2023
Banco de Dados CEJUSC fechado.
-------------------------------------------------------------------------
Tue Aug 06 2024 14:35:48 GMT-0300 (Horário Padrão de Brasília)
/presenca/processo
-------------------------------------------------------------------------
Tue Aug 06 2024 14:56:04 GMT-0300 (Horário Padrão de Brasília)
POST
-------------------------------------------------------------------------
Tue Aug 06 2024 14:56:04 GMT-0300 (Horário Padrão de Brasília)
Conectado ao Banco de Dados CEJUSC.
Uma linha FOI encontrada. Processo: 1020438-20.2023
-------------------------------------------------------------------------
Tue Aug 06 2024 14:56:04 GMT-0300 (Horário Padrão de Brasília)
Banco de Dados CEJUSC fechado.
-------------------------------------------------------------------------
Tue Aug 06 2024 14:56:04 GMT-0300 (Horário Padrão de Brasília)
GET
-------------------------------------------------------------------------
Tue Aug 06 2024 14:58:24 GMT-0300 (Horário Padrão de Brasília)
/principal/13326574860.grpztndwrvpeaydf.conciliador
-------------------------------------------------------------------------
Tue Aug 06 2024 14:58:25 GMT-0300 (Horário Padrão de Brasília)
/principal/13326574860.grpztndwrvpeaydf.presenca
GET
/presenca/processo
-------------------------------------------------------------------------
Tue Aug 06 2024 14:58:32 GMT-0300 (Horário Padrão de Brasília)
POST
-------------------------------------------------------------------------
Tue Aug 06 2024 14:58:32 GMT-0300 (Horário Padrão de Brasília)
Conectado ao Banco de Dados CEJUSC.
-------------------------------------------------------------------------
Tue Aug 06 2024 14:58:32 GMT-0300 (Horário Padrão de Brasília)
Uma linha FOI encontrada. Processo: 1020438-20.2023
-------------------------------------------------------------------------
Tue Aug 06 2024 14:58:32 GMT-0300 (Horário Padrão de Brasília)
Banco de Dados CEJUSC fechado.
-------------------------------------------------------------------------
Tue Aug 06 2024 15:00:15 GMT-0300 (Horário Padrão de Brasília)
GET
/principal/13326574860.grpztndwrvpeaydf.completas
-------------------------------------------------------------------------
Tue Aug 06 2024 15:00:16 GMT-0300 (Horário Padrão de Brasília)
GET
/principal/13326574860.grpztndwrvpeaydf.presenca
-------------------------------------------------------------------------
Tue Aug 06 2024 15:00:21 GMT-0300 (Horário Padrão de Brasília)
POST
/presenca/processo
Conectado ao Banco de Dados CEJUSC.
-------------------------------------------------------------------------
Tue Aug 06 2024 15:00:21 GMT-0300 (Horário Padrão de Brasília)
-------------------------------------------------------------------------
Tue Aug 06 2024 15:00:21 GMT-0300 (Horário Padrão de Brasília)
Uma linha FOI encontrada. Processo: 1020438-20.2023
-------------------------------------------------------------------------
Tue Aug 06 2024 15:00:21 GMT-0300 (Horário Padrão de Brasília)
Banco de Dados CEJUSC fechado.
-------------------------------------------------------------------------
Tue Aug 06 2024 15:15:40 GMT-0300 (Horário Padrão de Brasília)
Usuário 13326574860 DESLOGOU >>>
GET
/logout/13326574860
-------------------------------------------------------------------------
Tue Aug 06 2024 15:15:40 GMT-0300 (Horário Padrão de Brasília)
GET
/
-------------------------------------------------------------------------
Tue Aug 06 2024 15:15:45 GMT-0300 (Horário Padrão de Brasília)
POST
/valida/api
Usuário: 13326574860
-------------------------------------------------------------------------
Tue Aug 06 2024 15:15:45 GMT-0300 (Horário Padrão de Brasília)
Conectado ao Banco de Dados CEJUSC.
-------------------------------------------------------------------------
Tue Aug 06 2024 15:15:45 GMT-0300 (Horário Padrão de Brasília)
Renato Ferreira >>>LOGOU
-------------------------------------------------------------------------
Tue Aug 06 2024 15:15:45 GMT-0300 (Horário Padrão de Brasília)
Banco de Dados CEJUSC fechado.
-------------------------------------------------------------------------
Tue Aug 06 2024 15:15:45 GMT-0300 (Horário Padrão de Brasília)
GET
/principal/13326574860.uvxfmosrudyesyrf.presenca
-------------------------------------------------------------------------
Tue Aug 06 2024 15:15:50 GMT-0300 (Horário Padrão de Brasília)
POST
/presenca/processo
-------------------------------------------------------------------------
Tue Aug 06 2024 15:15:50 GMT-0300 (Horário Padrão de Brasília)
Conectado ao Banco de Dados CEJUSC.
-------------------------------------------------------------------------
Tue Aug 06 2024 15:15:50 GMT-0300 (Horário Padrão de Brasília)
Uma linha FOI encontrada. Processo: 1020438-20.2023
-------------------------------------------------------------------------
Tue Aug 06 2024 15:15:50 GMT-0300 (Horário Padrão de Brasília)
Banco de Dados CEJUSC fechado.
POST
-------------------------------------------------------------------------
Tue Aug 06 2024 15:16:00 GMT-0300 (Horário Padrão de Brasília)
/presenca/processo
Conectado ao Banco de Dados CEJUSC.
-------------------------------------------------------------------------
Tue Aug 06 2024 15:16:00 GMT-0300 (Horário Padrão de Brasília)
-------------------------------------------------------------------------
Tue Aug 06 2024 15:16:00 GMT-0300 (Horário Padrão de Brasília)
Uma linha FOI encontrada. Processo: 1020438-20.2023
-------------------------------------------------------------------------
Tue Aug 06 2024 15:16:00 GMT-0300 (Horário Padrão de Brasília)
Banco de Dados CEJUSC fechado.
-------------------------------------------------------------------------
Tue Aug 06 2024 15:18:16 GMT-0300 (Horário Padrão de Brasília)
GET
/principal/13326574860.uvxfmosrudyesyrf.completas
-------------------------------------------------------------------------
Tue Aug 06 2024 15:18:16 GMT-0300 (Horário Padrão de Brasília)
/principal/13326574860.uvxfmosrudyesyrf.presenca
GET
POST
/presenca/processo
-------------------------------------------------------------------------
Tue Aug 06 2024 15:18:20 GMT-0300 (Horário Padrão de Brasília)
Conectado ao Banco de Dados CEJUSC.
-------------------------------------------------------------------------
Tue Aug 06 2024 15:18:20 GMT-0300 (Horário Padrão de Brasília)
-------------------------------------------------------------------------
Tue Aug 06 2024 15:18:20 GMT-0300 (Horário Padrão de Brasília)
Uma linha FOI encontrada. Processo: 1020438-20.2023
Banco de Dados CEJUSC fechado.
-------------------------------------------------------------------------
Tue Aug 06 2024 15:18:20 GMT-0300 (Horário Padrão de Brasília)
GET
-------------------------------------------------------------------------
Tue Aug 06 2024 15:19:12 GMT-0300 (Horário Padrão de Brasília)
/principal/13326574860.uvxfmosrudyesyrf.completas
-------------------------------------------------------------------------
Tue Aug 06 2024 15:19:13 GMT-0300 (Horário Padrão de Brasília)
GET
/principal/13326574860.uvxfmosrudyesyrf.presenca
-------------------------------------------------------------------------
Tue Aug 06 2024 15:19:17 GMT-0300 (Horário Padrão de Brasília)
/presenca/processo
POST
Conectado ao Banco de Dados CEJUSC.
-------------------------------------------------------------------------
Tue Aug 06 2024 15:19:17 GMT-0300 (Horário Padrão de Brasília)
Uma linha FOI encontrada. Processo: 1020438-20.2023
-------------------------------------------------------------------------
Tue Aug 06 2024 15:19:17 GMT-0300 (Horário Padrão de Brasília)
Banco de Dados CEJUSC fechado.
-------------------------------------------------------------------------
Tue Aug 06 2024 15:19:17 GMT-0300 (Horário Padrão de Brasília)
-------------------------------------------------------------------------
Tue Aug 06 2024 15:20:33 GMT-0300 (Horário Padrão de Brasília)
GET
/principal/13326574860.uvxfmosrudyesyrf.completas
-------------------------------------------------------------------------
Tue Aug 06 2024 15:20:34 GMT-0300 (Horário Padrão de Brasília)
GET
/principal/13326574860.uvxfmosrudyesyrf.presenca
-------------------------------------------------------------------------
Tue Aug 06 2024 15:20:38 GMT-0300 (Horário Padrão de Brasília)
/presenca/processo
POST
-------------------------------------------------------------------------
Tue Aug 06 2024 15:20:38 GMT-0300 (Horário Padrão de Brasília)
Conectado ao Banco de Dados CEJUSC.
Uma linha FOI encontrada. Processo: 1020438-20.2023
-------------------------------------------------------------------------
Tue Aug 06 2024 15:20:38 GMT-0300 (Horário Padrão de Brasília)
-------------------------------------------------------------------------
Tue Aug 06 2024 15:20:38 GMT-0300 (Horário Padrão de Brasília)
Banco de Dados CEJUSC fechado.
-------------------------------------------------------------------------
Tue Aug 06 2024 15:21:35 GMT-0300 (Horário Padrão de Brasília)
GET
/principal/13326574860.uvxfmosrudyesyrf.completas
GET
-------------------------------------------------------------------------
Tue Aug 06 2024 15:21:36 GMT-0300 (Horário Padrão de Brasília)
/principal/13326574860.uvxfmosrudyesyrf.presenca
/presenca/processo
-------------------------------------------------------------------------
Tue Aug 06 2024 15:21:40 GMT-0300 (Horário Padrão de Brasília)
POST
-------------------------------------------------------------------------
Tue Aug 06 2024 15:21:40 GMT-0300 (Horário Padrão de Brasília)
Conectado ao Banco de Dados CEJUSC.
-------------------------------------------------------------------------
Tue Aug 06 2024 15:21:40 GMT-0300 (Horário Padrão de Brasília)
Uma linha FOI encontrada. Processo: 1020438-20.2023
Banco de Dados CEJUSC fechado.
-------------------------------------------------------------------------
Tue Aug 06 2024 15:21:40 GMT-0300 (Horário Padrão de Brasília)
GET
-------------------------------------------------------------------------
Tue Aug 06 2024 15:24:04 GMT-0300 (Horário Padrão de Brasília)
/principal/13326574860.uvxfmosrudyesyrf.conciliador
-------------------------------------------------------------------------
Tue Aug 06 2024 15:24:05 GMT-0300 (Horário Padrão de Brasília)
GET
/principal/13326574860.uvxfmosrudyesyrf.presenca
/presenca/processo
-------------------------------------------------------------------------
Tue Aug 06 2024 15:24:09 GMT-0300 (Horário Padrão de Brasília)
POST
-------------------------------------------------------------------------
Tue Aug 06 2024 15:24:09 GMT-0300 (Horário Padrão de Brasília)
Conectado ao Banco de Dados CEJUSC.
-------------------------------------------------------------------------
Tue Aug 06 2024 15:24:09 GMT-0300 (Horário Padrão de Brasília)
Uma linha FOI encontrada. Processo: 1020438-20.2023
-------------------------------------------------------------------------
Tue Aug 06 2024 15:24:09 GMT-0300 (Horário Padrão de Brasília)
Banco de Dados CEJUSC fechado.
-------------------------------------------------------------------------
Tue Aug 06 2024 15:24:36 GMT-0300 (Horário Padrão de Brasília)
GET
/principal/13326574860.uvxfmosrudyesyrf.conciliador
-------------------------------------------------------------------------
Tue Aug 06 2024 15:24:37 GMT-0300 (Horário Padrão de Brasília)
GET
/principal/13326574860.uvxfmosrudyesyrf.presenca
/presenca/processo
POST
-------------------------------------------------------------------------
Tue Aug 06 2024 15:24:41 GMT-0300 (Horário Padrão de Brasília)
-------------------------------------------------------------------------
Tue Aug 06 2024 15:24:41 GMT-0300 (Horário Padrão de Brasília)
Conectado ao Banco de Dados CEJUSC.
-------------------------------------------------------------------------
Tue Aug 06 2024 15:24:41 GMT-0300 (Horário Padrão de Brasília)
Uma linha FOI encontrada. Processo: 1020438-20.2023
-------------------------------------------------------------------------
Tue Aug 06 2024 15:24:41 GMT-0300 (Horário Padrão de Brasília)
Banco de Dados CEJUSC fechado.
-------------------------------------------------------------------------
Tue Aug 06 2024 15:25:13 GMT-0300 (Horário Padrão de Brasília)
GET
/principal/13326574860.uvxfmosrudyesyrf.completas
-------------------------------------------------------------------------
Tue Aug 06 2024 15:25:14 GMT-0300 (Horário Padrão de Brasília)
GET
/principal/13326574860.uvxfmosrudyesyrf.presenca
-------------------------------------------------------------------------
Tue Aug 06 2024 15:25:18 GMT-0300 (Horário Padrão de Brasília)
/presenca/processo
POST
-------------------------------------------------------------------------
Tue Aug 06 2024 15:25:18 GMT-0300 (Horário Padrão de Brasília)
Conectado ao Banco de Dados CEJUSC.
-------------------------------------------------------------------------
Tue Aug 06 2024 15:25:18 GMT-0300 (Horário Padrão de Brasília)
Uma linha FOI encontrada. Processo: 1020438-20.2023
-------------------------------------------------------------------------
Tue Aug 06 2024 15:25:18 GMT-0300 (Horário Padrão de Brasília)
Banco de Dados CEJUSC fechado.
-------------------------------------------------------------------------
Tue Aug 06 2024 15:26:46 GMT-0300 (Horário Padrão de Brasília)
GET
/principal/13326574860.uvxfmosrudyesyrf.conciliador
-------------------------------------------------------------------------
Tue Aug 06 2024 15:26:47 GMT-0300 (Horário Padrão de Brasília)
/principal/13326574860.uvxfmosrudyesyrf.presenca
GET
-------------------------------------------------------------------------
Tue Aug 06 2024 15:26:51 GMT-0300 (Horário Padrão de Brasília)
POST
/presenca/processo
Conectado ao Banco de Dados CEJUSC.
-------------------------------------------------------------------------
Tue Aug 06 2024 15:26:51 GMT-0300 (Horário Padrão de Brasília)
-------------------------------------------------------------------------
Tue Aug 06 2024 15:26:51 GMT-0300 (Horário Padrão de Brasília)
Uma linha FOI encontrada. Processo: 1020438-20.2023
-------------------------------------------------------------------------
Tue Aug 06 2024 15:26:51 GMT-0300 (Horário Padrão de Brasília)
Banco de Dados CEJUSC fechado.
-------------------------------------------------------------------------
Tue Aug 06 2024 15:28:01 GMT-0300 (Horário Padrão de Brasília)
GET
/principal/13326574860.uvxfmosrudyesyrf.conciliador
-------------------------------------------------------------------------
Tue Aug 06 2024 15:28:01 GMT-0300 (Horário Padrão de Brasília)
GET
/principal/13326574860.uvxfmosrudyesyrf.presenca
-------------------------------------------------------------------------
Tue Aug 06 2024 15:28:05 GMT-0300 (Horário Padrão de Brasília)
POST
/presenca/processo
Conectado ao Banco de Dados CEJUSC.
-------------------------------------------------------------------------
Tue Aug 06 2024 15:28:05 GMT-0300 (Horário Padrão de Brasília)
-------------------------------------------------------------------------
Tue Aug 06 2024 15:28:05 GMT-0300 (Horário Padrão de Brasília)
Uma linha FOI encontrada. Processo: 1020438-20.2023
-------------------------------------------------------------------------
Tue Aug 06 2024 15:28:05 GMT-0300 (Horário Padrão de Brasília)
Banco de Dados CEJUSC fechado.
-------------------------------------------------------------------------
Tue Aug 06 2024 15:33:09 GMT-0300 (Horário Padrão de Brasília)
GET
/principal/13326574860.uvxfmosrudyesyrf.completas
-------------------------------------------------------------------------
Tue Aug 06 2024 15:33:10 GMT-0300 (Horário Padrão de Brasília)
GET
/principal/13326574860.uvxfmosrudyesyrf.presenca
-------------------------------------------------------------------------
Tue Aug 06 2024 15:33:14 GMT-0300 (Horário Padrão de Brasília)
/presenca/processo
POST
-------------------------------------------------------------------------
Tue Aug 06 2024 15:33:14 GMT-0300 (Horário Padrão de Brasília)
Conectado ao Banco de Dados CEJUSC.
-------------------------------------------------------------------------
Tue Aug 06 2024 15:33:14 GMT-0300 (Horário Padrão de Brasília)
Uma linha FOI encontrada. Processo: 1020438-20.2023
-------------------------------------------------------------------------
Tue Aug 06 2024 15:33:14 GMT-0300 (Horário Padrão de Brasília)
Banco de Dados CEJUSC fechado.
-------------------------------------------------------------------------
Tue Aug 06 2024 15:33:59 GMT-0300 (Horário Padrão de Brasília)
/principal/13326574860.uvxfmosrudyesyrf.completas
GET
GET
-------------------------------------------------------------------------
Tue Aug 06 2024 15:34:00 GMT-0300 (Horário Padrão de Brasília)
/principal/13326574860.uvxfmosrudyesyrf.presenca
-------------------------------------------------------------------------
Tue Aug 06 2024 15:34:04 GMT-0300 (Horário Padrão de Brasília)
/presenca/processo
POST
-------------------------------------------------------------------------
Tue Aug 06 2024 15:34:04 GMT-0300 (Horário Padrão de Brasília)
Conectado ao Banco de Dados CEJUSC.
Uma linha FOI encontrada. Processo: 1020438-20.2023
-------------------------------------------------------------------------
Tue Aug 06 2024 15:34:04 GMT-0300 (Horário Padrão de Brasília)
Banco de Dados CEJUSC fechado.
-------------------------------------------------------------------------
Tue Aug 06 2024 15:34:04 GMT-0300 (Horário Padrão de Brasília)
GET
-------------------------------------------------------------------------
Tue Aug 06 2024 15:37:09 GMT-0300 (Horário Padrão de Brasília)
/principal/13326574860.uvxfmosrudyesyrf.completas
-------------------------------------------------------------------------
Tue Aug 06 2024 15:37:09 GMT-0300 (Horário Padrão de Brasília)
GET
/principal/13326574860.uvxfmosrudyesyrf.presenca
-------------------------------------------------------------------------
Tue Aug 06 2024 15:37:13 GMT-0300 (Horário Padrão de Brasília)
/presenca/processo
POST
-------------------------------------------------------------------------
Tue Aug 06 2024 15:37:13 GMT-0300 (Horário Padrão de Brasília)
Conectado ao Banco de Dados CEJUSC.
-------------------------------------------------------------------------
Tue Aug 06 2024 15:37:13 GMT-0300 (Horário Padrão de Brasília)
Uma linha FOI encontrada. Processo: 1020438-20.2023
-------------------------------------------------------------------------
Tue Aug 06 2024 15:37:13 GMT-0300 (Horário Padrão de Brasília)
Banco de Dados CEJUSC fechado.
GET
-------------------------------------------------------------------------
Tue Aug 06 2024 15:41:33 GMT-0300 (Horário Padrão de Brasília)
/principal/13326574860.uvxfmosrudyesyrf.conciliador
-------------------------------------------------------------------------
Tue Aug 06 2024 15:41:33 GMT-0300 (Horário Padrão de Brasília)
GET
/principal/13326574860.uvxfmosrudyesyrf.presenca
-------------------------------------------------------------------------
Tue Aug 06 2024 15:41:37 GMT-0300 (Horário Padrão de Brasília)
/presenca/processo
POST
-------------------------------------------------------------------------
Tue Aug 06 2024 15:41:37 GMT-0300 (Horário Padrão de Brasília)
Conectado ao Banco de Dados CEJUSC.
-------------------------------------------------------------------------
Tue Aug 06 2024 15:41:37 GMT-0300 (Horário Padrão de Brasília)
Uma linha FOI encontrada. Processo: 1020438-20.2023
-------------------------------------------------------------------------
Tue Aug 06 2024 15:41:37 GMT-0300 (Horário Padrão de Brasília)
Banco de Dados CEJUSC fechado.
-------------------------------------------------------------------------
Tue Aug 06 2024 15:43:27 GMT-0300 (Horário Padrão de Brasília)
GET
/principal/13326574860.uvxfmosrudyesyrf.completas
-------------------------------------------------------------------------
Tue Aug 06 2024 15:43:28 GMT-0300 (Horário Padrão de Brasília)
GET
/principal/13326574860.uvxfmosrudyesyrf.presenca
-------------------------------------------------------------------------
Tue Aug 06 2024 15:43:30 GMT-0300 (Horário Padrão de Brasília)
/logout/13326574860
Usuário 13326574860 DESLOGOU >>>
GET
/
-------------------------------------------------------------------------
Tue Aug 06 2024 15:43:30 GMT-0300 (Horário Padrão de Brasília)
GET
-------------------------------------------------------------------------
Tue Aug 06 2024 15:43:36 GMT-0300 (Horário Padrão de Brasília)
POST
Usuário: 13326574860
/valida/api
-------------------------------------------------------------------------
Tue Aug 06 2024 15:43:36 GMT-0300 (Horário Padrão de Brasília)
Conectado ao Banco de Dados CEJUSC.
-------------------------------------------------------------------------
Tue Aug 06 2024 15:43:36 GMT-0300 (Horário Padrão de Brasília)
Renato Ferreira >>>LOGOU
-------------------------------------------------------------------------
Tue Aug 06 2024 15:43:36 GMT-0300 (Horário Padrão de Brasília)
Banco de Dados CEJUSC fechado.
-------------------------------------------------------------------------
Tue Aug 06 2024 15:43:36 GMT-0300 (Horário Padrão de Brasília)
/principal/13326574860.tugjcwmrtrxfvfmb.presenca
GET
-------------------------------------------------------------------------
Tue Aug 06 2024 15:43:40 GMT-0300 (Horário Padrão de Brasília)
POST
/presenca/processo
Conectado ao Banco de Dados CEJUSC.
-------------------------------------------------------------------------
Tue Aug 06 2024 15:43:40 GMT-0300 (Horário Padrão de Brasília)
Uma linha FOI encontrada. Processo: 1020438-20.2023
-------------------------------------------------------------------------
Tue Aug 06 2024 15:43:40 GMT-0300 (Horário Padrão de Brasília)
-------------------------------------------------------------------------
Tue Aug 06 2024 15:43:40 GMT-0300 (Horário Padrão de Brasília)
Banco de Dados CEJUSC fechado.
-------------------------------------------------------------------------
Tue Aug 06 2024 15:44:49 GMT-0300 (Horário Padrão de Brasília)
GET
/principal/13326574860.tugjcwmrtrxfvfmb.conciliador
-------------------------------------------------------------------------
Tue Aug 06 2024 15:44:49 GMT-0300 (Horário Padrão de Brasília)
/principal/13326574860.tugjcwmrtrxfvfmb.presenca
GET
/presenca/processo
-------------------------------------------------------------------------
Tue Aug 06 2024 15:44:54 GMT-0300 (Horário Padrão de Brasília)
POST
Conectado ao Banco de Dados CEJUSC.
-------------------------------------------------------------------------
Tue Aug 06 2024 15:44:54 GMT-0300 (Horário Padrão de Brasília)
-------------------------------------------------------------------------
Tue Aug 06 2024 15:44:54 GMT-0300 (Horário Padrão de Brasília)
Uma linha FOI encontrada. Processo: 1020438-20.2023
Banco de Dados CEJUSC fechado.
-------------------------------------------------------------------------
Tue Aug 06 2024 15:44:54 GMT-0300 (Horário Padrão de Brasília)
-------------------------------------------------------------------------
Tue Aug 06 2024 15:50:13 GMT-0300 (Horário Padrão de Brasília)
GET
/principal/13326574860.tugjcwmrtrxfvfmb.conciliador
-------------------------------------------------------------------------
Tue Aug 06 2024 15:50:13 GMT-0300 (Horário Padrão de Brasília)
GET
/principal/13326574860.tugjcwmrtrxfvfmb.presenca
/presenca/processo
-------------------------------------------------------------------------
Tue Aug 06 2024 15:50:17 GMT-0300 (Horário Padrão de Brasília)
POST
-------------------------------------------------------------------------
Tue Aug 06 2024 15:50:17 GMT-0300 (Horário Padrão de Brasília)
Conectado ao Banco de Dados CEJUSC.
-------------------------------------------------------------------------
Tue Aug 06 2024 15:50:17 GMT-0300 (Horário Padrão de Brasília)
Uma linha FOI encontrada. Processo: 1020438-20.2023
-------------------------------------------------------------------------
Tue Aug 06 2024 15:50:17 GMT-0300 (Horário Padrão de Brasília)
Banco de Dados CEJUSC fechado.
GET
/logout/13326574860
-------------------------------------------------------------------------
Tue Aug 06 2024 15:51:06 GMT-0300 (Horário Padrão de Brasília)
Usuário 13326574860 DESLOGOU >>>
-------------------------------------------------------------------------
Tue Aug 06 2024 15:51:06 GMT-0300 (Horário Padrão de Brasília)
GET
/
