-------------------------------------------------------------------------
Wed Aug 07 2024 14:19:22 GMT-0300 (Horário Padrão de Brasília)
Usuário: 13326574860
/valida/api
POST
-------------------------------------------------------------------------
Wed Aug 07 2024 14:19:22 GMT-0300 (Horário Padrão de Brasília)
Conectado ao Banco de Dados CEJUSC.
-------------------------------------------------------------------------
Wed Aug 07 2024 14:19:22 GMT-0300 (Horário Padrão de Brasília)
Renato Ferreira >>>LOGOU
-------------------------------------------------------------------------
Wed Aug 07 2024 14:19:22 GMT-0300 (Horário Padrão de Brasília)
Banco de Dados CEJUSC fechado.
GET
-------------------------------------------------------------------------
Wed Aug 07 2024 14:19:22 GMT-0300 (Horário Padrão de Brasília)
/principal/13326574860.ehzbsatalqotehax.presenca
-------------------------------------------------------------------------
Wed Aug 07 2024 14:19:27 GMT-0300 (Horário Padrão de Brasília)
POST
/presenca/processo
-------------------------------------------------------------------------
Wed Aug 07 2024 14:19:27 GMT-0300 (Horário Padrão de Brasília)
Conectado ao Banco de Dados CEJUSC.
-------------------------------------------------------------------------
Wed Aug 07 2024 14:19:27 GMT-0300 (Horário Padrão de Brasília)
Uma linha FOI encontrada. Processo: 1020438-20.2023
-------------------------------------------------------------------------
Wed Aug 07 2024 14:19:27 GMT-0300 (Horário Padrão de Brasília)
Banco de Dados CEJUSC fechado.
-------------------------------------------------------------------------
Wed Aug 07 2024 14:21:16 GMT-0300 (Horário Padrão de Brasília)
GET
/principal/13326574860.ehzbsatalqotehax.conciliador
-------------------------------------------------------------------------
Wed Aug 07 2024 14:21:16 GMT-0300 (Horário Padrão de Brasília)
GET
/principal/13326574860.ehzbsatalqotehax.presenca
-------------------------------------------------------------------------
Wed Aug 07 2024 14:21:20 GMT-0300 (Horário Padrão de Brasília)
POST
/presenca/processo
Conectado ao Banco de Dados CEJUSC.
-------------------------------------------------------------------------
Wed Aug 07 2024 14:21:20 GMT-0300 (Horário Padrão de Brasília)
-------------------------------------------------------------------------
Wed Aug 07 2024 14:21:20 GMT-0300 (Horário Padrão de Brasília)
Uma linha FOI encontrada. Processo: 1020438-20.2023
-------------------------------------------------------------------------
Wed Aug 07 2024 14:21:20 GMT-0300 (Horário Padrão de Brasília)
Banco de Dados CEJUSC fechado.
-------------------------------------------------------------------------
Wed Aug 07 2024 14:24:49 GMT-0300 (Horário Padrão de Brasília)
GET
/principal/13326574860.ehzbsatalqotehax.completas
-------------------------------------------------------------------------
Wed Aug 07 2024 14:24:50 GMT-0300 (Horário Padrão de Brasília)
GET
/principal/13326574860.ehzbsatalqotehax.presenca
-------------------------------------------------------------------------
Wed Aug 07 2024 14:24:54 GMT-0300 (Horário Padrão de Brasília)
/presenca/processo
POST
-------------------------------------------------------------------------
Wed Aug 07 2024 14:24:54 GMT-0300 (Horário Padrão de Brasília)
Conectado ao Banco de Dados CEJUSC.
-------------------------------------------------------------------------
Wed Aug 07 2024 14:24:54 GMT-0300 (Horário Padrão de Brasília)
Uma linha FOI encontrada. Processo: 1020438-20.2023
-------------------------------------------------------------------------
Wed Aug 07 2024 14:24:54 GMT-0300 (Horário Padrão de Brasília)
Banco de Dados CEJUSC fechado.
POST
/presenca/processo
-------------------------------------------------------------------------
Wed Aug 07 2024 14:42:01 GMT-0300 (Horário Padrão de Brasília)
-------------------------------------------------------------------------
Wed Aug 07 2024 14:42:01 GMT-0300 (Horário Padrão de Brasília)
Conectado ao Banco de Dados CEJUSC.
-------------------------------------------------------------------------
Wed Aug 07 2024 14:42:01 GMT-0300 (Horário Padrão de Brasília)
Uma linha FOI encontrada. Processo: 1020438-20.2023
Banco de Dados CEJUSC fechado.
-------------------------------------------------------------------------
Wed Aug 07 2024 14:42:01 GMT-0300 (Horário Padrão de Brasília)
-------------------------------------------------------------------------
Wed Aug 07 2024 15:39:43 GMT-0300 (Horário Padrão de Brasília)
GET
/logout/13326574860
Usuário 13326574860 DESLOGOU >>>
-------------------------------------------------------------------------
Wed Aug 07 2024 15:39:43 GMT-0300 (Horário Padrão de Brasília)
/
GET
-------------------------------------------------------------------------
Wed Aug 07 2024 15:39:48 GMT-0300 (Horário Padrão de Brasília)
/valida/api
Usuário: 13326574860
POST
-------------------------------------------------------------------------
Wed Aug 07 2024 15:39:48 GMT-0300 (Horário Padrão de Brasília)
Conectado ao Banco de Dados CEJUSC.
-------------------------------------------------------------------------
Wed Aug 07 2024 15:39:48 GMT-0300 (Horário Padrão de Brasília)
Renato Ferreira >>>LOGOU
-------------------------------------------------------------------------
Wed Aug 07 2024 15:39:48 GMT-0300 (Horário Padrão de Brasília)
Banco de Dados CEJUSC fechado.
-------------------------------------------------------------------------
Wed Aug 07 2024 15:39:48 GMT-0300 (Horário Padrão de Brasília)
GET
/principal/13326574860.logzskbqmdmmnwbr.presenca
-------------------------------------------------------------------------
Wed Aug 07 2024 15:39:53 GMT-0300 (Horário Padrão de Brasília)
POST
/presenca/processo
-------------------------------------------------------------------------
Wed Aug 07 2024 15:39:53 GMT-0300 (Horário Padrão de Brasília)
Conectado ao Banco de Dados CEJUSC.
-------------------------------------------------------------------------
Wed Aug 07 2024 15:39:53 GMT-0300 (Horário Padrão de Brasília)
Uma linha FOI encontrada. Processo: 1020438-20.2023
-------------------------------------------------------------------------
Wed Aug 07 2024 15:39:53 GMT-0300 (Horário Padrão de Brasília)
Banco de Dados CEJUSC fechado.
-------------------------------------------------------------------------
Wed Aug 07 2024 16:10:58 GMT-0300 (Horário Padrão de Brasília)
GET
/logout/13326574860
Usuário 13326574860 DESLOGOU >>>
-------------------------------------------------------------------------
Wed Aug 07 2024 16:10:58 GMT-0300 (Horário Padrão de Brasília)
GET
/
-------------------------------------------------------------------------
Wed Aug 07 2024 16:11:18 GMT-0300 (Horário Padrão de Brasília)
POST
/valida/api
Usuário: 13326574860
-------------------------------------------------------------------------
Wed Aug 07 2024 16:11:18 GMT-0300 (Horário Padrão de Brasília)
Conectado ao Banco de Dados CEJUSC.
-------------------------------------------------------------------------
Wed Aug 07 2024 16:11:18 GMT-0300 (Horário Padrão de Brasília)
Renato Ferreira >>>LOGOU
-------------------------------------------------------------------------
Wed Aug 07 2024 16:11:18 GMT-0300 (Horário Padrão de Brasília)
Banco de Dados CEJUSC fechado.
-------------------------------------------------------------------------
Wed Aug 07 2024 16:11:18 GMT-0300 (Horário Padrão de Brasília)
GET
/principal/13326574860.zwkyftvqnnxgwbke.presenca
-------------------------------------------------------------------------
Wed Aug 07 2024 16:11:50 GMT-0300 (Horário Padrão de Brasília)
POST
/presenca/processo
-------------------------------------------------------------------------
Wed Aug 07 2024 16:11:50 GMT-0300 (Horário Padrão de Brasília)
Conectado ao Banco de Dados CEJUSC.
-------------------------------------------------------------------------
Wed Aug 07 2024 16:11:50 GMT-0300 (Horário Padrão de Brasília)
Uma linha FOI encontrada. Processo: 1020438-20.2023
-------------------------------------------------------------------------
Wed Aug 07 2024 16:11:50 GMT-0300 (Horário Padrão de Brasília)
Banco de Dados CEJUSC fechado.
-------------------------------------------------------------------------
Wed Aug 07 2024 16:14:32 GMT-0300 (Horário Padrão de Brasília)
GET
/
-------------------------------------------------------------------------
Wed Aug 07 2024 16:14:39 GMT-0300 (Horário Padrão de Brasília)
POST
/valida/api
Usuário: 13326574860
-------------------------------------------------------------------------
Wed Aug 07 2024 16:14:39 GMT-0300 (Horário Padrão de Brasília)
Conectado ao Banco de Dados CEJUSC.
-------------------------------------------------------------------------
Wed Aug 07 2024 16:14:39 GMT-0300 (Horário Padrão de Brasília)
Renato Ferreira >>>LOGOU
-------------------------------------------------------------------------
Wed Aug 07 2024 16:14:39 GMT-0300 (Horário Padrão de Brasília)
Banco de Dados CEJUSC fechado.
/principal/13326574860.auuybrtzatcdlval.presenca
GET
-------------------------------------------------------------------------
Wed Aug 07 2024 16:14:39 GMT-0300 (Horário Padrão de Brasília)
-------------------------------------------------------------------------
Wed Aug 07 2024 16:14:49 GMT-0300 (Horário Padrão de Brasília)
POST
/presenca/processo
-------------------------------------------------------------------------
Wed Aug 07 2024 16:14:49 GMT-0300 (Horário Padrão de Brasília)
-------------------------------------------------------------------------
Wed Aug 07 2024 16:14:49 GMT-0300 (Horário Padrão de Brasília)
Uma linha NÃO foi encontrada. Processo: 0000000-00.0000
Conectado ao Banco de Dados CEJUSC.
-------------------------------------------------------------------------
Wed Aug 07 2024 16:14:49 GMT-0300 (Horário Padrão de Brasília)
Banco de Dados CEJUSC fechado.
-------------------------------------------------------------------------
Wed Aug 07 2024 16:14:56 GMT-0300 (Horário Padrão de Brasília)
POST
/presenca/processo
Conectado ao Banco de Dados CEJUSC.
-------------------------------------------------------------------------
Wed Aug 07 2024 16:14:56 GMT-0300 (Horário Padrão de Brasília)
-------------------------------------------------------------------------
Wed Aug 07 2024 16:14:56 GMT-0300 (Horário Padrão de Brasília)
Uma linha FOI encontrada. Processo: 1020438-20.2023
Banco de Dados CEJUSC fechado.
-------------------------------------------------------------------------
Wed Aug 07 2024 16:14:56 GMT-0300 (Horário Padrão de Brasília)
-------------------------------------------------------------------------
Wed Aug 07 2024 16:17:36 GMT-0300 (Horário Padrão de Brasília)
GET
/principal/13326574860.auuybrtzatcdlval.conciliador
-------------------------------------------------------------------------
Wed Aug 07 2024 16:17:37 GMT-0300 (Horário Padrão de Brasília)
/principal/13326574860.auuybrtzatcdlval.presenca
GET
POST
/presenca/processo
-------------------------------------------------------------------------
Wed Aug 07 2024 16:20:52 GMT-0300 (Horário Padrão de Brasília)
-------------------------------------------------------------------------
Wed Aug 07 2024 16:20:52 GMT-0300 (Horário Padrão de Brasília)
Conectado ao Banco de Dados CEJUSC.
Uma linha FOI encontrada. Processo: 0002949-21.2022
-------------------------------------------------------------------------
Wed Aug 07 2024 16:20:52 GMT-0300 (Horário Padrão de Brasília)
Banco de Dados CEJUSC fechado.
-------------------------------------------------------------------------
Wed Aug 07 2024 16:20:52 GMT-0300 (Horário Padrão de Brasília)
-------------------------------------------------------------------------
Wed Aug 07 2024 16:22:16 GMT-0300 (Horário Padrão de Brasília)
/logout/13326574860
GET
Usuário 13326574860 DESLOGOU >>>
-------------------------------------------------------------------------
Wed Aug 07 2024 16:22:16 GMT-0300 (Horário Padrão de Brasília)
GET
/
-------------------------------------------------------------------------
Wed Aug 07 2024 16:22:20 GMT-0300 (Horário Padrão de Brasília)
POST
Usuário: 13326574860
/valida/api
-------------------------------------------------------------------------
Wed Aug 07 2024 16:22:20 GMT-0300 (Horário Padrão de Brasília)
Conectado ao Banco de Dados CEJUSC.
-------------------------------------------------------------------------
Wed Aug 07 2024 16:22:20 GMT-0300 (Horário Padrão de Brasília)
Renato Ferreira >>>LOGOU
Banco de Dados CEJUSC fechado.
-------------------------------------------------------------------------
Wed Aug 07 2024 16:22:20 GMT-0300 (Horário Padrão de Brasília)
-------------------------------------------------------------------------
Wed Aug 07 2024 16:22:20 GMT-0300 (Horário Padrão de Brasília)
GET
/principal/13326574860.agzrgskfbgkzkopn.presenca
-------------------------------------------------------------------------
Wed Aug 07 2024 16:22:26 GMT-0300 (Horário Padrão de Brasília)
POST
/presenca/processo
-------------------------------------------------------------------------
Wed Aug 07 2024 16:22:26 GMT-0300 (Horário Padrão de Brasília)
Conectado ao Banco de Dados CEJUSC.
-------------------------------------------------------------------------
Wed Aug 07 2024 16:22:26 GMT-0300 (Horário Padrão de Brasília)
Uma linha FOI encontrada. Processo: 0002949-21.2022
-------------------------------------------------------------------------
Wed Aug 07 2024 16:22:26 GMT-0300 (Horário Padrão de Brasília)
Banco de Dados CEJUSC fechado.
-------------------------------------------------------------------------
Wed Aug 07 2024 16:22:37 GMT-0300 (Horário Padrão de Brasília)
/presenca/processo
POST
-------------------------------------------------------------------------
Wed Aug 07 2024 16:22:37 GMT-0300 (Horário Padrão de Brasília)
Conectado ao Banco de Dados CEJUSC.
-------------------------------------------------------------------------
Wed Aug 07 2024 16:22:37 GMT-0300 (Horário Padrão de Brasília)
Uma linha FOI encontrada. Processo: 0002949-21.2022
Banco de Dados CEJUSC fechado.
-------------------------------------------------------------------------
Wed Aug 07 2024 16:22:37 GMT-0300 (Horário Padrão de Brasília)
/presenca/processo
POST
-------------------------------------------------------------------------
Wed Aug 07 2024 16:23:03 GMT-0300 (Horário Padrão de Brasília)
-------------------------------------------------------------------------
Wed Aug 07 2024 16:23:03 GMT-0300 (Horário Padrão de Brasília)
Conectado ao Banco de Dados CEJUSC.
Uma linha FOI encontrada. Processo: 0002949-21.2022
-------------------------------------------------------------------------
Wed Aug 07 2024 16:23:03 GMT-0300 (Horário Padrão de Brasília)
-------------------------------------------------------------------------
Wed Aug 07 2024 16:23:03 GMT-0300 (Horário Padrão de Brasília)
Banco de Dados CEJUSC fechado.
GET
Usuário 13326574860 DESLOGOU >>>
-------------------------------------------------------------------------
Wed Aug 07 2024 16:35:48 GMT-0300 (Horário Padrão de Brasília)
/logout/13326574860
-------------------------------------------------------------------------
Wed Aug 07 2024 16:35:48 GMT-0300 (Horário Padrão de Brasília)
/
GET
-------------------------------------------------------------------------
Wed Aug 07 2024 16:35:55 GMT-0300 (Horário Padrão de Brasília)
/valida/api
POST
-------------------------------------------------------------------------
Wed Aug 07 2024 16:35:55 GMT-0300 (Horário Padrão de Brasília)
Conectado ao Banco de Dados CEJUSC.
Usuário: 13326574860
-------------------------------------------------------------------------
Wed Aug 07 2024 16:35:55 GMT-0300 (Horário Padrão de Brasília)
Renato Ferreira >>>LOGOU
-------------------------------------------------------------------------
Wed Aug 07 2024 16:35:55 GMT-0300 (Horário Padrão de Brasília)
Banco de Dados CEJUSC fechado.
-------------------------------------------------------------------------
Wed Aug 07 2024 16:35:55 GMT-0300 (Horário Padrão de Brasília)
GET
/principal/13326574860.unqfardkttxqrrtq.presenca
-------------------------------------------------------------------------
Wed Aug 07 2024 16:36:17 GMT-0300 (Horário Padrão de Brasília)
POST
/presenca/processo
-------------------------------------------------------------------------
Wed Aug 07 2024 16:36:17 GMT-0300 (Horário Padrão de Brasília)
Conectado ao Banco de Dados CEJUSC.
Uma linha FOI encontrada. Processo: 0002949-21.2022
-------------------------------------------------------------------------
Wed Aug 07 2024 16:36:17 GMT-0300 (Horário Padrão de Brasília)
-------------------------------------------------------------------------
Wed Aug 07 2024 16:36:17 GMT-0300 (Horário Padrão de Brasília)
Banco de Dados CEJUSC fechado.
-------------------------------------------------------------------------
Wed Aug 07 2024 16:36:30 GMT-0300 (Horário Padrão de Brasília)
GET
/principal/13326574860.unqfardkttxqrrtq.conciliador
-------------------------------------------------------------------------
Wed Aug 07 2024 16:36:31 GMT-0300 (Horário Padrão de Brasília)
GET
/principal/13326574860.unqfardkttxqrrtq.presenca
-------------------------------------------------------------------------
Wed Aug 07 2024 16:36:35 GMT-0300 (Horário Padrão de Brasília)
GET
/logout/13326574860
Usuário 13326574860 DESLOGOU >>>
-------------------------------------------------------------------------
Wed Aug 07 2024 16:36:36 GMT-0300 (Horário Padrão de Brasília)
GET
/
